Loading weights:   0%|          | 0/310 [00:00<?, ?it/s]Loading weights: 100%|██████████| 310/310 [00:00<00:00, 5744.10it/s]
Loading weights:   0%|          | 0/393 [00:00<?, ?it/s]Loading weights:   2%|▏         | 9/393 [00:00<00:27, 14.12it/s]Loading weights: 100%|██████████| 393/393 [00:00<00:00, 612.22it/s]
=== ambiguedad: 35 pares  OFF(una acepcion) / ON(declara ambiguedad) ===
  pares nuevos=5 [5/35]
  pares nuevos=10 [10/35]
  pares nuevos=15 [15/35]
  pares nuevos=20 [20/35]
[RESUME] 23 pares ya hechos
Loading weights:   0%|          | 0/310 [00:00<?, ?it/s]Loading weights: 100%|██████████| 310/310 [00:00<00:00, 5643.18it/s]
Loading weights:   0%|          | 0/393 [00:00<?, ?it/s]Loading weights:   2%|▏         | 9/393 [00:00<00:39,  9.62it/s]Loading weights: 100%|██████████| 393/393 [00:00<00:00, 418.05it/s]
Traceback (most recent call last):
  File "<frozen runpy>", line 198, in _run_module_as_main
  File "<frozen runpy>", line 88, in _run_code
  File "/home/alonso/Documentos/Github/energy-rag-postgres-rag/scripts/exp_ambiguedad.py", line 123, in <module>
    main()
  File "/home/alonso/Documentos/Github/energy-rag-postgres-rag/scripts/exp_ambiguedad.py", line 56, in main
    e = Qwen3Embedder(); r = get_reranker(); store = PostgresStore()
                             ^^^^^^^^^^^^^^
  File "/home/alonso/Documentos/Github/energy-rag-postgres-rag/src/components/reranker.py", line 126, in get_reranker
    return BGEReranker()
           ^^^^^^^^^^^^^
  File "/home/alonso/Documentos/Github/energy-rag-postgres-rag/src/components/reranker.py", line 68, in __init__
    self.m = CrossEncoder("BAAI/bge-reranker-v2-m3", device=dev, max_length=ml,
             ^^^^^^^^^^^^^^^^^^^^^^^^^^^^^^^^^^^^^^^^^^^^^^^^^^^^^^^^^^^^^^^^^^
  File "/home/alonso/Documentos/Github/energy-rag-postgres-rag/venv/lib/python3.12/site-packages/sentence_transformers/util/decorators.py", line 160, in wrapper
    return func(self, *args, **kwargs)
           ^^^^^^^^^^^^^^^^^^^^^^^^^^^
  File "/home/alonso/Documentos/Github/energy-rag-postgres-rag/venv/lib/python3.12/site-packages/sentence_transformers/cross_encoder/model.py", line 181, in __init__
    super().__init__(
  File "/home/alonso/Documentos/Github/energy-rag-postgres-rag/venv/lib/python3.12/site-packages/sentence_transformers/base/model.py", line 230, in __init__
    self.to(device)
  File "/home/alonso/Documentos/Github/energy-rag-postgres-rag/venv/lib/python3.12/site-packages/torch/nn/modules/module.py", line 1384, in to
    return self._apply(convert)
           ^^^^^^^^^^^^^^^^^^^^
  File "/home/alonso/Documentos/Github/energy-rag-postgres-rag/venv/lib/python3.12/site-packages/torch/nn/modules/module.py", line 934, in _apply
    module._apply(fn)
  File "/home/alonso/Documentos/Github/energy-rag-postgres-rag/venv/lib/python3.12/site-packages/torch/nn/modules/module.py", line 934, in _apply
    module._apply(fn)
  File "/home/alonso/Documentos/Github/energy-rag-postgres-rag/venv/lib/python3.12/site-packages/torch/nn/modules/module.py", line 934, in _apply
    module._apply(fn)
  [Previous line repeated 5 more times]
  File "/home/alonso/Documentos/Github/energy-rag-postgres-rag/venv/lib/python3.12/site-packages/torch/nn/modules/module.py", line 965, in _apply
    param_applied = fn(param)
                    ^^^^^^^^^
  File "/home/alonso/Documentos/Github/energy-rag-postgres-rag/venv/lib/python3.12/site-packages/torch/nn/modules/module.py", line 1370, in convert
    return t.to(
           ^^^^^
torch.OutOfMemoryError: CUDA out of memory. Tried to allocate 20.00 MiB. GPU 0 has a total capacity of 23.56 GiB of which 10.75 MiB is free. Process 702075 has 1.96 GiB memory in use. Process 702340 has 20.64 GiB memory in use. Including non-PyTorch memory, this process has 928.00 MiB memory in use. Of the allocated memory 666.60 MiB is allocated by PyTorch, and 5.40 MiB is reserved by PyTorch but unallocated. If reserved but unallocated memory is large try setting PYTORCH_CUDA_ALLOC_CONF=expandable_segments:True to avoid fragmentation.  See documentation for Memory Management  (https://docs.pytorch.org/docs/stable/notes/cuda.html#optimizing-memory-usage-with-pytorch-cuda-alloc-conf)
[RESUME] 23 pares ya hechos
Loading weights:   0%|          | 0/310 [00:00<?, ?it/s]Loading weights: 100%|██████████| 310/310 [00:00<00:00, 32933.16it/s]
Loading weights:   0%|          | 0/393 [00:00<?, ?it/s]Loading weights:  83%|████████▎ | 325/393 [00:00<00:00, 3213.19it/s]Loading weights: 100%|██████████| 393/393 [00:00<00:00, 3461.26it/s]
Traceback (most recent call last):
  File "<frozen runpy>", line 198, in _run_module_as_main
  File "<frozen runpy>", line 88, in _run_code
  File "/home/alonso/Documentos/Github/energy-rag-postgres-rag/scripts/exp_ambiguedad.py", line 123, in <module>
    main()
  File "/home/alonso/Documentos/Github/energy-rag-postgres-rag/scripts/exp_ambiguedad.py", line 56, in main
    e = Qwen3Embedder(); r = get_reranker(); store = PostgresStore()
                             ^^^^^^^^^^^^^^
  File "/home/alonso/Documentos/Github/energy-rag-postgres-rag/src/components/reranker.py", line 126, in get_reranker
    return BGEReranker()
           ^^^^^^^^^^^^^
  File "/home/alonso/Documentos/Github/energy-rag-postgres-rag/src/components/reranker.py", line 68, in __init__
    self.m = CrossEncoder("BAAI/bge-reranker-v2-m3", device=dev, max_length=ml,
             ^^^^^^^^^^^^^^^^^^^^^^^^^^^^^^^^^^^^^^^^^^^^^^^^^^^^^^^^^^^^^^^^^^
  File "/home/alonso/Documentos/Github/energy-rag-postgres-rag/venv/lib/python3.12/site-packages/sentence_transformers/util/decorators.py", line 160, in wrapper
    return func(self, *args, **kwargs)
           ^^^^^^^^^^^^^^^^^^^^^^^^^^^
  File "/home/alonso/Documentos/Github/energy-rag-postgres-rag/venv/lib/python3.12/site-packages/sentence_transformers/cross_encoder/model.py", line 181, in __init__
    super().__init__(
  File "/home/alonso/Documentos/Github/energy-rag-postgres-rag/venv/lib/python3.12/site-packages/sentence_transformers/base/model.py", line 230, in __init__
    self.to(device)
  File "/home/alonso/Documentos/Github/energy-rag-postgres-rag/venv/lib/python3.12/site-packages/torch/nn/modules/module.py", line 1384, in to
    return self._apply(convert)
           ^^^^^^^^^^^^^^^^^^^^
  File "/home/alonso/Documentos/Github/energy-rag-postgres-rag/venv/lib/python3.12/site-packages/torch/nn/modules/module.py", line 934, in _apply
    module._apply(fn)
  File "/home/alonso/Documentos/Github/energy-rag-postgres-rag/venv/lib/python3.12/site-packages/torch/nn/modules/module.py", line 934, in _apply
    module._apply(fn)
  File "/home/alonso/Documentos/Github/energy-rag-postgres-rag/venv/lib/python3.12/site-packages/torch/nn/modules/module.py", line 934, in _apply
    module._apply(fn)
  [Previous line repeated 5 more times]
  File "/home/alonso/Documentos/Github/energy-rag-postgres-rag/venv/lib/python3.12/site-packages/torch/nn/modules/module.py", line 965, in _apply
    param_applied = fn(param)
                    ^^^^^^^^^
  File "/home/alonso/Documentos/Github/energy-rag-postgres-rag/venv/lib/python3.12/site-packages/torch/nn/modules/module.py", line 1370, in convert
    return t.to(
           ^^^^^
torch.OutOfMemoryError: CUDA out of memory. Tried to allocate 20.00 MiB. GPU 0 has a total capacity of 23.56 GiB of which 10.75 MiB is free. Process 702075 has 1.96 GiB memory in use. Process 702340 has 20.64 GiB memory in use. Including non-PyTorch memory, this process has 928.00 MiB memory in use. Of the allocated memory 666.60 MiB is allocated by PyTorch, and 5.40 MiB is reserved by PyTorch but unallocated. If reserved but unallocated memory is large try setting PYTORCH_CUDA_ALLOC_CONF=expandable_segments:True to avoid fragmentation.  See documentation for Memory Management  (https://docs.pytorch.org/docs/stable/notes/cuda.html#optimizing-memory-usage-with-pytorch-cuda-alloc-conf)
[RESUME] 23 pares ya hechos
Loading weights:   0%|          | 0/310 [00:00<?, ?it/s]Loading weights: 100%|██████████| 310/310 [00:00<00:00, 33610.81it/s]
Loading weights:   0%|          | 0/393 [00:00<?, ?it/s]Loading weights:  90%|█████████ | 355/393 [00:00<00:00, 3549.28it/s]Loading weights: 100%|██████████| 393/393 [00:00<00:00, 3743.46it/s]
=== ambiguedad: 35 pares  OFF(una acepcion) / ON(declara ambiguedad) ===
  pares nuevos=5 [28/35]
  pares nuevos=10 [33/35]

=== ambiguedad — 35 pares ===
  DECLARA ambiguedad  OFF 18/35  ->  ON 28/35   [gano 11, perdio 1]  McNemar p=0.0063
  cita_ok (no romper) OFF 31/35  ->  ON 32/35
  cobertura normas  OFF   0.65  ->  ON   0.86
  normas citadas    OFF   1.69  ->  ON   2.29
  docs inyectados   OFF   0.00  ->  ON   2.51
  segundos          OFF  77.71  ->  ON  85.92
  GANO:   (5 normas) qué es superintendencia
  GANO:   (3 normas) qué entiende la ley por sistema eléctrico
  GANO:   (3 normas) dame la definición de sistema eléctrico nacional
  GANO:   (3 normas) qué es v.i.
  GANO:   (2 normas) cómo se define a.e.i.r.
  GANO:   (2 normas) cómo se define escenario energético
  GANO:   (2 normas) qué es panel de expertos o panel
  GANO:   (2 normas) dame la definición de planificación energética
  GANO:   (2 normas) qué es sistema de almacenamiento de energía
  GANO:   (2 normas) qué entiende la ley por sistema de transmisión zonal
  GANO:   (2 normas) dame la definición de usuarios e instituciones interes
  PERDIO: (2 normas) en qué consiste pmáxa
