candidatas a bajar: 25  (ya procesadas: 0)
[1/25] DECRETO 42 (77 citas) -> idNorma 89606
[2/25] LEY 19880 (29 citas) -> idNorma 210676
[3/25] LEY 19613 (26 citas) -> idNorma 137421
[4/25] LEY 21711 (25 citas) -> idNorma 1207908
[5/25] LEY 19300 (24 citas) -> idNorma 30667
[6/25] LEY 19882 (21 citas) -> idNorma 211480
[7/25] LEY 18045 (19 citas) -> idNorma 29472
[8/25] LEY 18287 (18 citas) -> idNorma 29705
[9/25] LEY 18290 (18 citas) -> idNorma 29708
[10/25] LEY 20936 (17 citas) -> idNorma 1092695
[11/25] LEY 18575 (14 citas) -> idNorma 29967
[12/25] LEY 21563 (13 citas) -> idNorma None
[13/25] DL 2763 (13 citas) -> idNorma 1220558
[14/25] LEY 21472 (12 citas) -> idNorma 1179524
[15/25] LEY 21185 (10 citas) -> idNorma 1124418
[16/25] LEY 18834 (10 citas) -> idNorma 30210
[17/25] LEY 20285 (10 citas) -> idNorma 276363
[18/25] DFL 164 (9 citas) -> idNorma 20493
[19/25] LEY 19553 (9 citas) -> idNorma 93381
[20/25] LEY 19496 (9 citas) -> idNorma 61438
[21/25] DFL 29 (8 citas) -> idNorma 19776
[22/25] DL 2224 (8 citas) -> idNorma 263269
[23/25] DECRETO 55 (8 citas) -> idNorma 1141730
[24/25] LEY 21667 (6 citas) -> idNorma 1203005
[25/25] DFL 850 (6 citas) -> idNorma 192346

=== resueltos 24 idNorma ===
  Accediendo a: https://www.bcn.cl/leychile/navegar?idNorma=89606
  [1/24] DECRETO-42: 958 chars -> 89606.json
  Accediendo a: https://www.bcn.cl/leychile/navegar?idNorma=210676
  [2/24] LEY-19880: 66737 chars -> 210676.json
  Accediendo a: https://www.bcn.cl/leychile/navegar?idNorma=137421
  [3/24] LEY-19613: 32841 chars -> 137421.json
  Accediendo a: https://www.bcn.cl/leychile/navegar?idNorma=1207908
  [4/24] LEY-21711: 16743 chars -> 1207908.json
  Accediendo a: https://www.bcn.cl/leychile/navegar?idNorma=30667
  AVISO: el texto trae placeholders 'Loading' (12013 chars) -- extraccion INCOMPLETA
  [5/24] LEY-19300: 12013 chars -> 30667.json
  Accediendo a: https://www.bcn.cl/leychile/navegar?idNorma=211480
  [6/24] LEY-19882: 164829 chars -> 211480.json
  Accediendo a: https://www.bcn.cl/leychile/navegar?idNorma=29472
  AVISO: el texto trae placeholders 'Loading' (10246 chars) -- extraccion INCOMPLETA
  [7/24] LEY-18045: 10246 chars -> 29472.json
  Accediendo a: https://www.bcn.cl/leychile/navegar?idNorma=29705
  AVISO: el texto trae placeholders 'Loading' (20084 chars) -- extraccion INCOMPLETA
  [8/24] LEY-18287: 20084 chars -> 29705.json
  Accediendo a: https://www.bcn.cl/leychile/navegar?idNorma=29708
  AVISO: el texto trae placeholders 'Loading' (16899 chars) -- extraccion INCOMPLETA
  [9/24] LEY-18290: 16899 chars -> 29708.json
  Accediendo a: https://www.bcn.cl/leychile/navegar?idNorma=1092695
  AVISO: el texto trae placeholders 'Loading' (197296 chars) -- extraccion INCOMPLETA
  [10/24] LEY-20936: 197296 chars -> 1092695.json
  Accediendo a: https://www.bcn.cl/leychile/navegar?idNorma=29967
  AVISO: el texto trae placeholders 'Loading' (4134 chars) -- extraccion INCOMPLETA
  [11/24] LEY-18575: 4134 chars -> 29967.json
  Accediendo a: https://www.bcn.cl/leychile/navegar?idNorma=1220558
  [12/24] DL-2763: 1812 chars -> 1220558.json
  Accediendo a: https://www.bcn.cl/leychile/navegar?idNorma=1179524
  [13/24] LEY-21472: 39256 chars -> 1179524.json
  Accediendo a: https://www.bcn.cl/leychile/navegar?idNorma=1124418
  [14/24] LEY-21185: 4095 chars -> 1124418.json
  Accediendo a: https://www.bcn.cl/leychile/navegar?idNorma=30210
  AVISO: el texto trae placeholders 'Loading' (9938 chars) -- extraccion INCOMPLETA
  [15/24] LEY-18834: 9938 chars -> 30210.json
  Accediendo a: https://www.bcn.cl/leychile/navegar?idNorma=276363
  AVISO: el texto trae placeholders 'Loading' (4931 chars) -- extraccion INCOMPLETA
  [16/24] LEY-20285: 4931 chars -> 276363.json
  Accediendo a: https://www.bcn.cl/leychile/navegar?idNorma=20493
  [17/24] DFL-164: 542 chars -> 20493.json
  Accediendo a: https://www.bcn.cl/leychile/navegar?idNorma=93381
  [18/24] LEY-19553: 29863 chars -> 93381.json
  Accediendo a: https://www.bcn.cl/leychile/navegar?idNorma=61438
  AVISO: el texto trae placeholders 'Loading' (14325 chars) -- extraccion INCOMPLETA
  [19/24] LEY-19496: 14325 chars -> 61438.json
  Accediendo a: https://www.bcn.cl/leychile/navegar?idNorma=19776
  [20/24] DFL-29: 950 chars -> 19776.json
  Accediendo a: https://www.bcn.cl/leychile/navegar?idNorma=263269
  [21/24] DL-2224: 669 chars -> 263269.json
  Accediendo a: https://www.bcn.cl/leychile/navegar?idNorma=1141730
  [22/24] DECRETO-55: 752 chars -> 1141730.json
  Accediendo a: https://www.bcn.cl/leychile/navegar?idNorma=1203005
  AVISO: el texto trae placeholders 'Loading' (30585 chars) -- extraccion INCOMPLETA
  [23/24] LEY-21667: 30585 chars -> 1203005.json
  Accediendo a: https://www.bcn.cl/leychile/navegar?idNorma=192346
  [24/24] DFL-850: 1135 chars -> 192346.json

=== descargadas 24 normas a data/normas_completas/nuevas/ ===
Siguiente: ingesta + embeddings + marcado de dominio
