catalogo: 122 normas (17 ajenas al dominio electrico)
citas resueltas a normas del corpus : 2144
ambiguas (>1 candidata)             : 3
citadas y NO en el corpus           : 1557  (450 normas distintas)
puntaje de dominio del contexto: calculado
   ...de esas, citadas DESDE el dominio electrico: 387 normas
escritas 2144 filas remite en `referencias`
escrito docs/frontera-candidatas.md
catalogo: 124 normas (17 ajenas al dominio electrico)
citas resueltas a normas del corpus : 2259
   ...con el ARTICULO tocado resuelto : 24
     remite         2000
     aplica         164
     modifica       92
     deroga         2
     complementa    1
ambiguas (>1 candidata)             : 3
citadas y NO en el corpus           : 1791  (483 normas distintas)
puntaje de dominio del contexto: calculado
   ...de esas, citadas DESDE el dominio electrico: 421 normas
escritas 2259 filas remite en `referencias`
escrito docs/frontera-candidatas.md
