articulos revisados            : 3902
NORMAS derogadas por completo  : 0
ARTICULOS derogados (por otra norma) : 1
ARTICULOS cuyo CUERPO es la marca     : 20
   DECRETO 88 art 20          '- Derogado'
   DECRETO 88 art 21          '- Derogado.'
   DECRETO 88 art 22          '- Derogado'
   DECRETO 88 art 23          '- Derogado.'
   DECRETO 88 art 25          '- Derogado.'
   DECRETO 88 art 26          '- Derogado.'
   DECRETO 327 art 236        '- DEROGADO.'
   DECRETO 327 art 237        '- DEROGADO.'
derogaciones PARCIALES (no se marcan): 0
objetos que NO estan en el corpus    : 7  (7 distintos)
     1  LEY 18989
     1  DECRETO 181
     1  DECRETO 71
     1  DECRETO 244
     1  LEY 21306
     1  LEY 18287 art 26

MARCADAS 0 normas y 21 articulos como derogados
