obligaciones                       : 4630
  con proceso del articulado       : 3042  (65 %)
  en normas SIN estructura         : 1372
  articulo no ubicado en el texto  : 186
  en normas que TRANSCRIBEN articulado: 29  (2 normas) -- no se asigna, ver comentario
  procesos distintos               : 234

--- procesos con más obligaciones ---
   179  MODIFICACIONES A OTROS CUERPOS LEGALES
   108  DE LA PROGRAMACIÓN DE MANTENIMIENTOS Y SOLICITUDES DE TRABAJOS
    57  De la Licitación para la Creación, Implementación, Mantención y Administ
    56  DE LA PROGRAMACIÓN DE LA OPERACIÓN DEL SISTEMA ELÉCTRICO NACIONAL
    51  Disposiciones generales
    49  Designación, constitución, funcionamiento, obligaciones y atribuciones d
    48  Del Ambiente Privado
    46  MECANISMO TRANSITORIO DE PROTECCIÓN AL CLIENTE
    46  CONSIDERACIONES GENERALES
    40  Sobre la clasificación de los PMGD como de impacto no significativo y lo
    37  De las Juntas de Acreedores en los Procedimientos Concursales de Liquida
    35  DEL MERCADO DE CORTO PLAZO
    35  Apertura, evaluación y adjudicación de obras
    35  De la tramitación electrónica de los procedimientos judiciales
    34  Del Procedimiento para el uso de la capacidad técnica de transmisión dis
  limpiadas 3042 asignaciones previas

ESCRITAS 3042 filas de `obligacion.proceso`
