Traceback (most recent call last):
  File "/home/alonso/Documentos/Github/energy-rag-postgres-rag/venv/lib/python3.12/site-packages/transformers/utils/hub.py", line 422, in cached_files
    hf_hub_download(
  File "/home/alonso/Documentos/Github/energy-rag-postgres-rag/venv/lib/python3.12/site-packages/huggingface_hub/utils/_validators.py", line 88, in _inner_fn
    return fn(*args, **kwargs)
           ^^^^^^^^^^^^^^^^^^^
  File "/home/alonso/Documentos/Github/energy-rag-postgres-rag/venv/lib/python3.12/site-packages/huggingface_hub/file_download.py", line 997, in hf_hub_download
    return _hf_hub_download_to_cache_dir(
           ^^^^^^^^^^^^^^^^^^^^^^^^^^^^^^
  File "/home/alonso/Documentos/Github/energy-rag-postgres-rag/venv/lib/python3.12/site-packages/huggingface_hub/file_download.py", line 1148, in _hf_hub_download_to_cache_dir
    _raise_on_head_call_error(head_call_error, force_download, local_files_only)
  File "/home/alonso/Documentos/Github/energy-rag-postgres-rag/venv/lib/python3.12/site-packages/huggingface_hub/file_download.py", line 1773, in _raise_on_head_call_error
    raise LocalEntryNotFoundError(
huggingface_hub.errors.LocalEntryNotFoundError: Cannot find the requested files in the disk cache and outgoing traffic has been disabled. To enable hf.co look-ups and downloads online, set 'local_files_only' to False.

The above exception was the direct cause of the following exception:

Traceback (most recent call last):
  File "<frozen runpy>", line 198, in _run_module_as_main
  File "<frozen runpy>", line 88, in _run_code
  File "/home/alonso/Documentos/Github/energy-rag-postgres-rag/scripts/actualizar_norma.py", line 182, in <module>
    main(a.id_norma, a.aplicar, a.permitir_encoger)
  File "/home/alonso/Documentos/Github/energy-rag-postgres-rag/scripts/actualizar_norma.py", line 106, in main
    emb, chunker = Qwen3Embedder(), HierarchicalChunker()
                   ^^^^^^^^^^^^^^^
  File "/home/alonso/Documentos/Github/energy-rag-postgres-rag/src/components/embedder.py", line 40, in __init__
    self.model = SentenceTransformer(
                 ^^^^^^^^^^^^^^^^^^^^
  File "/home/alonso/Documentos/Github/energy-rag-postgres-rag/venv/lib/python3.12/site-packages/sentence_transformers/util/decorators.py", line 41, in wrapper
    return func(*args, **kwargs)
           ^^^^^^^^^^^^^^^^^^^^^
  File "/home/alonso/Documentos/Github/energy-rag-postgres-rag/venv/lib/python3.12/site-packages/sentence_transformers/sentence_transformer/model.py", line 183, in __init__
    super().__init__(
  File "/home/alonso/Documentos/Github/energy-rag-postgres-rag/venv/lib/python3.12/site-packages/sentence_transformers/base/model.py", line 198, in __init__
    modules, self.module_kwargs = self._load_modules(
                                  ^^^^^^^^^^^^^^^^^^^
  File "/home/alonso/Documentos/Github/energy-rag-postgres-rag/venv/lib/python3.12/site-packages/sentence_transformers/base/model.py", line 963, in _load_modules
    return self._load_default_modules(model_name_or_path, **load_kwargs)
           ^^^^^^^^^^^^^^^^^^^^^^^^^^^^^^^^^^^^^^^^^^^^^^^^^^^^^^^^^^^^^
  File "/home/alonso/Documentos/Github/energy-rag-postgres-rag/venv/lib/python3.12/site-packages/sentence_transformers/sentence_transformer/model.py", line 1056, in _load_default_modules
    transformer_model = Transformer(
                        ^^^^^^^^^^^^
  File "/home/alonso/Documentos/Github/energy-rag-postgres-rag/venv/lib/python3.12/site-packages/sentence_transformers/util/decorators.py", line 87, in wrapper
    return func(*args, **kwargs)
           ^^^^^^^^^^^^^^^^^^^^^
  File "/home/alonso/Documentos/Github/energy-rag-postgres-rag/venv/lib/python3.12/site-packages/sentence_transformers/base/modules/transformer.py", line 628, in __init__
    config, is_peft_model = self._load_config(model_name_or_path, backend, config_kwargs)
                            ^^^^^^^^^^^^^^^^^^^^^^^^^^^^^^^^^^^^^^^^^^^^^^^^^^^^^^^^^^^^^
  File "/home/alonso/Documentos/Github/energy-rag-postgres-rag/venv/lib/python3.12/site-packages/sentence_transformers/base/modules/transformer.py", line 1378, in _load_config
    return AutoConfig.from_pretrained(model_name_or_path, **config_kwargs), False
           ^^^^^^^^^^^^^^^^^^^^^^^^^^^^^^^^^^^^^^^^^^^^^^^^^^^^^^^^^^^^^^^
  File "/home/alonso/Documentos/Github/energy-rag-postgres-rag/venv/lib/python3.12/site-packages/transformers/models/auto/configuration_auto.py", line 374, in from_pretrained
    config_dict, unused_kwargs = PreTrainedConfig.get_config_dict(pretrained_model_name_or_path, **kwargs)
                                 ^^^^^^^^^^^^^^^^^^^^^^^^^^^^^^^^^^^^^^^^^^^^^^^^^^^^^^^^^^^^^^^^^^^^^^^^^
  File "/home/alonso/Documentos/Github/energy-rag-postgres-rag/venv/lib/python3.12/site-packages/transformers/configuration_utils.py", line 673, in get_config_dict
    config_dict, kwargs = cls._get_config_dict(pretrained_model_name_or_path, **kwargs)
                          ^^^^^^^^^^^^^^^^^^^^^^^^^^^^^^^^^^^^^^^^^^^^^^^^^^^^^^^^^^^^^
  File "/home/alonso/Documentos/Github/energy-rag-postgres-rag/venv/lib/python3.12/site-packages/transformers/configuration_utils.py", line 728, in _get_config_dict
    resolved_config_file = cached_file(
                           ^^^^^^^^^^^^
  File "/home/alonso/Documentos/Github/energy-rag-postgres-rag/venv/lib/python3.12/site-packages/transformers/utils/hub.py", line 278, in cached_file
    file = cached_files(path_or_repo_id=path_or_repo_id, filenames=[filename], **kwargs)
           ^^^^^^^^^^^^^^^^^^^^^^^^^^^^^^^^^^^^^^^^^^^^^^^^^^^^^^^^^^^^^^^^^^^^^^^^^^^^^
  File "/home/alonso/Documentos/Github/energy-rag-postgres-rag/venv/lib/python3.12/site-packages/transformers/utils/hub.py", line 498, in cached_files
    raise OSError(
OSError: We couldn't connect to 'https://huggingface.co' to load the files, and couldn't find them in the cached files.
Check your internet connection or see how to run the library in offline mode at 'https://huggingface.co/docs/transformers/installation#offline-mode'.
DECRETO-327 (124102)
  texto guardado :   278526
  texto nuevo    :   278526
  articulos      : 340 -> 370
DECRETO-327 (124102)
  texto guardado :   278526
  texto nuevo    :   278526
  articulos      : 340 -> 370
Loading weights:   0%|          | 0/310 [00:00<?, ?it/s]Loading weights: 100%|██████████| 310/310 [00:00<00:00, 34865.37it/s]
  borrados: 354 fragmentos · 385 obligaciones · 0 definiciones · 43 referencias
  dominio re-evaluado: 0.591 -> dentro

ACTUALIZADA DECRETO-327: 370 articulos ingestados
  ⚠️ hay que volver a correr: duplicados · derogaciones · proceso · obligaciones · citas
DECRETO-327 (124102)
  texto guardado :   278526
  texto nuevo    :   278526
  articulos      : 370 -> 370
Loading weights:   0%|          | 0/310 [00:00<?, ?it/s]Loading weights: 100%|██████████| 310/310 [00:00<00:00, 31946.79it/s]
  borrados: 387 fragmentos · 0 obligaciones · 0 definiciones · 0 referencias
  dominio re-evaluado: 0.591 -> dentro

ACTUALIZADA DECRETO-327: 370 articulos ingestados
  ⚠️ hay que volver a correr: duplicados · derogaciones · proceso · obligaciones · citas
