
=== 294 procesos — 4079/4996 obligaciones ubicadas ===
  el nombre lo escribió el legislador en el encabezado del articulado

   179  ( 21 con plazo, 1 norma/s)  TÍTULO IX — MODIFICACIONES A OTROS CUERPOS LEGALES
   155  ( 43 con plazo, 1 norma/s)  CAPITULO II — De los precios máximos en el sistema eléctrico nac
   123  ( 28 con plazo, 1 norma/s)  CAPÍTULO II — De la Planificación Energética y de la Transmisión
    76  ( 12 con plazo, 1 norma/s)  TITULO IV — De la Explotación de los Servicios Eléctricos y del 
    65  (  3 con plazo, 1 norma/s)  CAPÍTULO 8 — DE LA OPERACIÓN EN TIEMPO REAL DEL SISTEMA ELÉCTRIC
    57  (  5 con plazo, 1 norma/s)  TÍTULO VI — De la Licitación para la Creación, Implementación, M
    56  (  3 con plazo, 1 norma/s)  CAPÍTULO 1 — DE LA PROGRAMACIÓN DE LA OPERACIÓN DEL SISTEMA ELÉC
    55  ( 33 con plazo, 1 norma/s)  CAPITULO II — De las concesiones de centrales hidráulicas produc
    49  (  8 con plazo, 1 norma/s)  CAPÍTULO 7 — Designación, constitución, funcionamiento, obligaci
    48  ( 11 con plazo, 1 norma/s)  PÁRRAFO 4 — Normas sobre Racionamiento.
    48  (  6 con plazo, 1 norma/s)  PÁRRAFO 5 — Del Ambiente Privado
    46  (  3 con plazo, 2 norma/s)  CAPÍTULO 1 — CONSIDERACIONES GENERALES
    46  ( 14 con plazo, 1 norma/s)  TÍTULO II — MECANISMO TRANSITORIO DE PROTECCIÓN AL CLIENTE
    45  ( 15 con plazo, 1 norma/s)  PÁRRAFO 5 — Ventas a Clientes Finales de Potencia
    41  (  6 con plazo, 1 norma/s)  CAPITULO I — Generalidades
    40  ( 19 con plazo, 1 norma/s)  CAPITULO 3 — CONCESIONES DEFINITIVAS
    40  ( 30 con plazo, 1 norma/s)  PÁRRAFO 2 — Sobre la clasificación de los PMGD como de impacto n
    37  (  6 con plazo, 1 norma/s)  PÁRRAFO 7 — De las Juntas de Acreedores en los Procedimientos Co
    35  (  7 con plazo, 1 norma/s)  PÁRRAFO III — Apertura, evaluación y adjudicación de obras
    35  (  3 con plazo, 1 norma/s)  TÍTULO I — De la tramitación electrónica de los procedimientos j
    35  (  3 con plazo, 1 norma/s)  CAPÍTULO 2 — DEL MERCADO DE CORTO PLAZO
    34  ( 12 con plazo, 1 norma/s)  PÁRRAFO II — Del Procedimiento para el uso de la capacidad técni
    33  (  3 con plazo, 1 norma/s)  PÁRRAFO 2 — Registros de profesionales y entidades técnicas
    33  (  5 con plazo, 1 norma/s)  CAPITULO V — De las Servidumbres
    32  (  5 con plazo, 1 norma/s)  PÁRRAFO I — Disposiciones generales

  917 sin proceso conocido — sin títulos en la norma, o artículo no ubicado
