Loading weights:   0%|          | 0/310 [00:00<?, ?it/s]Loading weights: 100%|██████████| 310/310 [00:00<00:00, 31561.38it/s]
The Transformer `cache_dir` argument is deprecated. Please pass `cache_dir` via `model_kwargs`, `processor_kwargs`, and/or `config_kwargs` instead.
Loading weights:   0%|          | 0/393 [00:00<?, ?it/s]Loading weights: 100%|██████████| 393/393 [00:00<00:00, 27884.45it/s]
=== 12 preguntas, 9 tipos ===

[1/12] rule-recall        OK           188s  30 citas
          qué es el Coordinador Independiente del Sistema Eléctrico Nacional
[2/12] rule-recall        OK           184s  19 citas
          qué se entiende por sistema de transmisión zonal
[3/12] rule-application   NO CIERRA    161s  devolvio el razonamiento crudo, sin respuesta final
          qué debe hacer una empresa generadora para conectarse al sistema de transm
[4/12] temporal-plazo     NO CIERRA    158s  devolvio el razonamiento crudo, sin respuesta final
          en qué plazo debe la Comisión emitir el informe técnico definitivo de valo
[5/12] comparison-multi   NO CIERRA    151s  devolvio el razonamiento crudo, sin respuesta final
          cada cuánto debe el Coordinador publicar el balance de transferencias econ
[6/12] comparison-multi   NO CIERRA    200s  devolvio el razonamiento crudo, sin respuesta final
          qué diferencia hay entre el sistema de transmisión nacional y el zonal
[7/12] aggregation        NO CIERRA    177s  devolvio el razonamiento crudo, sin respuesta final
          qué obligaciones tiene el Coordinador respecto de los servicios complement
[8/12] bridge-multihop    OK           148s  3 citas
          quién fiscaliza al organismo que coordina la operación del sistema eléctri
[9/12] temporal-vigencia  OK           145s  3 citas
          sigue vigente el decreto supremo 244 sobre medios de generación no convenc
[10/12] null-rechazo       RECHAZA       66s  dice que no esta en el corpus
          cuál es la capital de Australia
[11/12] null-rechazo       RECHAZA       24s  dice que no esta en el corpus
          qué dice la normativa sobre el cultivo de paltas en Petorca
[12/12] interpretation     NO CIERRA    163s  devolvio el razonamiento crudo, sin respuesta final
          puede una empresa distribuidora negarse a dar acceso abierto a su red

=== por TIPO ===
  aggregation          0/1 usable   ['NO CIERRA']
  bridge-multihop      1/1 usable   ['OK']
  comparison-multi     0/2 usable   ['NO CIERRA', 'NO CIERRA']
  interpretation       0/1 usable   ['NO CIERRA']
  null-rechazo         2/2 usable   ['RECHAZA', 'RECHAZA']
  rule-application     0/1 usable   ['NO CIERRA']
  rule-recall          2/2 usable   ['OK', 'OK']
  temporal-plazo       0/1 usable   ['NO CIERRA']
  temporal-vigencia    1/1 usable   ['OK']
