artículos candidatos: 1626
  [1/1626] DECRETO 10 art 6: 1/1 válidas
        La Comisión → determinar cuatrienalmente el conjunto de instalacio · plazo: cuatrienalmente
  [2/1626] DECRETO 10 art 7: 2/2 válidas
        La Comisión → determinar
        Las líneas y subestaciones eléctri → sujetarse
  [3/1626] DECRETO 10 art 8: 4/4 válidas
        La Comisión → incorporar
        La Comisión → incorporar
  [4/1626] DECRETO 10 art 9: 2/2 válidas
        la Comisión → incorporará · plazo: dentro de los primeros cin
        la Comisión → incorporar · plazo: dentro del mismo plazo
  [5/1626] DECRETO 10 art 11: 1/1 válidas
        la Comisión → agrupar una o más áreas territoriales para conformar · plazo: por tres periodos tarifari
  [6/1626] DECRETO 10 art 12: 1/1 válidas
        la Comisión → definir
  [7/1626] DECRETO 10 art 13: 1/1 válidas
        el Coordinador → remitir · plazo: veintisiete meses antes de
  [8/1626] DECRETO 10 art 14: 1/1 válidas
        la Comisión → emitir y comunicar · plazo: noventa días corridos
  [9/1626] DECRETO 10 art 16: 2/3 válidas
        los Participantes y los Usuarios e → presentar sus discrepancias al Panel de Expertos · plazo: diez días
        la Comisión → aprobar el Informe de Calificación definitivo con la · plazo: quince días
  [11/1626] DECRETO 10 art 18: 6/6 válidas
        El Coordinador → entregar
        la Comisión → considerar
  [12/1626] DECRETO 10 art 21: 3/3 válidas
        La Comisión → realizará una revisión y estudio
        La Comisión → identificar
  [13/1626] DECRETO 10 art 22: 1/1 válidas
        La Comisión → calificar
  [17/1626] DECRETO 10 art 32: 3/5 válidas
        La Comisión → compararlo
        El caso base → definirse
  [19/1626] DECRETO 10 art 34: 4/4 válidas
        La Comisión → calificará los Tramos de Transporte
        La Comisión → detallar
  [20/1626] DECRETO 10 art 35: 1/1 válidas
        La Comisión → realizar el señalado ejercicio de prescindencia
  [21/1626] DECRETO 10 art 36: 4/4 válidas
        la Comisión → identificará
        la Comisión → determinará
  [22/1626] DECRETO 10 art 38: 1/1 válidas
        La Comisión → aplicar
  [23/1626] DECRETO 10 art 40: 1/1 válidas
        La Comisión → calificar como pertenecientes al Sistema de Transmis
  [24/1626] DECRETO 10 art 41: 1/1 válidas
        La Comisión → efectuar un análisis
  [25/1626] DECRETO 10 art 42: 1/1 válidas
        La Comisión → considerar e identificar
  [28/1626] DECRETO 10 art 47: 4/4 válidas
        la Comisión → utilizar
        la Comisión → determinar
  [29/1626] DECRETO 10 art 49: 5/5 válidas
        El C.O.M.A. → se determinará
        A partir del C.O.M.A. total de la  → se determinarán las asignaciones asociadas a cada Tr
  [30/1626] DECRETO 10 art 52: 9/9 válidas
        La Comisión → valorizar
        La Comisión → remunerar
  [31/1626] DECRETO 10 art 53: 5/5 válidas
        El V.A.T.T. → se aplicará · plazo: veinte años
        estas instalaciones → deberán ser valorizadas · plazo: transcurridos los cuales
  [32/1626] DECRETO 10 art 54: 1/1 válidas
        Los Estudios de Valorización → calcular el V.A.T.T. · plazo: dentro del siguiente perio
  [33/1626] DECRETO 10 art 58: 1/1 válidas
        La Comisión → comunicará · plazo: seis meses antes del envío
  [34/1626] DECRETO 10 art 59: 1/1 válidas
        los Participantes y los Usuarios e → realizar observaciones · plazo: veinte días
  [35/1626] DECRETO 10 art 60: 4/4 válidas
        los Participantes y los Usuarios e → presentar sus discrepancias · plazo: diez días contados desde l
        El Panel → resolver las discrepancias · plazo: veinte días contados desde
  [36/1626] DECRETO 10 art 61: 5/5 válidas
        La Comisión → establecerá las categorías de elementos de transmisi
        La Comisión → establecer un conjunto de vidas útiles estándares y 
  [37/1626] DECRETO 10 art 62: 1/1 válidas
        La Comisión → calcular · plazo: cada cuatro años
  [39/1626] DECRETO 10 art 66: 1/1 válidas
        La información nacional o internac → deberá permitir
  [40/1626] DECRETO 10 art 67: 1/1 válidas
        la Comisión → licitar un estudio · plazo: Antes de cinco meses del p
  [41/1626] DECRETO 10 art 68: 5/5 válidas
        La valorización de las instalacion → deberá incluir en su V.I. el valor correspondiente a
        Para las instalaciones de transmis → el valor referido en el inciso anterior corresponder
  [42/1626] DECRETO 10 art 69: 1/1 válidas
        los Coordinados → presentar · plazo: treinta días contado desde
  [43/1626] DECRETO 10 art 76: 1/1 válidas
        El Coordinador → calcular el V.A.T.T.
  [44/1626] DECRETO 10 art 77: 4/4 válidas
        El Coordinador → asignar
        La Comisión → deducir
  [45/1626] DECRETO 10 art 78: 1/1 válidas
        el Coordinador → utilizar · plazo: A contar del informe del C
  [46/1626] DECRETO 10 art 79: 1/1 válidas
        las diferencias encontradas en las → ajustarse
  [47/1626] DECRETO 10 art 81: 1/1 válidas
        La Comisión → dar inicio al o los Estudios de Valorización · plazo: veinticuatro meses antes d
  [48/1626] DECRETO 10 art 82: 3/3 válidas
        Las Bases técnicas preliminares → deberán contener
        Las Bases técnicas preliminares → deberán indicar
  [51/1626] DECRETO 10 art 85: 1/1 válidas
        Los proponentes → presentar garantías de seriedad de la Propuesta
  [52/1626] DECRETO 10 art 86: 1/1 válidas
        Las Bases → establecerán
  [53/1626] DECRETO 10 art 87: 1/1 válidas
        Las garantías entregadas por los p → deberán ser emitidas
  [54/1626] DECRETO 10 art 88: 3/3 válidas
        los Participantes y los Usuarios e → presentar sus observaciones · plazo: quince días
        la Comisión → comunicar las Bases definitivas · plazo: quince días
  [55/1626] DECRETO 10 art 89: 2/2 válidas
        El Panel → emitir su dictamen · plazo: treinta días contados desd
        La Comisión → formalizar las Bases definitivas · plazo: quince días
  [56/1626] DECRETO 10 art 91: 1/1 válidas
        El consultor → dar respuesta
  [57/1626] DECRETO 10 art 95: 8/10 válidas
        La designación del representante d → se realizará directamente por el Ministro de Energía
        La designación de los demás integr → se realizará de común acuerdo por los miembros de su
  [58/1626] DECRETO 10 art 96: 1/1 válidas
        Comisión → publicarse
  [59/1626] DECRETO 10 art 97: 1/1 válidas
        Los representantes que formen part → dejar de pertenecer, por cualquier circunstancia, a 
  [60/1626] DECRETO 10 art 98: 1/1 válidas
        se → proceder
  [61/1626] DECRETO 10 art 100: 1/1 válidas
        El Comité → designar un secretario de actas
  [62/1626] DECRETO 10 art 101: 5/6 válidas
        La primera sesión del Comité → deberá realizarse · plazo: dentro de los veinte días 
        El Comité → deberá establecer
  [63/1626] DECRETO 10 art 104: 15/15 válidas
        Comité → adjudicar
        Comité → supervisar
  [64/1626] DECRETO 10 art 105: 2/2 válidas
        El Comité → adjudicar el o los Estudios de Valorización · plazo: veinte días contados desde
        La Comisión → formalizar la adjudicación del o los Estudios de Val · plazo: tres días siguientes a la 
  [65/1626] DECRETO 10 art 106: 1/1 válidas
        El proponente que resulte adjudica → suscribirá
  [66/1626] DECRETO 10 art 107: 1/1 válidas
        El contrato → se deberá suscribir · plazo: veinte días
  [67/1626] DECRETO 10 art 109: 1/1 válidas
        El o los Estudios de Valorización → deberán realizarse · plazo: ocho meses
  [68/1626] DECRETO 10 art 110: 3/3 válidas
        Las empresas de los Sistemas de Tr → concurrir al pago del o los Estudios de Valorización
        El Coordinador → determinar e informar las proporciones · plazo: quince días
  [69/1626] DECRETO 10 art 111: 1/1 válidas
        la Comisión → fijar el monto definitivo a pagar por las empresas · plazo: Dentro de los diez días si
  [70/1626] DECRETO 10 art 112: 3/3 válidas
        Las empresas de los Sistemas de Tr → depositar · plazo: diez días contado desde la
        La Comisión → informar · plazo: con anterioridad a la fech
  [71/1626] DECRETO 10 art 114: 1/1 válidas
        Los resultados del o los Estudios  → especificar y distinguir
  [72/1626] DECRETO 10 art 115: 5/5 válidas
        La Comisión → convocará a los Participantes y a los Usuarios e Ins · plazo: cinco días
        La Comisión → señalará el lugar, hora y fecha en la que ésta se re
  [73/1626] DECRETO 10 art 118: 1/1 válidas
        la Comisión → publicará · plazo: Dentro de los tres días si
  [74/1626] DECRETO 10 art 119: 1/1 válidas
        la Comisión → elaborar un Informe Técnico de Valorización prelimin · plazo: tres meses
  [75/1626] DECRETO 10 art 123: 2/2 válidas
        la Comisión → remitir · plazo: dentro de los tres días si
        la Comisión → remitir · plazo: veinte días desde la comun
  [76/1626] DECRETO 10 art 126: 1/1 válidas
        las diferencias → deberán ser abonadas o cargadas · plazo: con ocasión del cálculo se
  [77/1626] DECRETO 10 art 128: 1/1 válidas
        Los abonos o cargos → deberán ser incorporados
  [78/1626] DECRETO 10 art 129: 1/1 válidas
        Coordinador → establecer los pagos
  [79/1626] DECRETO 10 art 130: 1/1 válidas
        La Comisión → resguardar que no se conformen dobles pagos
  [80/1626] DECRETO 10 art 132: 1/1 válidas
        La Comisión → enviar un informe técnico preliminar · plazo: treinta días
  [81/1626] DECRETO 10 art 135: 3/3 válidas
        Las Empresas Transmisoras de las i → percibir anualmente el V.A.T.T. correspondiente a ca · plazo: anualmente
        los propietarios de las instalacio → percibir de los clientes regulados la proporción cor
  [82/1626] DECRETO 10 art 136: 5/5 válidas
        El transporte por sistemas dedicad → se regirá por lo previsto en los respectivos contrat
        El pago por uso → se deberá calcular en base a un valor de transmisión
  [83/1626] DECRETO 10 art 142: 1/1 válidas
        deberá incluirse → incluirse
  [84/1626] DECRETO 10 art 143: 1/1 válidas
        La Comisión → calcular · plazo: a más tardar el 20 de juni
  [85/1626] DECRETO 10 art 144: 5/5 válidas
        la Comisión → emitir una versión preliminar del informe técnico de · plazo: a más tardar el 20 de mayo
        la Comisión → publicar el informe
  [86/1626] DECRETO 10 art 145: 2/2 válidas
        Los cargos únicos por uso → serán recaudados
        Las boletas o facturas a usuarios  → deberán agrupar los cobros por concepto de transmisi
  [87/1626] DECRETO 10 art 146: 2/2 válidas
        los suministradores → efectuar los cobros · plazo: Mensual o bimestralmente
        los suministradores → efectuar los cobros · plazo: mensualmente
  [88/1626] DECRETO 10 art 147: 2/2 válidas
        Los montos facturados por los resp → ser traspasados
        los suministradores → informar · plazo: el día 25 de cada mes
  [89/1626] DECRETO 10 art 148: 2/2 válidas
        el Coordinador → calculará los Ingresos Tarifarios Reales de cada Tra · plazo: Mensualmente
        el Coordinador → calcular un costo marginal en el límite fronterizo
  [90/1626] DECRETO 10 art 149: 1/1 válidas
        El Coordinador → enviar · plazo: a más tardar el día 25 de 
  [91/1626] DECRETO 10 art 150: 3/3 válidas
        El Coordinador → calcular las prorratas asignables a cada generador q
        El Coordinador → referir las capacidades instaladas de generación a l
  [93/1626] DECRETO 10 art 155: 3/4 válidas
        Los ajustes a los cargos únicos → deberán considerar
        Las diferencias señaladas preceden → serán determinadas · plazo: con ocasión del envío de i
  [94/1626] DECRETO 10 art 156: 1/1 válidas
        El Coordinador → efectuar una reasignación
  [95/1626] DECRETO 10 art 158: 3/3 válidas
        El Coordinador → Identificar
        El Coordinador → Cuantificar y diferenciar
  [96/1626] DECRETO 10 art 159: 5/5 válidas
        El Coordinador → establecerá mensualmente los periodos en que se haya
        El Coordinador → calcular los niveles normales referenciales de ingre
  [97/1626] DECRETO 10 art 162: 1/1 válidas
        El monto total → deberá ser asignado
  [99/1626] DECRETO 10 art 164: 2/2 válidas
        Comisión → abonar o descontar · plazo: en el semestre siguiente
        Coordinador → realizar todos los cálculos necesarios para la repar
  [100/1626] DECRETO 10 art 165: 6/6 válidas
        El Coordinador → efectuar una revisión de los ingresos asignados a ca · plazo: dentro de los primeros cin
        El Coordinador → informar los resultados de la revisión · plazo: dentro de los primeros cin
  [101/1626] DECRETO 10 art segundo: 1/1 válidas
        La Comisión → considerar
  [102/1626] DECRETO 113 art 2º: 7/7 válidas
        La Superintendencia de Electricida → llevará un registro electrónico
        Las personas interesadas en formar → inscribirse mediante un formulario electrónico
  [103/1626] DECRETO 113 art 3º: 2/2 válidas
        La Superintendencia → revisará el cumplimiento
        la Superintendencia → deberá indicársele · plazo: cinco días
  [104/1626] DECRETO 113 art 7º: 3/3 válidas
        cualquiera de ellos → solicitar al Superintendente la designación de una o
        La solicitud para que se designe u → presentarse a la Superintendencia
  [105/1626] DECRETO 113 art 8º: 7/7 válidas
        Superintendente → designar por sorteo público
        Superintendencia → velar por la publicidad del procedimiento
  [106/1626] DECRETO 113 art 9º: 5/5 válidas
        la comisión tasadora → constituirse · plazo: en el plazo que al efecto 
        la comisión tasadora → designar a su presidente · plazo: dentro de los cinco días s
