artículos candidatos: 1632
  [1/1632] DECRETO 10 art 6: 1/1 válidas
        La Comisión → determinar cuatrienalmente el conjunto de instalacio · plazo: cuatrienalmente
  [2/1632] DECRETO 10 art 7: 2/2 válidas
        La Comisión → determinar
        Las líneas y subestaciones eléctri → sujetarse
  [3/1632] DECRETO 10 art 8: 4/4 válidas
        La Comisión → incorporar
        La Comisión → incorporar
  [4/1632] DECRETO 10 art 9: 2/2 válidas
        la Comisión → incorporará · plazo: dentro de los primeros cin
        la Comisión → incorporar · plazo: dentro del mismo plazo
  [5/1632] DECRETO 10 art 11: 1/1 válidas
        la Comisión → agrupar una o más áreas territoriales para conformar · plazo: por tres periodos tarifari
  [6/1632] DECRETO 10 art 12: 1/1 válidas
        la Comisión → definir
  [7/1632] DECRETO 10 art 13: 1/1 válidas
        el Coordinador → remitir · plazo: veintisiete meses antes de
  [8/1632] DECRETO 10 art 14: 1/1 válidas
        la Comisión → emitir y comunicar · plazo: noventa días corridos
  [9/1632] DECRETO 10 art 16: 2/3 válidas
        los Participantes y los Usuarios e → presentar sus discrepancias al Panel de Expertos · plazo: diez días
        la Comisión → aprobar el Informe de Calificación definitivo con la · plazo: quince días
  [11/1632] DECRETO 10 art 18: 6/6 válidas
        El Coordinador → entregar
        la Comisión → considerar
  [12/1632] DECRETO 10 art 21: 3/3 válidas
        La Comisión → realizará una revisión y estudio
        La Comisión → identificar
  [13/1632] DECRETO 10 art 22: 1/1 válidas
        La Comisión → calificar
  [17/1632] DECRETO 10 art 32: 3/5 válidas
        La Comisión → compararlo
        El caso base → definirse
  [19/1632] DECRETO 10 art 34: 4/4 válidas
        La Comisión → calificará los Tramos de Transporte
        La Comisión → detallar
  [20/1632] DECRETO 10 art 35: 1/1 válidas
        La Comisión → realizar el señalado ejercicio de prescindencia
  [21/1632] DECRETO 10 art 36: 4/4 válidas
        la Comisión → identificará
        la Comisión → determinará
  [22/1632] DECRETO 10 art 38: 1/1 válidas
        La Comisión → aplicar
  [23/1632] DECRETO 10 art 40: 1/1 válidas
        La Comisión → calificar como pertenecientes al Sistema de Transmis
  [24/1632] DECRETO 10 art 41: 1/1 válidas
        La Comisión → efectuar un análisis
  [25/1632] DECRETO 10 art 42: 1/1 válidas
        La Comisión → considerar e identificar
  [28/1632] DECRETO 10 art 47: 4/4 válidas
        la Comisión → utilizar
        la Comisión → determinar
  [29/1632] DECRETO 10 art 49: 5/5 válidas
        El C.O.M.A. → se determinará
        A partir del C.O.M.A. total de la  → se determinarán las asignaciones asociadas a cada Tr
  [30/1632] DECRETO 10 art 52: 9/9 válidas
        La Comisión → valorizar
        La Comisión → remunerar
  [31/1632] DECRETO 10 art 53: 5/5 válidas
        El V.A.T.T. → se aplicará · plazo: veinte años
        estas instalaciones → deberán ser valorizadas · plazo: transcurridos los cuales
  [32/1632] DECRETO 10 art 54: 1/1 válidas
        Los Estudios de Valorización → calcular el V.A.T.T. · plazo: dentro del siguiente perio
  [33/1632] DECRETO 10 art 58: 1/1 válidas
        La Comisión → comunicará · plazo: seis meses antes del envío
  [34/1632] DECRETO 10 art 59: 1/1 válidas
        los Participantes y los Usuarios e → realizar observaciones · plazo: veinte días
  [35/1632] DECRETO 10 art 60: 4/4 válidas
        los Participantes y los Usuarios e → presentar sus discrepancias · plazo: diez días contados desde l
        El Panel → resolver las discrepancias · plazo: veinte días contados desde
  [36/1632] DECRETO 10 art 61: 5/5 válidas
        La Comisión → establecerá las categorías de elementos de transmisi
        La Comisión → establecer un conjunto de vidas útiles estándares y 
  [37/1632] DECRETO 10 art 62: 1/1 válidas
        La Comisión → calcular · plazo: cada cuatro años
  [39/1632] DECRETO 10 art 66: 1/1 válidas
        La información nacional o internac → deberá permitir
  [40/1632] DECRETO 10 art 67: 1/1 válidas
        la Comisión → licitar un estudio · plazo: Antes de cinco meses del p
  [41/1632] DECRETO 10 art 68: 5/5 válidas
        La valorización de las instalacion → deberá incluir en su V.I. el valor correspondiente a
        Para las instalaciones de transmis → el valor referido en el inciso anterior corresponder
  [42/1632] DECRETO 10 art 69: 1/1 válidas
        los Coordinados → presentar · plazo: treinta días contado desde
  [43/1632] DECRETO 10 art 76: 1/1 válidas
        El Coordinador → calcular el V.A.T.T.
  [44/1632] DECRETO 10 art 77: 4/4 válidas
        El Coordinador → asignar
        La Comisión → deducir
  [45/1632] DECRETO 10 art 78: 1/1 válidas
        el Coordinador → utilizar · plazo: A contar del informe del C
  [46/1632] DECRETO 10 art 79: 1/1 válidas
        las diferencias encontradas en las → ajustarse
  [47/1632] DECRETO 10 art 81: 1/1 válidas
        La Comisión → dar inicio al o los Estudios de Valorización · plazo: veinticuatro meses antes d
  [48/1632] DECRETO 10 art 82: 3/3 válidas
        Las Bases técnicas preliminares → deberán contener
        Las Bases técnicas preliminares → deberán indicar
  [51/1632] DECRETO 10 art 85: 1/1 válidas
        Los proponentes → presentar garantías de seriedad de la Propuesta
  [52/1632] DECRETO 10 art 86: 1/1 válidas
        Las Bases → establecerán
  [53/1632] DECRETO 10 art 87: 1/1 válidas
        Las garantías entregadas por los p → deberán ser emitidas
  [54/1632] DECRETO 10 art 88: 3/3 válidas
        los Participantes y los Usuarios e → presentar sus observaciones · plazo: quince días
        la Comisión → comunicar las Bases definitivas · plazo: quince días
  [55/1632] DECRETO 10 art 89: 2/2 válidas
        El Panel → emitir su dictamen · plazo: treinta días contados desd
        La Comisión → formalizar las Bases definitivas · plazo: quince días
  [56/1632] DECRETO 10 art 91: 1/1 válidas
        El consultor → dar respuesta
  [57/1632] DECRETO 10 art 95: 8/10 válidas
        La designación del representante d → se realizará directamente por el Ministro de Energía
        La designación de los demás integr → se realizará de común acuerdo por los miembros de su
  [58/1632] DECRETO 10 art 96: 1/1 válidas
        Comisión → publicarse
  [59/1632] DECRETO 10 art 97: 1/1 válidas
        Los representantes que formen part → dejar de pertenecer, por cualquier circunstancia, a 
  [60/1632] DECRETO 10 art 98: 1/1 válidas
        se → proceder
  [61/1632] DECRETO 10 art 100: 1/1 válidas
        El Comité → designar un secretario de actas
  [62/1632] DECRETO 10 art 101: 5/6 válidas
        La primera sesión del Comité → deberá realizarse · plazo: dentro de los veinte días 
        El Comité → deberá establecer
  [63/1632] DECRETO 10 art 104: 15/15 válidas
        Comité → adjudicar
        Comité → supervisar
  [64/1632] DECRETO 10 art 105: 2/2 válidas
        El Comité → adjudicar el o los Estudios de Valorización · plazo: veinte días contados desde
        La Comisión → formalizar la adjudicación del o los Estudios de Val · plazo: tres días siguientes a la 
  [65/1632] DECRETO 10 art 106: 1/1 válidas
        El proponente que resulte adjudica → suscribirá
  [66/1632] DECRETO 10 art 107: 1/1 válidas
        El contrato → se deberá suscribir · plazo: veinte días
  [67/1632] DECRETO 10 art 109: 1/1 válidas
        El o los Estudios de Valorización → deberán realizarse · plazo: ocho meses
  [68/1632] DECRETO 10 art 110: 3/3 válidas
        Las empresas de los Sistemas de Tr → concurrir al pago del o los Estudios de Valorización
        El Coordinador → determinar e informar las proporciones · plazo: quince días
  [69/1632] DECRETO 10 art 111: 1/1 válidas
        la Comisión → fijar el monto definitivo a pagar por las empresas · plazo: Dentro de los diez días si
  [70/1632] DECRETO 10 art 112: 3/3 válidas
        Las empresas de los Sistemas de Tr → depositar · plazo: diez días contado desde la
        La Comisión → informar · plazo: con anterioridad a la fech
  [71/1632] DECRETO 10 art 114: 1/1 válidas
        Los resultados del o los Estudios  → especificar y distinguir
  [72/1632] DECRETO 10 art 115: 5/5 válidas
        La Comisión → convocará a los Participantes y a los Usuarios e Ins · plazo: cinco días
        La Comisión → señalará el lugar, hora y fecha en la que ésta se re
  [73/1632] DECRETO 10 art 118: 1/1 válidas
        la Comisión → publicará · plazo: Dentro de los tres días si
  [74/1632] DECRETO 10 art 119: 1/1 válidas
        la Comisión → elaborar un Informe Técnico de Valorización prelimin · plazo: tres meses
  [75/1632] DECRETO 10 art 123: 2/2 válidas
        la Comisión → remitir · plazo: dentro de los tres días si
        la Comisión → remitir · plazo: veinte días desde la comun
  [76/1632] DECRETO 10 art 126: 1/1 válidas
        las diferencias → deberán ser abonadas o cargadas · plazo: con ocasión del cálculo se
  [77/1632] DECRETO 10 art 128: 1/1 válidas
        Los abonos o cargos → deberán ser incorporados
  [78/1632] DECRETO 10 art 129: 1/1 válidas
        Coordinador → establecer los pagos
  [79/1632] DECRETO 10 art 130: 1/1 válidas
        La Comisión → resguardar que no se conformen dobles pagos
  [80/1632] DECRETO 10 art 132: 1/1 válidas
        La Comisión → enviar un informe técnico preliminar · plazo: treinta días
  [81/1632] DECRETO 10 art 135: 3/3 válidas
        Las Empresas Transmisoras de las i → percibir anualmente el V.A.T.T. correspondiente a ca · plazo: anualmente
        los propietarios de las instalacio → percibir de los clientes regulados la proporción cor
  [82/1632] DECRETO 10 art 136: 5/5 válidas
        El transporte por sistemas dedicad → se regirá por lo previsto en los respectivos contrat
        El pago por uso → se deberá calcular en base a un valor de transmisión
  [83/1632] DECRETO 10 art 142: 1/1 válidas
        deberá incluirse → incluirse
  [84/1632] DECRETO 10 art 143: 1/1 válidas
        La Comisión → calcular · plazo: a más tardar el 20 de juni
  [85/1632] DECRETO 10 art 144: 5/5 válidas
        la Comisión → emitir una versión preliminar del informe técnico de · plazo: a más tardar el 20 de mayo
        la Comisión → publicar el informe
  [86/1632] DECRETO 10 art 145: 2/2 válidas
        Los cargos únicos por uso → serán recaudados
        Las boletas o facturas a usuarios  → deberán agrupar los cobros por concepto de transmisi
  [87/1632] DECRETO 10 art 146: 2/2 válidas
        los suministradores → efectuar los cobros · plazo: Mensual o bimestralmente
        los suministradores → efectuar los cobros · plazo: mensualmente
  [88/1632] DECRETO 10 art 147: 2/2 válidas
        Los montos facturados por los resp → ser traspasados
        los suministradores → informar · plazo: el día 25 de cada mes
  [89/1632] DECRETO 10 art 148: 2/2 válidas
        el Coordinador → calculará los Ingresos Tarifarios Reales de cada Tra · plazo: Mensualmente
        el Coordinador → calcular un costo marginal en el límite fronterizo
  [90/1632] DECRETO 10 art 149: 1/1 válidas
        El Coordinador → enviar · plazo: a más tardar el día 25 de 
  [91/1632] DECRETO 10 art 150: 3/3 válidas
        El Coordinador → calcular las prorratas asignables a cada generador q
        El Coordinador → referir las capacidades instaladas de generación a l
  [93/1632] DECRETO 10 art 155: 3/4 válidas
        Los ajustes a los cargos únicos → deberán considerar
        Las diferencias señaladas preceden → serán determinadas · plazo: con ocasión del envío de i
  [94/1632] DECRETO 10 art 156: 1/1 válidas
        El Coordinador → efectuar una reasignación
  [95/1632] DECRETO 10 art 158: 3/3 válidas
        El Coordinador → Identificar
        El Coordinador → Cuantificar y diferenciar
  [96/1632] DECRETO 10 art 159: 5/5 válidas
        El Coordinador → establecerá mensualmente los periodos en que se haya
        El Coordinador → calcular los niveles normales referenciales de ingre
  [97/1632] DECRETO 10 art 162: 1/1 válidas
        El monto total → deberá ser asignado
  [99/1632] DECRETO 10 art 164: 2/2 válidas
        Comisión → abonar o descontar · plazo: en el semestre siguiente
        Coordinador → realizar todos los cálculos necesarios para la repar
  [100/1632] DECRETO 10 art 165: 6/6 válidas
        El Coordinador → efectuar una revisión de los ingresos asignados a ca · plazo: dentro de los primeros cin
        El Coordinador → informar los resultados de la revisión · plazo: dentro de los primeros cin
  [101/1632] DECRETO 10 art segundo: 1/1 válidas
        La Comisión → considerar
  [102/1632] DECRETO 113 art 2º: 7/7 válidas
        La Superintendencia de Electricida → llevará un registro electrónico
        Las personas interesadas en formar → inscribirse mediante un formulario electrónico
  [103/1632] DECRETO 113 art 3º: 2/2 válidas
        La Superintendencia → revisará el cumplimiento
        la Superintendencia → deberá indicársele · plazo: cinco días
  [104/1632] DECRETO 113 art 7º: 3/3 válidas
        cualquiera de ellos → solicitar al Superintendente la designación de una o
        La solicitud para que se designe u → presentarse a la Superintendencia
  [105/1632] DECRETO 113 art 8º: 7/7 válidas
        Superintendente → designar por sorteo público
        Superintendencia → velar por la publicidad del procedimiento
  [106/1632] DECRETO 113 art 9º: 5/5 válidas
        la comisión tasadora → constituirse · plazo: en el plazo que al efecto 
        la comisión tasadora → designar a su presidente · plazo: dentro de los cinco días s
  [107/1632] DECRETO 113 art 11: 3/3 válidas
        Los honorarios → serán de cargo del concesionario
        Los honorarios → deberán ser pagados · plazo: dentro de los 30 días sigu
  [108/1632] DECRETO 125 art primero: 1/1 válidas
        Coordinador → aplicar
  [109/1632] DECRETO 125 art 5: 1/1 válidas
        La operación de las instalaciones  → coordinarse
  [110/1632] DECRETO 125 art 6: 1/1 válidas
        La coordinación → deberá efectuarse
  [111/1632] DECRETO 125 art 8: 1/1 válidas
        Coordinador → coordinar la operación del Sistema Eléctrico Naciona
  [112/1632] DECRETO 125 art 9: 1/1 válidas
        El Coordinador → será responsable de la coordinación de la operación 
  [113/1632] DECRETO 125 art 11: 1/1 válidas
        éste y la empresa que opere o expl → comunicar este hecho
  [114/1632] DECRETO 125 art 12: 5/5 válidas
        Todos los Coordinados → sujetarse a la coordinación del Sistema Eléctrico Na
        El Coordinador → coordinar la operación de las instalaciones señalada
  [115/1632] DECRETO 125 art 13: 1/1 válidas
        Autoproductores y SGC → demostrar
  [116/1632] DECRETO 125 art 15: 3/3 válidas
        Los Coordinados → proporcionar oportunamente
        El Coordinador → disponer de plataformas informáticas
  [117/1632] DECRETO 125 art 16: 3/3 válidas
        Toda Empresa Generadora o SGC → deberá constituir sociedades de giro de generación e
        todo Coordinado de instalaciones p → deberá constituir una sociedad con domicilio en el p
  [118/1632] DECRETO 125 art 17: 1/1 válidas
        Toda nueva instalación de generaci → deberá previamente haber sido declarada en construcc
  [119/1632] DECRETO 125 art 21: 3/3 válidas
        Comisión → dictará una resolución · plazo: dentro de los últimos cinc
        Comisión → notificada
  [120/1632] DECRETO 125 art 22: 1/1 válidas
        La Comisión → deberá incluir en la resolución mensual de declaraci
  [121/1632] DECRETO 125 art 23: 6/6 válidas
        El titular de un proyecto declarad → informar a la Comisión el cumplimento del avance de 
        El titular → especificar detalladamente aquellas obras cuya ejecu
  [122/1632] DECRETO 125 art 24: 2/2 válidas
        el titular del proyecto → señalar la fecha estimada de interconexión al sistem
        El aviso de interconexión → ser efectuado · plazo: al menos, tres meses antes
  [123/1632] DECRETO 125 art 26: 4/4 válidas
        Los titulares de estas instalacion → cumplir cabalmente los plazos y fechas de interconex
        Los titulares de estas instalacion → informarse al Coordinador
  [124/1632] DECRETO 125 art 28: 4/4 válidas
        el interesado → acordar con el Coordinador un cronograma de puesta e
        el interesado → comunicar al Coordinador cualquier modificación de d
  [125/1632] DECRETO 125 art 29: 1/1 válidas
        Coordinado de la respectiva instal → presentar
  [127/1632] DECRETO 125 art 31: 2/2 válidas
        El retiro, modificación relevante, → comunicarse por escrito · plazo: 24 meses en el caso de uni
        Las modificaciones de instalacione → comunicarse por escrito · plazo: 30 días
  [128/1632] DECRETO 125 art 32: 1/1 válidas
        Comisión → emitir su pronunciamiento mediante una resolución · plazo: sesenta días contados desd
  [129/1632] DECRETO 125 art 33: 3/3 válidas
        El Coordinado respectivo → presentar a la Comisión una solicitud de exención de
        El Coordinado respectivo → enviar al Coordinador, con copia a la Comisión, una 
  [130/1632] DECRETO 125 art 34: 1/1 válidas
        Comisión → prorrogar · plazo: 12 meses
  [131/1632] DECRETO 125 art 35: 1/1 válidas
        El informe de seguridad elaborado  → evaluar y pronunciarse fundadamente respecto a la af
  [133/1632] DECRETO 125 art 36: 5/5 válidas
        El Coordinador → efectuar la programación de la operación de las inst
        La programación de la operación → garantizar la operación más económica para el conjun
  [134/1632] DECRETO 125 art 37: 1/1 válidas
        El Coordinador → calcular y utilizar el Costo de Oportunidad de la en
  [135/1632] DECRETO 125 art 38: 3/3 válidas
        El Coordinador → deberá considerar
        El Coordinador → deberá recalcular
  [136/1632] DECRETO 125 art 40: 1/1 válidas
        El Coordinador → actualizar la programación de la operación, incorpor
  [137/1632] DECRETO 125 art 42: 1/1 válidas
        El Coordinador → resguardar que el proceso de programación de la oper
  [138/1632] DECRETO 125 art 43: 1/1 válidas
        El Coordinador → definir la aplicación de las metodologías, los model
  [139/1632] DECRETO 125 art 45: 4/4 válidas
        el Coordinador → considerar
        el Coordinador → considerar
  [140/1632] DECRETO 125 art 45 bis: 4/4 válidas
        el Coordinador → realizar el ajuste limitando las inyecciones
        el Coordinador → determinar el ajuste
  [141/1632] DECRETO 125 art 47: 3/3 válidas
        El Coordinador → considerar para la programación de la operación todo
        Los Coordinados de centrales hidrá → disponer en el tiempo y forma que requiera el Coordi
  [142/1632] DECRETO 125 art 48: 2/3 válidas
        El Coordinador → determinar fundadamente y en conformidad a lo dispue
        El Coordinador → disponer en el sistema de información pública la det
  [143/1632] DECRETO 125 art 49: 1/1 válidas
        El Coordinador → deberá utilizar
  [144/1632] DECRETO 125 art 50: 5/5 válidas
        Los Coordinados de centrales termo → declarar su disponibilidad de combustibles para gene
        Cualquier cambio en la disponibili → deberá estar debidamente justificado e informado al 
  [145/1632] DECRETO 125 art 51: 3/3 válidas
        El Coordinador → elaborar estudios
        El Coordinador → realizar estudios de proyección de precios de combus
  [146/1632] DECRETO 125 art 52: 2/3 válidas
        el Coordinador → considerar un parque de instalaciones de generación, · plazo: al menos anualmente
        el Coordinador → considerar dicha información
  [147/1632] DECRETO 125 art 53: 3/3 válidas
        Los Pequeños Medios de Generación  → deberán ser incorporados por el Coordinador en la pr
        El Coordinado de un Pequeño Medio  → deberá enviar al Coordinador · plazo: en el tiempo y forma que e
  [148/1632] DECRETO 125 art 54: 2/2 válidas
        el Coordinador → proyectar caudales
        el Coordinador → realizar la previsión de caudales
  [149/1632] DECRETO 125 art 55: 4/4 válidas
        Los Coordinados de centrales hidro → entregar e informar
        Los Coordinados de centrales hidro → informar
  [150/1632] DECRETO 125 art 56: 2/2 válidas
        Los Coordinados → solicitar fundadamente al Coordinador el establecimi
        Los Coordinados → solicitar al Coordinador la cancelación de una condi
  [151/1632] DECRETO 125 art 57: 4/4 válidas
        El Coordinador → establecer
        El resultado de la programación de → contener
  [152/1632] DECRETO 125 art 59: 1/1 válidas
        El Coordinador → velar por la transparencia del proceso de programaci
  [153/1632] DECRETO 125 art 60: 1/1 válidas
        El Coordinador → publicar · plazo: al menos mensualmente
  [154/1632] DECRETO 125 art 62: 5/5 válidas
        Los Coordinados, que no operen con → declarar
        El Coordinador → resguardar
  [155/1632] DECRETO 125 art 63: 4/4 válidas
        Los Coordinados → declarar
        Los costos de partida y detención → no deberán ser considerados
  [156/1632] DECRETO 125 art 64: 1/1 válidas
        El Coordinador → elaborar un pronóstico centralizado de generación re
  [157/1632] DECRETO 125 art 66: 3/3 válidas
        El Coordinador → deberá considerar la proyección de los caudales aflu
        El Coordinador → deberá elaborar y utilizar una metodología para proy
  [158/1632] DECRETO 125 art 67: 11/11 válidas
        los Coordinados de unidades de gen → Disponer de equipamiento para realizar mediciones de
        los Coordinados de unidades de gen → Informar características de diseño de la instalación
  [159/1632] DECRETO 125 art 68: 1/1 válidas
        La norma técnica → establecerá los criterios y estándares
  [160/1632] DECRETO 125 art 70: 1/1 válidas
        el Coordinador → realizar o contratar la realización de estudios
  [161/1632] DECRETO 125 art 71: 1/1 válidas
        El Coordinador → analizar y evaluar
  [162/1632] DECRETO 125 art 75: 3/3 válidas
        El Coordinador → publicar el pronóstico centralizado de generación re
        El Coordinador → elaborar índices de error, tanto de los pronósticos 
  [163/1632] DECRETO 125 art 76: 1/1 válidas
        El Coordinador → incorporar
  [164/1632] DECRETO 125 art 77: 1/1 válidas
        El Coordinador → elaborar una proyección centralizada de demanda de C
  [166/1632] DECRETO 125 art 80: 1/1 válidas
        Las Empresas Distribuidoras, titul → enviar sus proyecciones de demanda
  [167/1632] DECRETO 125 art 83: 2/2 válidas
        El Coordinador → elaborar índices de desviaciones de las proyecciones
        El Coordinador → publicar reportes periódicos que den cuenta de estas
  [168/1632] DECRETO 125 art 84: 3/3 válidas
        El Coordinador → formulará los programas de mantenimientos de las ins
        El Coordinador → programar y coordinar las solicitudes de trabajos en
  [169/1632] DECRETO 125 art 85: 3/3 válidas
        El Coordinador → planificar y coordinar
        los Coordinados → presentar · plazo: en la oportunidad y forma 
  [170/1632] DECRETO 125 art 87: 3/3 válidas
        El Coordinador → comunicar
        El Coordinador → informar
  [171/1632] DECRETO 125 art 88: 3/3 válidas
        Los Coordinados → presentar
        El Coordinador → analizar, evaluar y coordinar
  [175/1632] DECRETO 125 art 100: 1/1 válidas
        Los saldos → serán de cargo
  [176/1632] DECRETO 125 art 103: 7/7 válidas
        El Coordinador → incorporar en la programación de la operación
        El Coordinador → determinar la colocación de la energía almacenada
  [178/1632] DECRETO 125 art 108: 1/1 válidas
        El Coordinado de un Sistema de Alm → informar
  [179/1632] DECRETO 125 art 109: 2/2 válidas
        Los Coordinados titulares de dicho → no participarán en los balances de transferencias po
        Las Empresas Generadoras o titular → traspasar los montos a los titulares de los Sistemas
  [182/1632] DECRETO 125 art 112: 2/2 válidas
        El Coordinador → incorporar en la programación de la operación a las 
        El titular → informar al Coordinador · plazo: antes del inicio de la pue
  [183/1632] DECRETO 125 art 115: 1/1 válidas
        El Coordinado de una Central Renov → informar
  [185/1632] DECRETO 125 art 116 bis: 1/1 válidas
        Las instalaciones → presentar
  [186/1632] DECRETO 125 art 116 ter: 3/3 válidas
        Coordinador → incorporar en la programación de la operación a los 
        Coordinador → autorizar
  [187/1632] DECRETO 125 art 117: 17/17 válidas
        El Coordinador → supervisar y coordinar en tiempo real la operación d
        El Coordinador → impartir a los Coordinados las instrucciones necesar
  [188/1632] DECRETO 125 art 117 bis: 8/8 válidas
        El Coordinador → hacer uso de herramientas automáticas de despacho ec
        Las herramientas automáticas → determinar los niveles de generación, carga e inyecc
  [189/1632] DECRETO 125 art 118: 4/4 válidas
        El Coordinador → adoptar las decisiones que se requieran para la apli
        El Coordinador → disponer de sistemas de información y comunicación q
  [190/1632] DECRETO 125 art 119: 5/5 válidas
        El Coordinador → realizar la supervisión y coordinación de la operaci
        El Coordinador → contar con, al menos, un CDC de respaldo ubicado en 
  [191/1632] DECRETO 125 art 120: 2/2 válidas
        Los Coordinados → asegurar que sus instalaciones sujetas a coordinació
        Los Centros de Control → cumplir los requerimientos técnicos
  [192/1632] DECRETO 125 art 121: 1/1 válidas
        los Coordinados correspondientes → presentar
  [193/1632] DECRETO 125 art 122: 1/1 válidas
        Los Coordinados → proporcionar
  [194/1632] DECRETO 125 art 123: 2/2 válidas
        los Coordinados → mantener debidamente informado
        Cualquier limitación no incluida e → ser comunicada
  [195/1632] DECRETO 125 art 124: 1/1 válidas
        El Coordinador → llevar el registro de eventos e informaciones releva
  [196/1632] DECRETO 125 art 125: 2/2 válidas
        Los Centros de Control → mantener permanentemente informado
        Los Centros de Control → informar
  [197/1632] DECRETO 125 art 126: 9/9 válidas
        El Coordinador → registrar las desviaciones que se produzcan entre la
        El Coordinador → adoptar las medidas correctivas que correspondan en 
  [198/1632] DECRETO 125 art 127: 2/2 válidas
        Cualquier Solicitud de Curso Forzo → deberá ser justificada y comunicada
        El Coordinador → podrá requerir
  [199/1632] DECRETO 125 art 128: 1/1 válidas
        Centro de Control de la instalació → solicitar
  [200/1632] DECRETO 125 art 129: 4/4 válidas
        El Coordinador → planificar y efectuar las acciones necesarias para e
        El Coordinador → coordinar y dar las instrucciones necesarias a los C
  [201/1632] DECRETO 125 art 129 bis: 6/6 válidas
        el Coordinador → planificar y ejecutar · plazo: cada dos años
        el Coordinador → contar con la participación de
  [202/1632] DECRETO 125 art 130: 1/1 válidas
        El Coordinador → efectuar la programación de la operación de las inst
  [203/1632] DECRETO 125 art 131: 1/1 válidas
        Las empresas que operen instalacio → proporcionar oportunamente al Coordinador y actualiz
  [204/1632] DECRETO 125 art 132: 1/1 válidas
        El Coordinador → definir
  [205/1632] DECRETO 125 art 133: 1/1 válidas
        Las Empresas Distribuidoras → informar
  [206/1632] DECRETO 125 art 134: 1/1 válidas
        Las Empresas Generadoras → informar
  [208/1632] DECRETO 125 art 136: 1/1 válidas
        La programación de la operación de → deberá ser actualizada
  [209/1632] DECRETO 125 art 137: 1/1 válidas
        El Coordinador → velar por la transparencia del proceso
  [210/1632] DECRETO 125 art 138: 1/1 válidas
        los respectivos propietarios, arre → operación en tiempo real de las instalaciones en est
  [211/1632] DECRETO 125 art 139: 7/7 válidas
        El Coordinador → determinar y coordinar las transferencias económicas
        El Coordinador → determinación y coordinación de los siguientes pagos
  [212/1632] DECRETO 125 art 140: 11/12 válidas
        El Coordinador → adoptar las medidas pertinentes que tiendan a garant
        El Coordinador → implementar las medidas establecidas en el presente 
  [213/1632] DECRETO 125 art 141: 1/1 válidas
        El Coordinador → coordinar el funcionamiento del Mercado de Corto Pla
  [214/1632] DECRETO 125 art 142: 4/4 válidas
        los Coordinados → Ser titulares de una instalación de generación, SGC,
        los Coordinados → Contar con el equipamiento de medida que permita reg
  [215/1632] DECRETO 125 art 143: 3/3 válidas
        El Coordinador → informar
        la Empresas Generadoras, titulares → solicitar
  [216/1632] DECRETO 125 art 143 bis: 4/7 válidas
        El Coordinador → notificar · plazo: dentro de los 5 días sigui
        El Coordinador → notificar · plazo: dentro de los 5 días sigui
  [217/1632] DECRETO 125 art 144: 3/3 válidas
        Empresa Generadora, titular de SGC → informar · plazo: 30 días
        Empresa Generadora, titular de SGC → informar · plazo: 30 días
  [218/1632] DECRETO 125 art 145: 2/2 válidas
        El Coordinador → valorizar las inyecciones y retiros de energía eléct
        El Coordinador → considerar únicamente la valorización de inyecciones
  [220/1632] DECRETO 125 art 147: 3/3 válidas
        El Coordinador → realizar un balance
        El Coordinador → determinar las transferencias económicas de energía
  [221/1632] DECRETO 125 art 148: 1/1 válidas
        El Coordinador → deberán incluir
  [222/1632] DECRETO 125 art 151: 7/7 válidas
        Empresas Generadoras, titulares de → contar con el equipamiento de medida necesario que p
        Clientes Libres conectados a un si → contar con el sistema de medida y enlace de comunica
  [223/1632] DECRETO 125 art 152: 2/2 válidas
        Las empresas eléctricas → deberán sujetarse a la coordinación
        Las empresas eléctricas → deberán efectuar los retiros necesarios
  [224/1632] DECRETO 125 art 153: 1/1 válidas
        Los balances del Mercado de Corto  → deberán efectuarse
  [225/1632] DECRETO 125 art 154: 3/3 válidas
        el Coordinador → deberá considerar la remuneración
        las empresas eléctricas → deberán remunerar
  [226/1632] DECRETO 125 art 155: 1/1 válidas
        El Coordinador → deberá mantener permanentemente actualizado
  [227/1632] DECRETO 125 art 156: 2/2 válidas
        El Coordinador → garantizar la continuidad de la cadena de pagos entr
        Las empresas → caucionar, al menos, tres meses de facturación de lo
  [228/1632] DECRETO 125 art 157: 3/3 válidas
        El Coordinador → determinar anualmente los montos correspondientes
        El Coordinador → efectuar una proyección de la operación del sistema 
  [229/1632] DECRETO 125 art 158: 1/1 válidas
        El Coordinador → velar que las garantías señaladas en el artículo 156
  [230/1632] DECRETO 125 art 159: 3/3 válidas
        El Coordinador → actualizará el monto de las garantías
        El Coordinador → actualizará el monto de las garantías
  [231/1632] DECRETO 125 art 160: 8/9 válidas
        Las Empresas Generadoras, titulare → dar aviso individualmente
        el Coordinador → requerir los antecedentes
  [232/1632] DECRETO 125 art 162: 2/2 válidas
        El Coordinador → dar aviso al respectivo cliente y proceder a su desc
        El Coordinador → proceder conforme a lo señalado en el artículo 135° 
  [233/1632] DECRETO 125 art 165: 1/1 válidas
        El Coordinador → calcular el costo marginal del sistema
  [234/1632] DECRETO 125 art 166: 1/1 válidas
        el Coordinador → deberá elaborar un informe
  [235/1632] DECRETO 125 art 166 bis: 1/1 válidas
        Empresas Generadoras, titulares de → retribuidas económicamente
  [236/1632] DECRETO 125 art 167: 1/1 válidas
        Empresas Generadoras, titulares de → retribuidas económicamente en sus Costos de Producci
  [237/1632] DECRETO 125 art 168: 1/1 válidas
        Empresas Generadoras, titulares de → retribuidas económicamente
  [238/1632] DECRETO 125 art 169: 1/1 válidas
        Empresa Generadora, titular del SG → retribuidas económicamente
  [239/1632] DECRETO 125 art 170: 1/1 válidas
        La determinación de los costos mar → deberán ser compatibles
  [240/1632] DECRETO 125 art 173: 1/1 válidas
        Las disposiciones técnicas, plazos → deberán ser establecidas
  [241/1632] DECRETO 125 art 174: 2/2 válidas
        El Coordinador → instruir la realización de auditorías
        El Coordinador → evaluar y responder la solicitud · plazo: 15 días
  [242/1632] DECRETO 125 art 175: 1/1 válidas
        El Coordinador → notificar
  [243/1632] DECRETO 125 art 176: 1/1 válidas
        El auditor técnico independiente → deberá ser una persona natural o jurídica, nacional 
  [244/1632] DECRETO 125 art 177: 2/2 válidas
        Toda auditoría → deberá considerar
        El informe final → deberá contener
  [245/1632] DECRETO 125 art 178: 2/2 válidas
        El costo de las auditorías → será de cargo del Coordinador
        los costos asociados a la operació → serán de cargo del Coordinado auditado
  [246/1632] DECRETO 125 art 179: 1/1 válidas
        Los antecedentes, notificaciones,  → deberán estar disponibles · plazo: dentro de los 15 días sigu
  [247/1632] DECRETO 125 art 180: 1/1 válidas
        el Coordinador → comunicar
  [248/1632] DECRETO 125 art 181: 2/2 válidas
        El Coordinador → elaborar reportes periódicos con indicadores de cort
        El Coordinador → generar reportes periódicos que den cuenta del grado
  [249/1632] DECRETO 125 art 182: 3/3 válidas
        La elaboración de los reportes → deberá ser al menos anual, iniciando en el mes de ma
        Los reportes → deberán ser publicados en el sistema de información 
  [250/1632] DECRETO 125 art 184: 5/5 válidas
        El Coordinador → verificar la completitud, calidad, exactitud y oport
        El Coordinador → publicar en su sitio web, los formatos de entrega de
  [251/1632] DECRETO 125 art 185: 14/14 válidas
        El Coordinador → monitoreará permanentemente
        El Coordinador → deberá considerar
  [252/1632] DECRETO 125 art 186: 1/1 válidas
        El Coordinador → elaborar, publicar en su sitio web y enviar · plazo: al menos anualmente e inic
  [253/1632] DECRETO 125 art 188: 1/1 válidas
        El Coordinador → tomar las medidas necesarias para resguardar, la con
  [254/1632] DECRETO 125 art 189: 3/3 válidas
        El Coordinador → poner en conocimiento
        El Coordinador → deberá poner a disposición
  [255/1632] DECRETO 125 art segundo: 1/1 válidas
        los Coordinados → informar · plazo: tres meses contados desde 
  [256/1632] DECRETO 125 art tercero: 1/1 válidas
        El Coordinador → disponer en el sistema de información pública · plazo: 60 días contados desde la 
  [257/1632] DECRETO 125 art cuarto: 2/2 válidas
        Las disposiciones establecidas en  → se deberán implementar
        Los índices y reportes a que se re → deberán ser consistentes
  [258/1632] DECRETO 125 art 46 bis: 1/1 válidas
        propietarios u operadores de PMGD → presentar
  [259/1632] DECRETO 125 art 46 ter: 3/3 válidas
        El Coordinador → informar anualmente a la Comisión
        La Comisión → dentro de los cinco días siguientes · plazo: dentro de los cinco días s
  [260/1632] DECRETO 125 art 15º bis: 1/1 válidas
        El Coordinador → definir los criterios y políticas para la programaci
  [261/1632] DECRETO 125 art 15º: 1/1 válidas
        El Comité Coordinador → deberá enviar · plazo: semanalmente
  [262/1632] DECRETO 125 art sexto: 1/1 válidas
        El Coordinador → calcular las garantías · plazo: el mes siguiente al que se
  [263/1632] DECRETO 125 art séptimo: 1/1 válidas
        La información → incorporarse · plazo: 6 meses
  [264/1632] DECRETO 125 art octavo: 1/1 válidas
        el Coordinador → realizar un estudio específico · plazo: 12 meses contado desde su 
  [268/1632] DECRETO 130 art 2º: 1/1 válidas
        Los propietarios, arrendatarios, u → prestar en el respectivo sistema eléctrico los servi
  [269/1632] DECRETO 130 art 5º: 1/1 válidas
        CDEC → identificar los recursos existentes y disponibles en
  [270/1632] DECRETO 130 art 6º: 4/4 válidas
        CDEC a través de la DO → elaborará un Informe de Definición y Programación de · plazo: dentro de los primeros tre
        CDEC a través de la DO → efectuar o actualizar, si correspondiere, la definic · plazo: dentro de los primeros tre
  [271/1632] DECRETO 130 art 8º: 1/1 válidas
        todo propietario, arrendatario, us → cumplir las instrucciones de operación de los servic
  [273/1632] DECRETO 130 art 13: 3/3 válidas
        CDEC → instruir la habilitación y/o instalación obligatoria
        CDEC → incluir en el Informe anual
  [274/1632] DECRETO 130 art 15: 6/6 válidas
        Las empresas coordinadas del respe → declarar los costos en que incurren por la prestació
        El CDEC a través de la DO → verificar que los costos declarados se enmarquen den
  [275/1632] DECRETO 130 art 17: 5/5 válidas
        CDEC → desarrollar un estudio de costos
        CDEC → desarrollar estudios complementarios
  [276/1632] DECRETO 130 art 18: 1/1 válidas
        Las empresas del sistema → declarar
  [277/1632] DECRETO 130 art 19: 2/2 válidas
        CDEC → determinará
        CDEC → determinará
  [278/1632] DECRETO 130 art 21: 2/2 válidas
        CDEC → determinar
        CDEC → determinar
  [279/1632] DECRETO 130 art 22: 1/1 válidas
        Las empresas del sistema → declarar
  [280/1632] DECRETO 130 art 23: 1/1 válidas
        CDEC → determinará
  [281/1632] DECRETO 130 art 25: 1/1 válidas
        Las empresas del sistema → declarar
  [282/1632] DECRETO 130 art 27: 1/1 válidas
        Las empresas del sistema → declarar
  [283/1632] DECRETO 130 art 28: 2/2 válidas
        CDEC → determinará
        CDEC → determinará
  [284/1632] DECRETO 130 art 31: 1/1 válidas
        distribuidoras → traspasar íntegramente el valor de la remuneración
  [285/1632] DECRETO 130 art 32: 2/2 válidas
        las empresas de generación eléctri → aportar
        todas las empresas que inyectaron  → aportar
  [286/1632] DECRETO 130 art 34: 2/3 válidas
        la empresa distribuidora → considerar criterios de no discriminación arbitraria
        las empresas de distribución → identificar y declarar a la DO aquellos clientes que
  [287/1632] DECRETO 130 art 38: 6/6 válidas
        El Procedimiento → contendrá los procedimientos necesarios para recabar
        El Procedimiento señalado → regular al menos
Terminado
