candidatas a bajar: 6  (ya procesadas: 51)

=== resueltos 49 idNorma ===
Traceback (most recent call last):
  File "<frozen runpy>", line 198, in _run_module_as_main
  File "<frozen runpy>", line 88, in _run_code
  File "/home/alonso/Documentos/Github/energy-rag-postgres-rag/scripts/bajar_candidatas.py", line 238, in <module>
    asyncio.run(main(a.limit, a.delay, a.dry, a.fuente))
  File "/usr/lib/python3.12/asyncio/runners.py", line 194, in run
    return runner.run(main)
           ^^^^^^^^^^^^^^^^
  File "/usr/lib/python3.12/asyncio/runners.py", line 118, in run
    return self._loop.run_until_complete(task)
           ^^^^^^^^^^^^^^^^^^^^^^^^^^^^^^^^^^^
  File "/usr/lib/python3.12/asyncio/base_events.py", line 687, in run_until_complete
    return future.result()
           ^^^^^^^^^^^^^^^
  File "/home/alonso/Documentos/Github/energy-rag-postgres-rag/scripts/bajar_candidatas.py", line 198, in main
    elif not identidad_ok(v["tipo"], v["numero"], d):
                          ~^^^^^^^^
KeyError: 'tipo'
  Accediendo a: https://www.bcn.cl/leychile/navegar?idNorma=162557
