Loading weights:   0%|          | 0/310 [00:00<?, ?it/s]Loading weights: 100%|██████████| 310/310 [00:00<00:00, 5725.61it/s]
The Transformer `cache_dir` argument is deprecated. Please pass `cache_dir` via `model_kwargs`, `processor_kwargs`, and/or `config_kwargs` instead.
Loading weights:   0%|          | 0/393 [00:00<?, ?it/s]Loading weights: 100%|██████████| 393/393 [00:00<00:00, 10822.41it/s]
=== think_paired: 114 pares  OFF(n=1, rapido) / ON(n=3, actual) ===
  pares nuevos=5  [5/114]
  pares nuevos=10  [10/114]
  pares nuevos=15  [15/114]
  pares nuevos=20  [20/114]
  pares nuevos=25  [25/114]
  pares nuevos=30  [30/114]
  pares nuevos=35  [35/114]
  pares nuevos=40  [40/114]
  pares nuevos=45  [45/114]
  pares nuevos=50  [50/114]
  pares nuevos=55  [55/114]
  pares nuevos=60  [60/114]
  pares nuevos=65  [65/114]
  pares nuevos=70  [70/114]
  pares nuevos=75  [75/114]
  pares nuevos=80  [80/114]
  pares nuevos=85  [85/114]
  pares nuevos=90  [90/114]
  pares nuevos=95  [95/114]
  pares nuevos=100  [100/114]
  pares nuevos=105  [105/114]
  pares nuevos=110  [110/114]

=== think_paired — 114 pares validos ===
  cita_ok      OFF 66/114  ->  ON 66/114   [gano 2, perdio 2]  McNemar p=1.0000  (ruido/flat)
  cita_limpia  OFF 27/114  ->  ON 35/114
  inject       OFF 3/114  ->  ON 3/114
  rechazos     OFF 7/114  ->  ON 8/114
  precision     OFF   0.23  ->  ON   0.29
  citas unicas  OFF   3.84  ->  ON   3.25
  segundos      OFF  66.83  ->  ON 159.47
  GANO:   [?] Mi papá vive en la casa enchufado a una máquina para respirar 
  GANO:   [?] ¿Hay un tope de ganancia que les permiten cobrar a los dueños 
  PERDIO: [?] Si yo tengo una planta de luz, ¿me pueden negar enchufarme a l
  PERDIO: [?] ¿Quién cuida que las empresas se sigan pagando entre ellas y n
