corte 0.3 -> 46 de 122 normas quedan FUERA del dominio

   0.134  LEY         21150  LEY 21150  MODIFICA LA LEY Nº 20.530 Y CREA EL MINISTERIO DE
   0.141  LEY         20530  LEY 20530  CREA EL MINISTERIO DE DESARROLLO SOCIAL Y FAMILIA
   0.145  LEY         21363  LEY 21363  ESTABLECE NORMAS EN MATERIA DE COMERCIALIZACIÓN Y
   0.172  LEY         20526  LEY 20526  SANCIONA EL ACOSO SEXUAL DE MENORES, LA PORNOGRAF
   0.180  LEY         20500  LEY 20500  SOBRE ASOCIACIONES Y PARTICIPACIÓN CIUDADANA EN L
   0.183  LEY         19814  LEY 19814 INTRODUCE DIVERSAS MODIFICACIONES A LA LEY DE ALCO
   0.191  LEY         21560  LEY 21560  MODIFICA TEXTOS LEGALES QUE INDICA PARA FORTALECE
   0.193  LEY         20084  LEY 20084 ESTABLECE UN SISTEMA DE RESPONSABILIDAD DE LOS ADO
   0.195  LEY         20795  LEY 20795  MODIFICA EL ARTÍCULO 42 DE LA LEY DE TRÁNSITO EN 
   0.197  DFL             1  DFL 1 FIJA TEXTO REFUNDIDO, COORDINADO Y SISTEMATIZADO DE LA
   0.205  LEY         19574  LEY 19574 DECLARA INAPELABLES SANCIONES POR MULTAS
   0.210  LEY         19925  LEY 19925 LEY SOBRE EXPENDIO Y CONSUMO DE BEBIDAS ALCOHOLICA
   0.212  RESOLUCIÓN     70  RESOLUCIÓN 70 EXENTA RECTIFICA LA RESOLUCIÓN Nº 61/2024 EXEN
   0.216  LEY         20931  LEY 20931  FACILITA LA APLICACIÓN EFECTIVA DE LAS PENAS ESTA
   0.218  LEY         19300  LEY 19300 APRUEBA LEY SOBRE BASES GENERALES DEL MEDIO AMBIEN
   0.221  LEY         20714  LEY 20714  RESTABLECE EXCEPCIÓN, EN LAS REGIONES DE AYSÉN Y 
   0.222  LEY         19841  LEY 19841 MODIFICA LA LEY DE TRANSITO EN LO RELATIVO AL COBR
   0.225  LEY         20955  LEY 20955  PERFECCIONA EL SISTEMA DE ALTA DIRECCIÓN PÚBLICA 
   0.228  LEY         21555  LEY 21555  REFUERZA LAS COMPETENCIAS DE GENDARMERÍA DE CHILE
   0.233  LEY         21394  LEY 21394  INTRODUCE REFORMAS AL SISTEMA DE JUSTICIA PARA EN
   0.233  LEY         19553  LEY 19553 CONCEDE ASIGNACION DE MODERNIZACION Y OTROS BENEFI
   0.237  LEY         20237  LEY 20237 MODIFICA EL DECRETO LEY Nº 3.063, DE 1979, SOBRE R
   0.244  LEY         21567  LEY 21567  MODIFICA LA LEY N° 20.931, PARA AMPLIAR LAS FACUL
   0.247  LEY         19696  LEY 19696  ESTABLECE CODIGO PROCESAL PENAL
   0.252  LEY         21241  LEY 21241  MODIFICA LA LEY Nº 18.287, QUE ESTABLECE PROCEDIM
   0.253  LEY         18575  LEY 18575 LEY ORGANICA CONSTITUCIONAL DE BASES GENERALES DE 
   0.253  LEY         18290  LEY 18290 LEY DE TRANSITO
   0.253  LEY         20285  LEY 20285 SOBRE ACCESO A LA INFORMACIÓN PÚBLICA
   0.254  LEY         19628  LEY 19628 SOBRE PROTECCION DE LA VIDA PRIVADA
   0.254  LEY         21529  LEY 21529  FACILITA LA OBTENCIÓN DE PATENTE DE SALONES DE MÚ
   0.257  LEY         19971  LEY 19971 SOBRE ARBITRAJE COMERCIAL INTERNACIONAL
   0.259  LEY         20591  LEY 20591  MODIFICA LEY Nº 19.925, SOBRE EXPENDIO Y CONSUMO 
   0.260  LEY         21719  LEY 21719  REGULA LA PROTECCIÓN Y EL TRATAMIENTO DE LOS DATO
   0.263  LEY         21527  Ley 21527
   0.265  LEY         21547  LEY 21547  ESTABLECE UN SITIO ELECTRÓNICO UNIFICADO DE TARIF
   0.266  LEY         21025  LEY 21025  ESTABLECE UN NUEVO GOBIERNO CORPORATIVO DE LA EMP
   0.266  LEY         21522  LEY 21522  INTRODUCE UN NUEVO PÁRRAFO EN EL TÍTULO VII DEL L
   0.266  LEY         21601  LEY 21601  MODIFICA LA LEY DE TRÁNSITO PARA PREVENIR LA VENT
   0.268  LEY         18287  LEY 18287 ESTABLECE PROCEDIMIENTO ANTE LOS JUZGADOS DE POLIC
   0.274  LEY         19880  LEY 19880 ESTABLECE BASES DE LOS PROCEDIMIENTOS ADMINISTRATI
   0.279  DECRETO        30  DECRETO 30 REGLAMENTO SOBRE MITIGACIÓN DE IMPACTOS AL SISTEM
   0.281  LEY         21647  Ley 21647
   0.283  LEY         19676  LEY 19676 MODIFICA LA LEY Nº 18.287, SOBRE PROCEDIMIENTO ANT
   0.285  LEY         18834  LEY 18834 APRUEBA ESTATUTO ADMINISTRATIVO
   0.286  LEY         21180  LEY 21180  TRANSFORMACIÓN DIGITAL DEL ESTADO
   0.287  LEY         20620  LEY 20620  MODIFICA LEY Nº 19.327, QUE FIJA NORMAS PARA LA P

  arrastran 1333 articulos y 1639 fragmentos

MARCADAS 46 normas con metadata.fuera_de_dominio = true (reversible)
