articulos-glosario detectados: 62
fragmentos-definicion totales:  610
[D2] articulos con leyenda de variable: 20  -> fragmentos nuevos: 103
conceptos que fallan cubiertos por un fragmento: 36/45
  NO cubiertos: ['acometida', 'bases de licitación', 'costo de falla de corta duración', 'empresa distribuidora', 'gas licuado', 'mora', 'reposición', 'tránsito', 'vehículo']

[WRITE] creando tabla fragmentos_definicion + embeddings ...
  insertados 50/713
  insertados 100/713
  insertados 150/713
  insertados 200/713
  insertados 250/713
  insertados 300/713
  insertados 350/713
  insertados 400/713
  insertados 450/713
  insertados 500/713
  insertados 550/713
  insertados 600/713
  insertados 650/713
  insertados 700/713
[WRITE] listo: 713 fragmentos-definicion + indice HNSW.
