Loading weights:   0%|          | 0/310 [00:00<?, ?it/s]Loading weights: 100%|██████████| 310/310 [00:00<00:00, 35208.08it/s]
Loading weights:   0%|          | 0/393 [00:00<?, ?it/s]Loading weights:  92%|█████████▏| 361/393 [00:00<00:00, 3544.10it/s]Loading weights: 100%|██████████| 393/393 [00:00<00:00, 3728.24it/s]
=== E3: midiendo 279q (config vigente) ===
  5/279
  10/279
  15/279
  20/279
  25/279
  30/279
  35/279
  40/279
  45/279
  50/279
  55/279
  60/279
  65/279
  70/279
  75/279
  80/279
  85/279
  90/279
  95/279
  100/279
  105/279
  110/279
  115/279
  120/279
  125/279
  130/279
  135/279
  140/279
  145/279
  150/279
  155/279
  160/279
  165/279
  170/279
  175/279
  180/279
  185/279
  190/279
  195/279
  200/279
  205/279
  210/279
  215/279
  220/279
  225/279
  230/279
  235/279
  240/279
  245/279
  250/279
  255/279
  260/279
  265/279
  270/279
  275/279

=== E3 EFECTO ESCOPETA (279 queries validas) ===
  cita_ok (ALGUNA pega):   253/279
  hit_first (la 1a pega):  243/279
  citas por respuesta:     media 13.1  unicas 4.2  max 60
  precision media EN HITS: 0.43
  hits con >3 citas unicas: 145/253  (57%)  <- sospechosos de VOLUMEN
  hits con >5 citas unicas: 54/253  (21%)  <- sospechosos de VOLUMEN
  hits con >10 citas unicas: 2/253  (1%)  <- sospechosos de VOLUMEN

  TOP sospechosos (hit con muchas citas):
     13 uniq (rank_hit=1) prec=0.08  qué es Infracciones graves
     11 uniq (rank_hit=0) prec=0.09  qué significa Infracciones gravísimas
     10 uniq (rank_hit=0) prec=0.20  qué es Superintendencia
      9 uniq (rank_hit=1) prec=0.11  definición de Sistemas de Transmisión Dedicados
      9 uniq (rank_hit=1) prec=0.11  definición de Infracciones gravísimas
      9 uniq (rank_hit=5) prec=0.11  qué significa Empresa distribuidora
      9 uniq (rank_hit=0) prec=0.33  qué significa Ministerio
      8 uniq (rank_hit=0) prec=0.12  definición de Sistemas de Transmisión Zonal
      8 uniq (rank_hit=0) prec=0.12  qué significa Aviso
      8 uniq (rank_hit=0) prec=0.25  qué significa Vivienda
      8 uniq (rank_hit=0) prec=0.12  definición de Técnicas habilitantes alternativas
      8 uniq (rank_hit=1) prec=0.12  qué es Infracciones gravísimas
