Loading weights:   0%|          | 0/310 [00:00<?, ?it/s]Loading weights: 100%|██████████| 310/310 [00:00<00:00, 4473.89it/s]
Loading weights:   0%|          | 0/393 [00:00<?, ?it/s]Loading weights:   2%|▏         | 9/393 [00:00<00:29, 12.91it/s]Loading weights: 100%|██████████| 393/393 [00:00<00:00, 560.00it/s]
=== filtro_operativas: 114 pares  OFF(sin filtro) / ON(filtra ajenas) ===
  pares nuevos=5  [5/114]
  pares nuevos=10  [10/114]
[RESUME] 13 pares ya hechos
Loading weights:   0%|          | 0/310 [00:00<?, ?it/s]Loading weights: 100%|██████████| 310/310 [00:00<00:00, 5547.71it/s]
Loading weights:   0%|          | 0/393 [00:00<?, ?it/s]Loading weights:   2%|▏         | 9/393 [00:00<00:27, 13.96it/s]Loading weights: 100%|██████████| 393/393 [00:00<00:00, 605.21it/s]
=== filtro_operativas: 114 pares  OFF(sin filtro) / ON(filtra ajenas) ===
  pares nuevos=5  [18/114]
  pares nuevos=10  [23/114]
Loading weights:   0%|          | 0/310 [00:00<?, ?it/s]Loading weights: 100%|██████████| 310/310 [00:00<00:00, 44405.39it/s]
Loading weights:   0%|          | 0/393 [00:00<?, ?it/s]Loading weights:   2%|▏         | 9/393 [00:00<00:32, 11.88it/s]Loading weights: 100%|██████████| 393/393 [00:00<00:00, 504.50it/s]
=== filtro_operativas: 114 pares  OFF(sin filtro) / ON(filtra ajenas) ===
  pares nuevos=5  [5/114]
  pares nuevos=10  [10/114]
  pares nuevos=15  [15/114]
  pares nuevos=20  [20/114]
  pares nuevos=25  [25/114]
  pares nuevos=30  [30/114]
  pares nuevos=35  [35/114]
  pares nuevos=40  [40/114]
  pares nuevos=45  [45/114]
  pares nuevos=50  [50/114]
  pares nuevos=55  [55/114]
  pares nuevos=60  [60/114]
  pares nuevos=65  [65/114]
  pares nuevos=70  [70/114]
  pares nuevos=75  [75/114]
  pares nuevos=80  [80/114]
  pares nuevos=85  [85/114]
  pares nuevos=90  [90/114]
  pares nuevos=95  [95/114]
  pares nuevos=100  [100/114]
  pares nuevos=105  [105/114]
  pares nuevos=110  [110/114]

=== filtro_operativas — 114 pares validos ===
  cita_ok      OFF 95/114  ->  ON 100/114   [gano 6, perdio 1]  McNemar p=0.1250  (ruido/flat)
  cita_limpia  OFF 54/114  ->  ON 61/114
  inject       OFF 3/114  ->  ON 3/114
  rechazos     OFF 9/114  ->  ON 9/114
  precision     OFF   0.43  ->  ON   0.48
  citas unicas  OFF   2.82  ->  ON   2.74
  segundos      OFF 137.65  ->  ON 132.00
  GANO:   [?] Me cortaron la luz por una deuda que yo creo que está mal cobr
  GANO:   [?] ¿cada cuánto me tienen que mandar la cuenta de la luz?
  GANO:   [?] tengo una planta solar y me sobra energía algunos meses, ¿se l
  GANO:   [?] se me echó a perder el generador y va a estar apagado como un 
  GANO:   [?] ¿Quién se encarga de manejar y coordinar la electricidad cuand
  GANO:   [?] Ese grupo que resuelve las peleas entre las empresas y el oper
  PERDIO: [?] cada cuánto y quién inicia el procedimiento de planificación d
