Loading weights:   0%|          | 0/310 [00:00<?, ?it/s]Loading weights: 100%|██████████| 310/310 [00:00<00:00, 5994.13it/s]
Loading weights:   0%|          | 0/393 [00:00<?, ?it/s]Loading weights:   2%|▏         | 9/393 [00:00<00:27, 14.11it/s]Loading weights: 100%|██████████| 393/393 [00:00<00:00, 611.62it/s]
=== gate_noregresion: 114 pares  OFF(regex) / ON(diccionario) ===
  pares nuevos=5  [5/114]
  pares nuevos=10  [10/114]
  pares nuevos=15  [15/114]
  pares nuevos=20  [20/114]
  pares nuevos=25  [25/114]
  pares nuevos=30  [30/114]
  pares nuevos=35  [35/114]
  pares nuevos=40  [40/114]
  pares nuevos=45  [45/114]
  pares nuevos=50  [50/114]
  pares nuevos=55  [55/114]
  pares nuevos=60  [60/114]
  pares nuevos=65  [65/114]
  pares nuevos=70  [70/114]
  pares nuevos=75  [75/114]
  pares nuevos=80  [80/114]
  pares nuevos=85  [85/114]
  pares nuevos=90  [90/114]
  pares nuevos=95  [95/114]
  pares nuevos=100  [100/114]
  pares nuevos=105  [105/114]
  pares nuevos=110  [110/114]

=== gate_noregresion — 114 pares validos ===
  cita_ok      OFF 98/114  ->  ON 99/114   [gano 4, perdio 3]  McNemar p=1.0000  (ruido/flat)
  cita_limpia  OFF 68/114  ->  ON 62/114
  inject       OFF 3/114  ->  ON 3/114
  rechazos     OFF 6/114  ->  ON 6/114
  precision     OFF   0.55  ->  ON   0.53
  citas unicas  OFF   2.31  ->  ON   2.25
  segundos      OFF 132.92  ->  ON 126.34
  GANO:   [?] En el reglamento de transmisión, una vez que se conoce el valo
  GANO:   [?] ¿Hay un tope de ganancia que les permiten cobrar a los dueños 
  GANO:   [?] ¿a quién llamo o dónde reclamo cuando se corta la luz en mi ca
  GANO:   [?] cada cuánto y quién inicia el procedimiento de planificación d
  PERDIO: [?] Me cortaron la luz por una deuda que yo creo que está mal cobr
  PERDIO: [?] Si yo tengo una planta de luz, ¿me pueden negar enchufarme a l
  PERDIO: [?] dónde se inscriben las personas que quieren participar como in
