[FLAG] answer_roles: OFF=False  ON=True
=== FASE A: retrieval 100% cacheado (264 queries) ===
=== FASE B: gen pareada  OFF(answer_roles=False) / ON(answer_roles=True) ===
  gen nuevas=5  [5/264]
  gen nuevas=10  [10/264]
  gen nuevas=15  [15/264]
  gen nuevas=20  [20/264]
  gen nuevas=25  [25/264]
  gen nuevas=30  [30/264]
  gen nuevas=35  [35/264]
  gen nuevas=40  [40/264]
  gen nuevas=45  [45/264]
  gen nuevas=50  [50/264]
  gen nuevas=55  [55/264]
  gen nuevas=60  [60/264]
  gen nuevas=65  [65/264]
  gen nuevas=70  [70/264]
  gen nuevas=75  [75/264]
  gen nuevas=80  [80/264]
  gen nuevas=85  [85/264]
  gen nuevas=90  [90/264]
  gen nuevas=95  [95/264]
  gen nuevas=100  [100/264]
  gen nuevas=105  [105/264]
  gen nuevas=110  [110/264]
  gen nuevas=115  [115/264]
  gen nuevas=120  [120/264]
  gen nuevas=125  [125/264]
  gen nuevas=130  [130/264]
  gen nuevas=135  [135/264]
  gen nuevas=140  [140/264]
  gen nuevas=145  [145/264]
  gen nuevas=150  [150/264]
  gen nuevas=155  [155/264]
  gen nuevas=160  [160/264]
  gen nuevas=165  [165/264]
  gen nuevas=170  [170/264]
  gen nuevas=175  [175/264]
  gen nuevas=180  [180/264]
  gen nuevas=185  [185/264]
  gen nuevas=190  [190/264]
  gen nuevas=195  [195/264]
  gen nuevas=200  [200/264]
  gen nuevas=205  [205/264]
  gen nuevas=210  [210/264]
  gen nuevas=215  [215/264]
  gen nuevas=220  [220/264]
  gen nuevas=225  [225/264]
  gen nuevas=230  [230/264]
  gen nuevas=235  [235/264]
  gen nuevas=240  [240/264]
  gen nuevas=245  [245/264]
  gen nuevas=250  [250/264]
  gen nuevas=255  [255/264]
  gen nuevas=260  [260/264]

=== gen13_roles: answer_roles False -> True (in_domain contestables) ===
  cita_ok  OFF 261/264 -> ON 260/264  (gano 3, perdio 4)
  McNemar p=1.0000  (ruido/flat)
  citas/resp     OFF   6.44  ->  ON   6.45
  citas unicas   OFF   2.57  ->  ON   2.49
  precision      OFF   0.66  ->  ON   0.66
  segundos       OFF  72.63  ->  ON  74.85
  GANO: qué es Reposición
  GANO: qué es Comercializador
  GANO: definición de Comercializador
  PERDIO: qué significa DIA
  PERDIO: definición de Infracciones gravísimas
  PERDIO: qué significa Infracciones graves
  PERDIO: definición de Infracciones leves
