Loading weights:   0%|          | 0/310 [00:00<?, ?it/s]Loading weights: 100%|██████████| 310/310 [00:00<00:00, 32344.14it/s]
  LEY-20936      ya en el corpus, salteo
  LEY-21185      ✗ IDENTIDAD: bajo 'RESOLUCIÓN 21185 EXENTA APRUEBA PROTOCOLO DE'
  DECRETO-55     ✗ IDENTIDAD: bajo 'RESOLUCIÓN 55 EXTRACTO DE RESOLUCIÓN Nº 55, '
  LEY-21472      ya en el corpus, salteo
  LEY-21667      ya en el corpus, salteo
  LEY-21711      ya en el corpus, salteo
  DL-2763        ✗ IDENTIDAD: bajo 'ACUERDO 1ACUERDO 2763-01-260115SESIÓN ORDINA'
  LEY-19613      ya en el corpus, salteo
  DFL-850        ✗ IDENTIDAD: bajo 'DECRETO 850 EXENTO EXTRACTO DE DECRETO Nº 85'
  DFL-29         ✗ IDENTIDAD: bajo 'DECRETO 29 EXTRACTO DE DECRETO EXENTO N° 29,'
  DFL-164        ✗ IDENTIDAD: bajo 'DECRETO 164 EXTRACTO DE DECRETO N° 164 EXENT'
  LEY-19880      sim=0.283 FUERA  70 arts  LEY 19880 ESTABLECE BASES DE LOS PROCE
  LEY-19882      sim=0.411 dentro  20 arts  LEY 19882 REGULA NUEVA POLÍTICA DE PER
  DL-2224        ✗ IDENTIDAD: bajo 'RESOLUCION 2224 EXENTA'
  LEY-20285      sim=0.257 FUERA  6 arts  LEY 20285 SOBRE ACCESO A LA INFORMACIÓ
  LEY-18045      sim=0.355 dentro  6 arts  LEY 18045 LEY DE MERCADO DE VALORES
  LEY-18287      sim=0.269 FUERA  8 arts  LEY 18287 ESTABLECE PROCEDIMIENTO ANTE
  LEY-18290      sim=0.251 FUERA  7 arts  LEY 18290 LEY DE TRANSITO
  LEY-18575      sim=0.248 FUERA  8 arts  LEY 18575 LEY ORGANICA CONSTITUCIONAL 
  LEY-18834      sim=0.286 FUERA  8 arts  LEY 18834 APRUEBA ESTATUTO ADMINISTRAT
  LEY-19300      sim=0.224 FUERA  6 arts  LEY 19300 APRUEBA LEY SOBRE BASES GENE
  LEY-19496      sim=0.315 dentro  6 arts  LEY 19496 ESTABLECE NORMAS SOBRE PROTE
  DECRETO-42     ✗ IDENTIDAD: bajo 'ACUERDO 42ACUERDO 42-04 ACUERDOS ADOPTADOS P'
  LEY-19553      sim=0.229 FUERA  19 arts  LEY 19553 CONCEDE ASIGNACION DE MODERN

=== validas 11 · rechazadas por identidad 8 · marcadas fuera de dominio 8 · articulos 164 INGESTADOS ===
