2026-08-25 00:41:30  CORRIENDO  procesos=4  gpu=179.84 W, 96 %  pg=running  :: scripts.extraer_obligaciones 
2026-08-25 01:00:01  CORRIENDO  procesos=4  gpu=180.18 W, 96 %  pg=running  :: scripts.extraer_obligaciones 
2026-08-25 02:00:01  CORRIENDO  procesos=2  gpu=19.95 W, 0 %  pg=running  :: 
2026-08-25 03:00:01  CORRIENDO  procesos=2  gpu=31.08 W, 0 %  pg=running  :: 
2026-08-25 04:00:01  CORRIENDO  procesos=2  gpu=21.86 W, 0 %  pg=running  :: 
2026-08-25 05:00:01  CORRIENDO  procesos=3  gpu=19.91 W, 0 %  pg=running  :: 
2026-08-25 06:00:01  CORRIENDO  procesos=3  gpu=19.45 W, 0 %  pg=running  :: 
2026-08-25 07:00:01  CORRIENDO  procesos=3  gpu=22.16 W, 0 %  pg=running  :: 
2026-08-25 08:00:01  CORRIENDO  procesos=3  gpu=30.55 W, 0 %  pg=running  :: 
2026-08-25 08:21:26  PARADO  <-- nada trabajando     gpu=19.77 W, 0 %  pg=running  cola=47 resultados
2026-08-25 08:21:44  CORRIENDO  procesos=1  gpu=20.61 W, 0 %  pg=running  :: scripts.detectar_articulos_duplicados scripts.detectar_derogaciones scripts.estructura_articulado scripts.extraer_obligaciones scripts.ingerir_nuevas scripts.marcar_fuera_dominio scripts.resolver_citas_normas 
2026-08-25 09:00:01  CORRIENDO  procesos=1  gpu=179.63 W, 97 %  pg=running  :: scripts.extraer_obligaciones 
2026-08-25 10:00:01  PARADO  <-- nada trabajando     gpu=19.62 W, 0 %  pg=running  cola=47 resultados
2026-08-25 11:00:01  PARADO  <-- nada trabajando     gpu=20.04 W, 0 %  pg=running  cola=47 resultados
2026-08-25 12:00:01  PARADO  <-- nada trabajando     gpu=30.27 W, 0 %  pg=running  cola=47 resultados
2026-08-25 13:00:01  CORRIENDO  procesos=1  gpu=179.77 W, 97 %  pg=running  :: scripts.extraer_obligaciones 
2026-08-25 14:00:01  CORRIENDO  procesos=1  gpu=180.05 W, 96 %  pg=running  :: scripts.extraer_obligaciones 
2026-08-25 15:00:01  PARADO  <-- nada trabajando     gpu=20.18 W, 0 %  pg=running  cola=47 resultados
2026-08-25 16:00:01  CORRIENDO  procesos=1  gpu=179.01 W, 100 %  pg=running  :: scripts.extraer_obligaciones 
2026-08-25 17:00:01  CORRIENDO  procesos=1  gpu=178.42 W, 97 %  pg=running  :: scripts.extraer_obligaciones 
2026-08-25 18:00:01  PARADO  <-- nada trabajando     gpu=20.18 W, 0 %  pg=running  cola=47 resultados
2026-08-25 19:00:01  PARADO  <-- nada trabajando     gpu=19.64 W, 0 %  pg=running  cola=47 resultados
2026-08-25 20:00:01  PARADO  <-- nada trabajando     gpu=19.59 W, 0 %  pg=running  cola=47 resultados
2026-08-25 21:00:01  CORRIENDO  procesos=1  gpu=179.89 W, 97 %  pg=running  :: scripts.extraer_obligaciones 
2026-08-25 22:00:01  CORRIENDO  procesos=1  gpu=179.80 W, 96 %  pg=running  :: scripts.extraer_obligaciones 
2026-08-25 23:00:01  CORRIENDO  procesos=1  gpu=178.97 W, 96 %  pg=running  :: scripts.extraer_obligaciones 
2026-08-26 00:00:01  CORRIENDO  procesos=1  gpu=180.13 W, 96 %  pg=running  :: scripts.extraer_obligaciones 
2026-08-26 01:00:01  CORRIENDO  procesos=1  gpu=180.14 W, 97 %  pg=running  :: scripts.extraer_obligaciones 
2026-08-26 02:00:01  CORRIENDO  procesos=1  gpu=178.38 W, 100 %  pg=running  :: scripts.extraer_obligaciones 
2026-08-26 03:00:01  PARADO  <-- nada trabajando     gpu=20.77 W, 0 %  pg=running  cola=47 resultados
2026-08-26 04:00:01  PARADO  <-- nada trabajando     gpu=20.26 W, 0 %  pg=running  cola=47 resultados
2026-08-26 05:00:01  PARADO  <-- nada trabajando     gpu=24.51 W, 0 %  pg=running  cola=47 resultados
2026-08-26 06:00:01  PARADO  <-- nada trabajando     gpu=21.34 W, 0 %  pg=running  cola=47 resultados
2026-08-26 07:00:01  PARADO  <-- nada trabajando     gpu=19.77 W, 0 %  pg=running  cola=47 resultados
2026-08-26 08:00:01  PARADO  <-- nada trabajando     gpu=19.63 W, 0 %  pg=running  cola=47 resultados
2026-08-26 09:00:01  PARADO  <-- nada trabajando     gpu=19.69 W, 0 %  pg=running  cola=47 resultados
2026-08-26 10:00:01  PARADO  <-- nada trabajando     gpu=21.23 W, 0 %  pg=running  cola=47 resultados
2026-08-26 11:00:01  PARADO  <-- nada trabajando     gpu=20.05 W, 0 %  pg=running  cola=47 resultados
2026-08-26 12:00:01  CORRIENDO  procesos=1  gpu=179.89 W, 94 %  pg=running  :: scripts.detectar_articulos_duplicados scripts.detectar_derogaciones scripts.estructura_articulado scripts.extraer_obligaciones scripts.resolver_citas_normas 
2026-08-26 13:00:01  CORRIENDO  procesos=1  gpu=180.32 W, 96 %  pg=running  :: scripts.detectar_articulos_duplicados scripts.detectar_derogaciones scripts.estructura_articulado scripts.extraer_obligaciones scripts.resolver_citas_normas 
2026-08-26 14:00:01  CORRIENDO  procesos=1  gpu=179.85 W, 97 %  pg=running  :: scripts.detectar_articulos_duplicados scripts.detectar_derogaciones scripts.estructura_articulado scripts.extraer_obligaciones scripts.resolver_citas_normas 
2026-08-26 15:00:01  PARADO  <-- nada trabajando     gpu=20.80 W, 0 %  pg=running  cola=47 resultados
2026-08-26 16:00:01  PARADO  <-- nada trabajando     gpu=19.26 W, 0 %  pg=running  cola=47 resultados
2026-08-26 17:00:01  PARADO  <-- nada trabajando     gpu=20.03 W, 0 %  pg=running  cola=47 resultados
2026-08-26 18:00:01  PARADO  <-- nada trabajando     gpu=29.20 W, 0 %  pg=running  cola=47 resultados
2026-08-26 19:00:01  CORRIENDO  procesos=1  gpu=180.04 W, 0 %  pg=running  :: scripts.actualizar_norma scripts.bajar_por_id scripts.detectar_articulos_duplicados scripts.detectar_derogaciones scripts.estructura_articulado scripts.extraer_de_discrepancias scripts.extraer_obligaciones scripts.resolver_citas_normas 
2026-08-26 21:00:01  CORRIENDO  procesos=1  gpu=277.69 W, 92 %  pg=running  :: scripts.extraer_obligaciones 
2026-08-26 22:00:01  CORRIENDO  procesos=1  gpu=179.82 W, 97 %  pg=running  :: scripts.extraer_obligaciones 
2026-08-26 23:00:01  CORRIENDO  procesos=1  gpu=179.99 W, 97 %  pg=running  :: scripts.extraer_obligaciones 
2026-08-27 00:00:01  PARADO  <-- nada trabajando     gpu=47.70 W, 43 %  pg=running  cola=47 resultados
2026-08-27 01:00:01  CORRIENDO  procesos=1  gpu=179.61 W, 97 %  pg=running  :: scripts.actualizar_norma scripts.detectar_articulos_duplicados scripts.detectar_derogaciones scripts.estructura_articulado scripts.extraer_obligaciones scripts.resolver_citas_normas 
2026-08-27 02:00:01  CORRIENDO  procesos=1  gpu=179.87 W, 97 %  pg=running  :: scripts.actualizar_norma scripts.detectar_articulos_duplicados scripts.detectar_derogaciones scripts.estructura_articulado scripts.extraer_obligaciones scripts.resolver_citas_normas 
2026-08-27 03:00:01  CORRIENDO  procesos=1  gpu=180.28 W, 97 %  pg=running  :: scripts.actualizar_norma scripts.detectar_articulos_duplicados scripts.detectar_derogaciones scripts.estructura_articulado scripts.extraer_obligaciones scripts.resolver_citas_normas 
2026-08-27 04:00:01  PARADO  <-- nada trabajando     gpu=19.33 W, 0 %  pg=running  cola=47 resultados
2026-08-27 05:00:01  PARADO  <-- nada trabajando     gpu=19.03 W, 0 %  pg=running  cola=47 resultados
2026-08-27 06:00:01  PARADO  <-- nada trabajando     gpu=21.50 W, 0 %  pg=running  cola=47 resultados
2026-08-27 07:00:01  PARADO  <-- nada trabajando     gpu=29.95 W, 0 %  pg=running  cola=47 resultados
2026-08-27 08:00:01  PARADO  <-- nada trabajando     gpu=18.91 W, 0 %  pg=running  cola=47 resultados
2026-08-27 09:00:01  PARADO  <-- nada trabajando     gpu=18.58 W, 0 %  pg=running  cola=47 resultados
2026-08-27 10:00:01  PARADO  <-- nada trabajando     gpu=18.82 W, 0 %  pg=running  cola=47 resultados
2026-08-27 11:00:02  PARADO  <-- nada trabajando     gpu=28.84 W, 0 %  pg=running  cola=47 resultados
2026-08-27 12:00:01  PARADO  <-- nada trabajando     gpu=20.52 W, 0 %  pg=running  cola=47 resultados
2026-08-27 13:00:01  PARADO  <-- nada trabajando     gpu=19.04 W, 0 %  pg=running  cola=47 resultados
2026-08-27 14:00:01  PARADO  <-- nada trabajando     gpu=18.67 W, 0 %  pg=running  cola=47 resultados
2026-08-27 15:00:01  PARADO  <-- nada trabajando     gpu=20.76 W, 0 %  pg=running  cola=47 resultados
2026-08-27 16:00:01  PARADO  <-- nada trabajando     gpu=30.33 W, 0 %  pg=running  cola=47 resultados
2026-08-27 17:00:01  PARADO  <-- nada trabajando     gpu=19.29 W, 0 %  pg=running  cola=47 resultados
2026-08-27 18:00:01  PARADO  <-- nada trabajando     gpu=18.74 W, 0 %  pg=running  cola=47 resultados
2026-08-27 19:00:01  PARADO  <-- nada trabajando     gpu=18.84 W, 0 %  pg=running  cola=47 resultados
2026-08-27 20:00:01  PARADO  <-- nada trabajando     gpu=29.01 W, 0 %  pg=running  cola=47 resultados
2026-08-27 21:00:02  PARADO  <-- nada trabajando     gpu=19.22 W, 0 %  pg=running  cola=47 resultados
2026-08-27 22:00:01  PARADO  <-- nada trabajando     gpu=18.57 W, 0 %  pg=running  cola=47 resultados
2026-08-27 23:00:01  PARADO  <-- nada trabajando     gpu=43.75 W, 40 %  pg=running  cola=47 resultados
2026-08-28 00:00:02  PARADO  <-- nada trabajando     gpu=226.98 W, 98 %  pg=running  cola=47 resultados
2026-08-28 01:00:02  PARADO  <-- nada trabajando     gpu=33.13 W, 0 %  pg=running  cola=47 resultados
2026-08-28 02:00:01  PARADO  <-- nada trabajando     gpu=18.85 W, 0 %  pg=running  cola=47 resultados
2026-08-28 03:00:01  PARADO  <-- nada trabajando     gpu=18.61 W, 0 %  pg=running  cola=47 resultados
2026-08-28 04:00:01  PARADO  <-- nada trabajando     gpu=18.67 W, 0 %  pg=running  cola=47 resultados
2026-08-28 05:00:01  PARADO  <-- nada trabajando     gpu=30.14 W, 0 %  pg=running  cola=47 resultados
2026-08-28 06:00:01  PARADO  <-- nada trabajando     gpu=20.78 W, 0 %  pg=running  cola=47 resultados
2026-08-28 07:00:01  PARADO  <-- nada trabajando     gpu=19.22 W, 0 %  pg=running  cola=47 resultados
2026-08-28 08:00:01  PARADO  <-- nada trabajando     gpu=18.78 W, 0 %  pg=running  cola=47 resultados
2026-08-28 09:00:01  PARADO  <-- nada trabajando     gpu=21.32 W, 0 %  pg=running  cola=47 resultados
2026-08-28 10:00:01  PARADO  <-- nada trabajando     gpu=28.77 W, 0 %  pg=running  cola=47 resultados
2026-08-28 11:00:02  PARADO  <-- nada trabajando     gpu=18.61 W, 0 %  pg=running  cola=47 resultados
2026-08-28 12:00:01  PARADO  <-- nada trabajando     gpu=18.60 W, 0 %  pg=running  cola=47 resultados
2026-08-28 13:00:01  PARADO  <-- nada trabajando     gpu=18.79 W, 0 %  pg=running  cola=47 resultados
2026-08-28 14:00:01  PARADO  <-- nada trabajando     gpu=29.95 W, 1 %  pg=running  cola=47 resultados
2026-08-28 15:00:01  CORRIENDO  procesos=1  gpu=235.17 W, 94 %  pg=running  :: scripts.extraer_obligaciones 
2026-08-28 16:00:01  CORRIENDO  procesos=1  gpu=177.74 W, 85 %  pg=running  :: scripts.extraer_obligaciones 
2026-08-28 17:00:02  PARADO  <-- nada trabajando     gpu=19.25 W, 0 %  pg=running  cola=47 resultados
2026-08-28 18:00:01  PARADO  <-- nada trabajando     gpu=30.62 W, 0 %  pg=running  cola=47 resultados
2026-08-28 20:00:01  PARADO  <-- nada trabajando     gpu=225.74 W, 97 %  pg=running  cola=47 resultados
2026-08-28 21:00:01  PARADO  <-- nada trabajando     gpu=230.65 W, 98 %  pg=running  cola=47 resultados
2026-08-28 22:00:01  PARADO  <-- nada trabajando     gpu=60.94 W, 42 %  pg=running  cola=47 resultados
2026-08-28 23:00:01  PARADO  <-- nada trabajando     gpu=55.86 W, 24 %  pg=running  cola=47 resultados
2026-08-29 00:00:01  PARADO  <-- nada trabajando     gpu=34.62 W, 0 %  pg=running  cola=47 resultados
2026-08-29 01:00:01  PARADO  <-- nada trabajando     gpu=38.82 W, 7 %  pg=running  cola=47 resultados
2026-08-29 02:00:01  PARADO  <-- nada trabajando     gpu=33.60 W, 0 %  pg=running  cola=47 resultados
2026-08-29 03:00:01  PARADO  <-- nada trabajando     gpu=34.34 W, 0 %  pg=running  cola=47 resultados
2026-08-29 04:00:01  PARADO  <-- nada trabajando     gpu=35.90 W, 3 %  pg=running  cola=47 resultados
2026-08-29 05:00:01  PARADO  <-- nada trabajando     gpu=34.79 W, 0 %  pg=running  cola=47 resultados
2026-08-29 06:00:01  PARADO  <-- nada trabajando     gpu=36.32 W, 0 %  pg=running  cola=47 resultados
2026-08-29 07:00:01  PARADO  <-- nada trabajando     gpu=34.69 W, 4 %  pg=running  cola=47 resultados
2026-08-29 08:00:02  PARADO  <-- nada trabajando     gpu=31.54 W, 6 %  pg=running  cola=47 resultados
2026-08-29 09:00:01  PARADO  <-- nada trabajando     gpu=31.51 W, 0 %  pg=running  cola=47 resultados
2026-08-29 10:00:01  PARADO  <-- nada trabajando     gpu=34.90 W, 0 %  pg=running  cola=47 resultados
2026-08-29 11:00:01  PARADO  <-- nada trabajando     gpu=189.77 W, 98 %  pg=running  cola=47 resultados
2026-08-29 12:00:01  PARADO  <-- nada trabajando     gpu=277.65 W, 97 %  pg=running  cola=47 resultados
2026-08-29 13:00:01  PARADO  <-- nada trabajando     gpu=52.89 W, 39 %  pg=running  cola=47 resultados
2026-08-29 14:00:01  PARADO  <-- nada trabajando     gpu=50.33 W, 22 %  pg=running  cola=47 resultados
2026-08-29 15:00:01  PARADO  <-- nada trabajando     gpu=43.04 W, 19 %  pg=running  cola=47 resultados
2026-08-29 16:00:01  PARADO  <-- nada trabajando     gpu=48.00 W, 19 %  pg=running  cola=47 resultados
2026-08-29 17:00:01  PARADO  <-- nada trabajando     gpu=43.13 W, 19 %  pg=running  cola=47 resultados
2026-08-29 18:00:01  PARADO  <-- nada trabajando     gpu=47.90 W, 19 %  pg=running  cola=47 resultados
2026-08-29 19:00:01  PARADO  <-- nada trabajando     gpu=42.94 W, 19 %  pg=running  cola=47 resultados
2026-08-29 20:00:01  PARADO  <-- nada trabajando     gpu=42.76 W, 19 %  pg=running  cola=47 resultados
2026-08-29 21:00:01  PARADO  <-- nada trabajando     gpu=40.70 W, 19 %  pg=running  cola=47 resultados
2026-08-29 22:00:01  PARADO  <-- nada trabajando     gpu=32.09 W, 0 %  pg=running  cola=47 resultados
2026-08-29 23:00:01  PARADO  <-- nada trabajando     gpu=33.93 W, 0 %  pg=running  cola=47 resultados
2026-08-30 00:00:01  PARADO  <-- nada trabajando     gpu=33.96 W, 0 %  pg=running  cola=47 resultados
2026-08-30 01:00:01  PARADO  <-- nada trabajando     gpu=34.99 W, 0 %  pg=running  cola=47 resultados
2026-08-30 02:00:01  PARADO  <-- nada trabajando     gpu=33.21 W, 0 %  pg=running  cola=47 resultados
2026-08-30 03:00:01  PARADO  <-- nada trabajando     gpu=35.17 W, 0 %  pg=running  cola=47 resultados
2026-08-30 04:00:01  PARADO  <-- nada trabajando     gpu=32.11 W, 0 %  pg=running  cola=47 resultados
2026-08-30 05:00:01  PARADO  <-- nada trabajando     gpu=34.44 W, 0 %  pg=running  cola=47 resultados
2026-08-30 06:00:01  PARADO  <-- nada trabajando     gpu=36.18 W, 7 %  pg=running  cola=47 resultados
2026-08-30 07:00:01  PARADO  <-- nada trabajando     gpu=32.95 W, 0 %  pg=running  cola=47 resultados
2026-08-30 08:00:01  PARADO  <-- nada trabajando     gpu=34.73 W, 0 %  pg=running  cola=47 resultados
2026-08-30 09:00:01  PARADO  <-- nada trabajando     gpu=35.53 W, 0 %  pg=running  cola=47 resultados
2026-08-30 10:00:01  PARADO  <-- nada trabajando     gpu=37.03 W, 7 %  pg=running  cola=47 resultados
2026-08-30 11:00:01  PARADO  <-- nada trabajando     gpu=33.75 W, 0 %  pg=running  cola=47 resultados
2026-08-30 12:00:02  CORRIENDO  procesos=1  gpu=244.81 W, 95 %  pg=running  :: scripts.extraer_obligaciones 
2026-08-30 13:00:01  CORRIENDO  procesos=1  gpu=240.35 W, 95 %  pg=running  :: scripts.extraer_obligaciones 
2026-08-30 14:00:01  CORRIENDO  procesos=1  gpu=238.52 W, 81 %  pg=running  :: scripts.extraer_obligaciones 
2026-08-30 15:00:01  PARADO  <-- nada trabajando     gpu=51.30 W, 27 %  pg=running  cola=47 resultados
2026-08-30 16:00:01  CORRIENDO  procesos=1  gpu=238.60 W, 96 %  pg=running  :: scripts.extraer_obligaciones 
2026-08-30 17:00:01  CORRIENDO  procesos=1  gpu=240.32 W, 95 %  pg=running  :: scripts.extraer_obligaciones 
2026-08-30 18:00:02  CORRIENDO  procesos=1  gpu=244.05 W, 95 %  pg=running  :: scripts.extraer_obligaciones 
2026-08-30 19:00:01  CORRIENDO  procesos=1  gpu=233.90 W, 95 %  pg=running  :: scripts.extraer_obligaciones 
2026-08-30 20:00:01  CORRIENDO  procesos=1  gpu=234.06 W, 96 %  pg=running  :: scripts.extraer_obligaciones 
2026-08-30 21:00:01  CORRIENDO  procesos=1  gpu=243.49 W, 94 %  pg=running  :: scripts.extraer_obligaciones 
2026-08-30 22:00:01  CORRIENDO  procesos=1  gpu=234.92 W, 96 %  pg=running  :: scripts.extraer_obligaciones 
2026-08-30 23:00:01  PARADO  <-- nada trabajando     gpu=225.78 W, 57 %  pg=running  cola=47 resultados
2026-08-31 00:00:01  PARADO  <-- nada trabajando     gpu=227.67 W, 65 %  pg=running  cola=47 resultados
2026-08-31 01:00:01  CORRIENDO  procesos=1  gpu=199.40 W, 96 %  pg=running  :: scripts.extraer_obligaciones 
2026-08-31 02:00:01  CORRIENDO  procesos=1  gpu=179.85 W, 96 %  pg=running  :: scripts.extraer_obligaciones 
2026-08-31 03:00:01  CORRIENDO  procesos=1  gpu=180.11 W, 96 %  pg=running  :: scripts.extraer_obligaciones 
2026-08-31 04:00:01  CORRIENDO  procesos=1  gpu=179.96 W, 97 %  pg=running  :: scripts.extraer_obligaciones 
2026-08-31 05:00:01  CORRIENDO  procesos=1  gpu=179.78 W, 97 %  pg=running  :: scripts.extraer_obligaciones 
2026-08-31 06:00:01  CORRIENDO  procesos=1  gpu=179.96 W, 97 %  pg=running  :: scripts.extraer_obligaciones 
2026-08-31 07:00:01  CORRIENDO  procesos=2  gpu=143.47 W, 0 %  pg=running  :: scripts.actualizar_norma scripts.aplicar_cambios 
2026-08-31 08:00:01  PARADO  <-- nada trabajando     gpu=38.96 W, 2 %  pg=running  cola=47 resultados
2026-08-31 09:00:01  PARADO  <-- nada trabajando     gpu=34.40 W, 1 %  pg=running  cola=47 resultados
2026-08-31 10:00:01  PARADO  <-- nada trabajando     gpu=37.65 W, 1 %  pg=running  cola=47 resultados
2026-08-31 11:00:01  PARADO  <-- nada trabajando     gpu=36.26 W, 0 %  pg=running  cola=47 resultados
2026-08-31 12:00:01  PARADO  <-- nada trabajando     gpu=33.54 W, 0 %  pg=running  cola=47 resultados
2026-08-31 13:00:02  PARADO  <-- nada trabajando     gpu=38.14 W, 2 %  pg=running  cola=47 resultados
2026-08-31 14:00:01  PARADO  <-- nada trabajando     gpu=35.90 W, 2 %  pg=running  cola=47 resultados
2026-08-31 15:00:01  CORRIENDO  procesos=1  gpu=35.86 W, 8 %  pg=running  :: scripts.rescrape_partial 
2026-08-31 16:00:01  CORRIENDO  procesos=1  gpu=179.83 W, 96 %  pg=running  :: scripts.extraer_obligaciones 
2026-08-31 17:00:01  CORRIENDO  procesos=1  gpu=180.18 W, 96 %  pg=running  :: scripts.extraer_obligaciones 
2026-08-31 18:00:01  PARADO  <-- nada trabajando     gpu=33.50 W, 7 %  pg=running  cola=47 resultados
2026-08-31 19:00:01  PARADO  <-- nada trabajando     gpu=33.20 W, 0 %  pg=running  cola=47 resultados
2026-08-31 20:00:01  PARADO  <-- nada trabajando     gpu=36.05 W, 2 %  pg=running  cola=47 resultados
2026-08-31 21:00:01  PARADO  <-- nada trabajando     gpu=33.98 W, 7 %  pg=running  cola=47 resultados
2026-08-31 22:00:01  PARADO  <-- nada trabajando     gpu=36.14 W, 8 %  pg=running  cola=47 resultados
2026-08-31 23:00:02  PARADO  <-- nada trabajando     gpu=55.48 W, 30 %  pg=running  cola=47 resultados
2026-09-01 00:00:01  PARADO  <-- nada trabajando     gpu=50.31 W, 39 %  pg=running  cola=47 resultados
2026-09-01 01:00:01  PARADO  <-- nada trabajando     gpu=33.65 W, 7 %  pg=running  cola=47 resultados
2026-09-01 02:00:01  PARADO  <-- nada trabajando     gpu=33.24 W, 0 %  pg=running  cola=47 resultados
2026-09-01 03:00:01  PARADO  <-- nada trabajando     gpu=33.15 W, 0 %  pg=running  cola=47 resultados
2026-09-01 04:00:01  PARADO  <-- nada trabajando     gpu=32.51 W, 0 %  pg=running  cola=47 resultados
2026-09-01 05:00:01  PARADO  <-- nada trabajando     gpu=37.67 W, 0 %  pg=running  cola=47 resultados
2026-09-01 06:00:01  PARADO  <-- nada trabajando     gpu=35.69 W, 0 %  pg=running  cola=47 resultados
2026-09-01 07:00:01  PARADO  <-- nada trabajando     gpu=35.43 W, 0 %  pg=running  cola=47 resultados
2026-09-01 08:00:01  PARADO  <-- nada trabajando     gpu=34.57 W, 3 %  pg=running  cola=47 resultados
2026-09-01 09:00:01  PARADO  <-- nada trabajando     gpu=34.76 W, 0 %  pg=running  cola=47 resultados
2026-09-01 10:00:01  PARADO  <-- nada trabajando     gpu=33.44 W, 0 %  pg=running  cola=47 resultados
2026-09-01 11:00:01  PARADO  <-- nada trabajando     gpu=34.12 W, 0 %  pg=running  cola=47 resultados
2026-09-01 12:00:01  PARADO  <-- nada trabajando     gpu=34.08 W, 0 %  pg=running  cola=47 resultados
2026-09-01 13:00:02  CORRIENDO  procesos=2  gpu=37.43 W, 2 %  pg=running  :: scripts.actualizar_norma scripts.aplicar_cambios 
2026-09-01 14:00:01  CORRIENDO  procesos=1  gpu=32.37 W, 1 %  pg=running  :: scripts.resolver_citas_normas 
2026-09-01 15:00:02  PARADO  <-- nada trabajando     gpu=34.94 W, 2 %  pg=running  cola=47 resultados
2026-09-01 16:00:01  PARADO  <-- nada trabajando     gpu=38.61 W, 0 %  pg=running  cola=47 resultados
2026-09-01 17:00:01  PARADO  <-- nada trabajando     gpu=34.28 W, 0 %  pg=running  cola=47 resultados
2026-09-01 18:00:01  PARADO  <-- nada trabajando     gpu=36.24 W, 2 %  pg=running  cola=47 resultados
2026-09-01 19:00:01  PARADO  <-- nada trabajando     gpu=39.02 W, 4 %  pg=running  cola=47 resultados
2026-09-01 20:00:01  PARADO  <-- nada trabajando     gpu=54.99 W, 27 %  pg=running  cola=47 resultados
2026-09-01 21:00:01  PARADO  <-- nada trabajando     gpu=41.43 W, 2 %  pg=running  cola=47 resultados
2026-09-01 22:00:01  PARADO  <-- nada trabajando     gpu=37.23 W, 6 %  pg=running  cola=47 resultados
2026-09-01 23:00:01  CORRIENDO  procesos=1  gpu=179.77 W, 98 %  pg=running  :: scripts.exp_tipos_pregunta 
2026-09-02 00:00:01  CORRIENDO  procesos=1  gpu=179.82 W, 98 %  pg=running  :: scripts.exp_selfcons_n 
2026-09-02 01:00:02  CORRIENDO  procesos=1  gpu=147.50 W, 3 %  pg=running  :: scripts.exp_selfcons_n 
2026-09-02 02:00:01  CORRIENDO  procesos=1  gpu=179.88 W, 98 %  pg=running  :: scripts.exp_selfcons_n 
2026-09-02 03:00:01  CORRIENDO  procesos=1  gpu=179.90 W, 98 %  pg=running  :: scripts.exp_selfcons_n 
2026-09-02 04:00:01  CORRIENDO  procesos=1  gpu=179.90 W, 97 %  pg=running  :: scripts.exp_selfcons_n 
2026-09-02 05:00:01  CORRIENDO  procesos=1  gpu=179.83 W, 97 %  pg=running  :: scripts.exp_selfcons_n 
2026-09-02 06:00:01  CORRIENDO  procesos=1  gpu=179.92 W, 98 %  pg=running  :: scripts.exp_selfcons_n 
2026-09-02 07:00:01  CORRIENDO  procesos=1  gpu=179.91 W, 98 %  pg=running  :: scripts.exp_selfcons_n 
2026-09-02 08:00:01  PARADO  <-- nada trabajando     gpu=34.71 W, 0 %  pg=running  cola=48 resultados
2026-09-02 09:00:01  PARADO  <-- nada trabajando     gpu=34.28 W, 0 %  pg=running  cola=48 resultados
2026-09-02 10:00:01  PARADO  <-- nada trabajando     gpu=30.57 W, 0 %  pg=running  cola=48 resultados
2026-09-02 11:00:01  PARADO  <-- nada trabajando     gpu=33.82 W, 0 %  pg=running  cola=48 resultados
2026-09-02 12:00:01  PARADO  <-- nada trabajando     gpu=35.68 W, 5 %  pg=running  cola=48 resultados
2026-09-02 13:00:01  PARADO  <-- nada trabajando     gpu=29.07 W, 0 %  pg=running  cola=48 resultados
2026-09-02 14:00:01  PARADO  <-- nada trabajando     gpu=30.15 W, 0 %  pg=running  cola=48 resultados
2026-09-02 15:00:01  PARADO  <-- nada trabajando     gpu=33.83 W, 0 %  pg=running  cola=48 resultados
2026-09-02 16:00:01  PARADO  <-- nada trabajando     gpu=41.62 W, 7 %  pg=running  cola=48 resultados
2026-09-02 17:00:01  PARADO  <-- nada trabajando     gpu=32.03 W, 0 %  pg=running  cola=48 resultados
2026-09-02 18:00:02  PARADO  <-- nada trabajando     gpu=33.72 W, 0 %  pg=running  cola=48 resultados
2026-09-02 19:00:01  PARADO  <-- nada trabajando     gpu=33.09 W, 0 %  pg=running  cola=48 resultados
2026-09-02 20:00:01  PARADO  <-- nada trabajando     gpu=33.05 W, 0 %  pg=running  cola=48 resultados
2026-09-02 21:00:01  PARADO  <-- nada trabajando     gpu=35.62 W, 0 %  pg=running  cola=48 resultados
2026-09-02 22:00:01  PARADO  <-- nada trabajando     gpu=33.87 W, 0 %  pg=running  cola=48 resultados
2026-09-02 23:00:01  PARADO  <-- nada trabajando     gpu=31.34 W, 0 %  pg=running  cola=48 resultados
2026-09-03 00:00:01  PARADO  <-- nada trabajando     gpu=33.09 W, 0 %  pg=running  cola=48 resultados
2026-09-03 01:00:01  PARADO  <-- nada trabajando     gpu=33.30 W, 0 %  pg=running  cola=48 resultados
2026-09-03 02:00:01  PARADO  <-- nada trabajando     gpu=35.47 W, 0 %  pg=running  cola=48 resultados
2026-09-03 03:00:01  PARADO  <-- nada trabajando     gpu=24.66 W, 0 %  pg=running  cola=48 resultados
2026-09-03 04:00:01  PARADO  <-- nada trabajando     gpu=33.41 W, 0 %  pg=running  cola=48 resultados
2026-09-03 05:00:01  PARADO  <-- nada trabajando     gpu=28.67 W, 0 %  pg=running  cola=48 resultados
2026-09-03 06:00:02  PARADO  <-- nada trabajando     gpu=30.43 W, 0 %  pg=running  cola=48 resultados
2026-09-03 07:00:01  PARADO  <-- nada trabajando     gpu=33.42 W, 0 %  pg=running  cola=48 resultados
2026-09-03 08:00:01  PARADO  <-- nada trabajando     gpu=33.24 W, 0 %  pg=running  cola=48 resultados
2026-09-03 09:00:01  PARADO  <-- nada trabajando     gpu=34.38 W, 2 %  pg=running  cola=48 resultados
2026-09-03 10:00:01  PARADO  <-- nada trabajando     gpu=28.23 W, 0 %  pg=running  cola=48 resultados
2026-09-03 11:00:01  PARADO  <-- nada trabajando     gpu=29.47 W, 0 %  pg=running  cola=48 resultados
2026-09-03 12:00:01  PARADO  <-- nada trabajando     gpu=32.83 W, 0 %  pg=running  cola=48 resultados
2026-09-03 13:00:01  PARADO  <-- nada trabajando     gpu=32.75 W, 0 %  pg=running  cola=48 resultados
2026-09-03 14:00:01  PARADO  <-- nada trabajando     gpu=31.06 W, 0 %  pg=running  cola=48 resultados
2026-09-03 15:00:01  PARADO  <-- nada trabajando     gpu=27.09 W, 0 %  pg=running  cola=48 resultados
2026-09-03 16:00:01  PARADO  <-- nada trabajando     gpu=34.13 W, 0 %  pg=running  cola=48 resultados
2026-09-03 17:00:01  PARADO  <-- nada trabajando     gpu=39.42 W, 7 %  pg=running  cola=48 resultados
2026-09-03 18:00:01  PARADO  <-- nada trabajando     gpu=38.53 W, 10 %  pg=running  cola=48 resultados
2026-09-03 19:00:02  CORRIENDO  procesos=1  gpu=179.87 W, 98 %  pg=running  :: scripts.exp_think_paired 
2026-09-03 20:00:01  CORRIENDO  procesos=1  gpu=179.91 W, 98 %  pg=running  :: scripts.exp_think_paired 
2026-09-03 21:00:01  CORRIENDO  procesos=1  gpu=179.90 W, 98 %  pg=running  :: scripts.exp_think_paired 
2026-09-03 22:00:01  CORRIENDO  procesos=1  gpu=179.93 W, 98 %  pg=running  :: scripts.exp_think_paired 
2026-09-03 23:00:01  CORRIENDO  procesos=1  gpu=179.69 W, 97 %  pg=running  :: scripts.exp_think_paired 
2026-09-04 00:00:02  CORRIENDO  procesos=1  gpu=179.95 W, 97 %  pg=running  :: scripts.exp_think_paired 
2026-09-04 01:00:01  CORRIENDO  procesos=1  gpu=180.13 W, 97 %  pg=running  :: scripts.exp_think_paired 
2026-09-04 02:00:01  CORRIENDO  procesos=1  gpu=179.88 W, 98 %  pg=running  :: scripts.exp_think_paired 
2026-09-04 03:00:01  CORRIENDO  procesos=1  gpu=179.87 W, 97 %  pg=running  :: scripts.exp_think_paired 
2026-09-04 04:00:01  CORRIENDO  procesos=1  gpu=180.13 W, 97 %  pg=running  :: scripts.exp_think_paired 
2026-09-04 05:00:01  CORRIENDO  procesos=1  gpu=179.90 W, 97 %  pg=running  :: scripts.exp_think_paired 
2026-09-04 06:00:02  CORRIENDO  procesos=1  gpu=180.25 W, 97 %  pg=running  :: scripts.exp_think_paired 
2026-09-04 07:00:01  CORRIENDO  procesos=1  gpu=179.90 W, 98 %  pg=running  :: scripts.exp_think_paired 
2026-09-04 08:00:01  CORRIENDO  procesos=1  gpu=179.89 W, 98 %  pg=running  :: scripts.exp_think_paired 
2026-09-04 09:00:01  CORRIENDO  procesos=1  gpu=179.82 W, 97 %  pg=running  :: scripts.exp_think_paired 
2026-09-04 10:00:01  CORRIENDO  procesos=1  gpu=179.85 W, 98 %  pg=running  :: scripts.exp_think_paired 
2026-09-04 11:00:01  CORRIENDO  procesos=1  gpu=179.91 W, 97 %  pg=running  :: scripts.exp_think_paired 
2026-09-04 12:00:01  CORRIENDO  procesos=1  gpu=40.91 W, 6 %  pg=running  :: scripts.exp_think_paired 
2026-09-04 13:00:01  CORRIENDO  procesos=1  gpu=179.97 W, 98 %  pg=running  :: scripts.exp_think_paired 
2026-09-04 14:00:01  CORRIENDO  procesos=1  gpu=179.88 W, 97 %  pg=running  :: scripts.exp_think_paired 
2026-09-04 15:00:01  CORRIENDO  procesos=1  gpu=179.84 W, 97 %  pg=running  :: scripts.exp_tipos_pregunta 
2026-09-04 16:00:02  CORRIENDO  procesos=1  gpu=179.86 W, 98 %  pg=running  :: scripts.exp_think_paired 
2026-09-04 17:00:01  CORRIENDO  procesos=1  gpu=179.90 W, 97 %  pg=running  :: scripts.exp_think_paired 
2026-09-04 18:00:01  CORRIENDO  procesos=1  gpu=179.87 W, 98 %  pg=running  :: scripts.exp_think_paired 
2026-09-04 19:00:01  CORRIENDO  procesos=1  gpu=179.81 W, 98 %  pg=running  :: scripts.exp_think_paired 
2026-09-04 20:00:02  CORRIENDO  procesos=1  gpu=179.79 W, 98 %  pg=running  :: scripts.exp_think_paired 
2026-09-04 21:00:01  CORRIENDO  procesos=1  gpu=179.85 W, 97 %  pg=running  :: scripts.exp_think_paired 
2026-09-04 22:00:01  CORRIENDO  procesos=1  gpu=179.91 W, 97 %  pg=running  :: scripts.exp_think_paired 
2026-09-04 23:00:01  CORRIENDO  procesos=1  gpu=179.88 W, 97 %  pg=running  :: scripts.exp_think_paired 
2026-09-05 00:00:01  CORRIENDO  procesos=1  gpu=179.76 W, 97 %  pg=running  :: scripts.exp_think_paired 
2026-09-05 01:00:01  CORRIENDO  procesos=1  gpu=146.36 W, 0 %  pg=running  :: scripts.exp_think_paired 
2026-09-05 02:00:01  CORRIENDO  procesos=1  gpu=179.95 W, 98 %  pg=running  :: scripts.exp_think_paired 
2026-09-05 03:00:01  CORRIENDO  procesos=1  gpu=179.79 W, 97 %  pg=running  :: scripts.exp_think_paired 
2026-09-05 04:00:01  CORRIENDO  procesos=1  gpu=179.78 W, 98 %  pg=running  :: scripts.exp_think_paired 
2026-09-05 05:00:01  CORRIENDO  procesos=1  gpu=180.40 W, 100 %  pg=running  :: scripts.exp_think_paired 
2026-09-05 06:00:01  CORRIENDO  procesos=1  gpu=180.09 W, 100 %  pg=running  :: scripts.exp_think_paired 
2026-09-05 07:00:01  CORRIENDO  procesos=1  gpu=179.84 W, 98 %  pg=running  :: scripts.exp_think_paired 
2026-09-05 08:00:01  CORRIENDO  procesos=1  gpu=179.85 W, 97 %  pg=running  :: scripts.exp_think_paired 
2026-09-05 09:00:01  CORRIENDO  procesos=1  gpu=179.78 W, 97 %  pg=running  :: scripts.exp_think_paired 
2026-09-05 10:00:01  CORRIENDO  procesos=1  gpu=179.99 W, 97 %  pg=running  :: scripts.exp_think_paired 
2026-09-05 11:00:01  CORRIENDO  procesos=1  gpu=137.12 W, 0 %  pg=running  :: scripts.diag_donde_falla 
2026-09-05 12:00:01  CORRIENDO  procesos=1  gpu=136.01 W, 0 %  pg=running  :: scripts.diag_donde_falla 
2026-09-05 13:00:01  CORRIENDO  procesos=1  gpu=126.34 W, 0 %  pg=running  :: scripts.diag_donde_falla 
2026-09-05 14:00:01  CORRIENDO  procesos=1  gpu=31.45 W, 0 %  pg=running  :: scripts.diag_donde_falla 
2026-09-05 15:00:01  CORRIENDO  procesos=1  gpu=31.95 W, 0 %  pg=running  :: scripts.diag_donde_falla 
2026-09-05 16:00:02  CORRIENDO  procesos=1  gpu=46.39 W, 0 %  pg=running  :: scripts.diag_donde_falla 
2026-09-05 17:00:01  PARADO  <-- nada trabajando     gpu=32.19 W, 0 %  pg=running  cola=52 resultados
2026-09-05 18:00:01  CORRIENDO  procesos=1  gpu=179.86 W, 98 %  pg=running  :: scripts.exp_think_paired 
2026-09-05 19:00:01  CORRIENDO  procesos=1  gpu=179.90 W, 98 %  pg=running  :: scripts.exp_think_paired 
2026-09-05 20:00:01  CORRIENDO  procesos=1  gpu=179.69 W, 97 %  pg=running  :: scripts.exp_think_paired 
2026-09-05 21:00:01  CORRIENDO  procesos=1  gpu=178.06 W, 2 %  pg=running  :: scripts.exp_think_paired 
2026-09-05 22:00:02  CORRIENDO  procesos=1  gpu=179.74 W, 99 %  pg=running  :: scripts.exp_think_paired 
2026-09-05 23:00:01  CORRIENDO  procesos=1  gpu=179.88 W, 98 %  pg=running  :: scripts.exp_think_paired 
2026-09-06 01:00:01  CORRIENDO  procesos=1  gpu=179.78 W, 96 %  pg=running  :: scripts.exp_think_paired 
2026-09-06 02:00:02  CORRIENDO  procesos=1  gpu=179.86 W, 98 %  pg=running  :: scripts.exp_think_paired 
2026-09-06 03:00:01  CORRIENDO  procesos=1  gpu=181.18 W, 100 %  pg=running  :: scripts.exp_think_paired 
2026-09-06 04:00:01  CORRIENDO  procesos=1  gpu=179.77 W, 98 %  pg=running  :: scripts.exp_think_paired 
2026-09-06 05:00:01  CORRIENDO  procesos=1  gpu=180.07 W, 97 %  pg=running  :: scripts.exp_think_paired 
2026-09-06 06:00:01  CORRIENDO  procesos=1  gpu=179.85 W, 98 %  pg=running  :: scripts.exp_think_paired 
2026-09-06 07:00:02  CORRIENDO  procesos=1  gpu=179.97 W, 98 %  pg=running  :: scripts.exp_think_paired 
2026-09-06 08:00:01  CORRIENDO  procesos=1  gpu=179.80 W, 99 %  pg=running  :: scripts.exp_think_paired 
2026-09-06 09:00:01  CORRIENDO  procesos=1  gpu=179.94 W, 98 %  pg=running  :: scripts.exp_think_paired 
2026-09-06 10:00:02  CORRIENDO  procesos=1  gpu=179.85 W, 97 %  pg=running  :: scripts.exp_fidelidad 
2026-09-06 11:00:01  CORRIENDO  procesos=1  gpu=180.20 W, 97 %  pg=running  :: scripts.exp_fidelidad 
2026-09-06 12:00:01  CORRIENDO  procesos=1  gpu=179.79 W, 97 %  pg=running  :: scripts.exp_fidelidad 
2026-09-06 13:00:02  CORRIENDO  procesos=1  gpu=179.99 W, 97 %  pg=running  :: scripts.exp_fidelidad 
2026-09-06 14:00:01  CORRIENDO  procesos=1  gpu=178.87 W, 100 %  pg=running  :: scripts.exp_fidelidad 
2026-09-06 15:00:01  CORRIENDO  procesos=1  gpu=179.55 W, 97 %  pg=running  :: scripts.exp_fidelidad 
2026-09-06 16:00:01  PARADO  <-- nada trabajando     gpu=40.72 W, 13 %  pg=running  cola=53 resultados
2026-09-06 17:00:01  PARADO  <-- nada trabajando     gpu=39.80 W, 11 %  pg=running  cola=53 resultados
2026-09-06 18:00:01  PARADO  <-- nada trabajando     gpu=30.18 W, 0 %  pg=running  cola=53 resultados
2026-09-06 19:00:02  PARADO  <-- nada trabajando     gpu=34.28 W, 0 %  pg=running  cola=53 resultados
2026-09-06 20:00:01  PARADO  <-- nada trabajando     gpu=32.58 W, 0 %  pg=running  cola=53 resultados
2026-09-06 21:00:01  PARADO  <-- nada trabajando     gpu=42.67 W, 17 %  pg=running  cola=53 resultados
2026-09-06 22:00:01  PARADO  <-- nada trabajando     gpu=56.82 W, 33 %  pg=running  cola=53 resultados
2026-09-06 23:00:01  PARADO  <-- nada trabajando     gpu=59.89 W, 38 %  pg=running  cola=53 resultados
2026-09-07 00:00:01  PARADO  <-- nada trabajando     gpu=43.75 W, 20 %  pg=running  cola=53 resultados
2026-09-07 01:00:01  PARADO  <-- nada trabajando     gpu=52.64 W, 16 %  pg=running  cola=53 resultados
2026-09-07 02:00:01  CORRIENDO  procesos=1  gpu=179.84 W, 98 %  pg=running  :: scripts.exp_think_paired 
2026-09-07 03:00:01  CORRIENDO  procesos=1  gpu=179.89 W, 98 %  pg=running  :: scripts.exp_think_paired 
2026-09-07 04:00:01  CORRIENDO  procesos=1  gpu=179.82 W, 98 %  pg=running  :: scripts.exp_think_paired 
2026-09-07 05:00:01  CORRIENDO  procesos=1  gpu=179.78 W, 99 %  pg=running  :: scripts.exp_think_paired 
2026-09-07 06:00:01  CORRIENDO  procesos=1  gpu=179.77 W, 100 %  pg=running  :: scripts.exp_think_paired 
2026-09-07 07:00:02  CORRIENDO  procesos=3  gpu=147.08 W, 2 %  pg=running  :: scripts.actualizar_norma scripts.aplicar_cambios scripts.exp_think_paired 
2026-09-07 08:00:01  CORRIENDO  procesos=1  gpu=179.78 W, 98 %  pg=running  :: scripts.exp_think_paired 
2026-09-07 09:00:01  CORRIENDO  procesos=1  gpu=179.89 W, 98 %  pg=running  :: scripts.exp_think_paired 
2026-09-07 10:00:02  CORRIENDO  procesos=1  gpu=179.85 W, 98 %  pg=running  :: scripts.exp_think_paired 
2026-09-07 11:00:01  CORRIENDO  procesos=1  gpu=179.95 W, 98 %  pg=running  :: scripts.exp_think_paired 
2026-09-07 12:00:01  CORRIENDO  procesos=1  gpu=179.91 W, 100 %  pg=running  :: scripts.exp_think_paired 
2026-09-07 13:00:01  CORRIENDO  procesos=1  gpu=38.83 W, 9 %  pg=running  :: scripts.exp_think_paired 
2026-09-07 14:00:01  CORRIENDO  procesos=1  gpu=237.13 W, 94 %  pg=running  :: scripts.exp_fidelidad 
2026-09-07 15:00:02  CORRIENDO  procesos=1  gpu=229.12 W, 100 %  pg=running  :: scripts.exp_fidelidad 
2026-09-07 16:00:01  CORRIENDO  procesos=1  gpu=226.86 W, 95 %  pg=running  :: scripts.exp_fidelidad 
2026-09-07 17:00:01  CORRIENDO  procesos=1  gpu=229.19 W, 95 %  pg=running  :: scripts.exp_fidelidad 
2026-09-07 18:00:01  CORRIENDO  procesos=1  gpu=218.80 W, 100 %  pg=running  :: scripts.exp_fidelidad 
2026-09-07 19:00:02  CORRIENDO  procesos=1  gpu=234.76 W, 95 %  pg=running  :: scripts.exp_think_paired 
2026-09-07 20:00:01  CORRIENDO  procesos=1  gpu=239.82 W, 95 %  pg=running  :: scripts.exp_think_paired 
2026-09-07 21:00:01  CORRIENDO  procesos=1  gpu=151.28 W, 0 %  pg=running  :: scripts.exp_think_paired 
2026-09-07 22:00:01  CORRIENDO  procesos=1  gpu=242.52 W, 95 %  pg=running  :: scripts.exp_think_paired 
2026-09-07 23:00:01  CORRIENDO  procesos=1  gpu=231.61 W, 96 %  pg=running  :: scripts.exp_think_paired 
2026-09-08 00:00:01  CORRIENDO  procesos=1  gpu=230.73 W, 96 %  pg=running  :: scripts.exp_think_paired 
2026-09-08 01:00:02  CORRIENDO  procesos=1  gpu=180.46 W, 98 %  pg=running  :: scripts.exp_think_paired 
2026-09-08 02:00:01  CORRIENDO  procesos=1  gpu=179.71 W, 97 %  pg=running  :: scripts.exp_fidelidad 
2026-09-08 03:00:01  CORRIENDO  procesos=1  gpu=179.88 W, 97 %  pg=running  :: scripts.exp_fidelidad 
2026-09-08 04:00:01  CORRIENDO  procesos=1  gpu=179.55 W, 96 %  pg=running  :: scripts.exp_fidelidad 
2026-09-08 05:00:01  CORRIENDO  procesos=1  gpu=180.19 W, 98 %  pg=running  :: scripts.exp_fidelidad 
2026-09-08 06:00:01  CORRIENDO  procesos=1  gpu=180.02 W, 97 %  pg=running  :: scripts.exp_fidelidad 
2026-09-08 07:00:01  CORRIENDO  procesos=1  gpu=179.93 W, 97 %  pg=running  :: scripts.exp_fidelidad 
2026-09-08 08:00:01  CORRIENDO  procesos=1  gpu=179.84 W, 97 %  pg=running  :: scripts.exp_think_paired 
2026-09-08 09:00:02  CORRIENDO  procesos=1  gpu=179.83 W, 97 %  pg=running  :: scripts.exp_think_paired 
2026-09-08 14:00:01  PARADO  <-- nada trabajando     gpu=20.32 W, 0 %  pg=running  cola=60 resultados
2026-09-08 15:00:01  PARADO  <-- nada trabajando     gpu=18.75 W, 0 %  pg=running  cola=60 resultados
2026-09-08 16:00:02  CORRIENDO  procesos=1  gpu=34.65 W, 0 %  pg=running  :: scripts.exp_think_paired 
2026-09-08 17:00:01  CORRIENDO  procesos=1  gpu=231.98 W, 95 %  pg=running  :: scripts.exp_think_paired 
2026-09-08 18:00:01  CORRIENDO  procesos=1  gpu=233.85 W, 95 %  pg=running  :: scripts.exp_think_paired 
2026-09-08 19:00:01  CORRIENDO  procesos=1  gpu=241.45 W, 96 %  pg=running  :: scripts.exp_think_paired 
2026-09-08 20:00:01  CORRIENDO  procesos=1  gpu=237.73 W, 95 %  pg=running  :: scripts.exp_think_paired 
2026-09-08 21:00:01  CORRIENDO  procesos=1  gpu=229.49 W, 99 %  pg=running  :: scripts.exp_think_paired 
2026-09-08 22:00:02  CORRIENDO  procesos=1  gpu=235.68 W, 95 %  pg=running  :: scripts.exp_fidelidad 
2026-09-08 23:00:01  CORRIENDO  procesos=1  gpu=237.43 W, 95 %  pg=running  :: scripts.exp_fidelidad 
2026-09-09 00:00:01  CORRIENDO  procesos=1  gpu=179.95 W, 98 %  pg=running  :: scripts.exp_fidelidad 
2026-09-09 01:00:01  CORRIENDO  procesos=1  gpu=179.92 W, 97 %  pg=running  :: scripts.exp_verificar 
2026-09-09 02:00:01  CORRIENDO  procesos=1  gpu=179.75 W, 97 %  pg=running  :: scripts.exp_verificar 
2026-09-09 03:00:01  CORRIENDO  procesos=1  gpu=179.70 W, 97 %  pg=running  :: scripts.exp_verificar 
2026-09-09 04:00:01  CORRIENDO  procesos=1  gpu=175.08 W, 97 %  pg=running  :: scripts.exp_verificar 
2026-09-09 05:00:01  CORRIENDO  procesos=1  gpu=178.69 W, 72 %  pg=running  :: scripts.exp_think_paired 
2026-09-09 06:00:01  CORRIENDO  procesos=1  gpu=177.91 W, 72 %  pg=running  :: scripts.exp_think_paired 
2026-09-09 07:00:01  CORRIENDO  procesos=1  gpu=175.04 W, 29 %  pg=running  :: scripts.exp_think_paired 
2026-09-09 08:00:02  CORRIENDO  procesos=1  gpu=177.78 W, 72 %  pg=running  :: scripts.exp_think_paired 
2026-09-09 09:00:01  CORRIENDO  procesos=1  gpu=177.63 W, 83 %  pg=running  :: scripts.exp_think_paired 
2026-09-09 10:00:01  PARADO  <-- nada trabajando     gpu=22.51 W, 0 %  pg=running  cola=65 resultados
2026-09-09 11:00:01  PARADO  <-- nada trabajando     gpu=19.93 W, 0 %  pg=running  cola=65 resultados
2026-09-09 12:00:01  PARADO  <-- nada trabajando     gpu=18.94 W, 0 %  pg=running  cola=65 resultados
2026-09-09 13:00:01  PARADO  <-- nada trabajando     gpu=18.82 W, 0 %  pg=running  cola=65 resultados
2026-09-09 14:00:01  PARADO  <-- nada trabajando     gpu=20.39 W, 1 %  pg=running  cola=65 resultados
2026-09-09 15:00:01  PARADO  <-- nada trabajando     gpu=31.22 W, 0 %  pg=running  cola=65 resultados
2026-09-09 16:00:01  PARADO  <-- nada trabajando     gpu=19.05 W, 0 %  pg=running  cola=65 resultados
2026-09-09 17:00:01  PARADO  <-- nada trabajando     gpu=19.02 W, 0 %  pg=running  cola=65 resultados
2026-09-09 18:00:01  PARADO  <-- nada trabajando     gpu=19.13 W, 0 %  pg=running  cola=65 resultados
2026-09-09 19:00:01  PARADO  <-- nada trabajando     gpu=30.54 W, 0 %  pg=running  cola=65 resultados
2026-09-09 20:00:01  PARADO  <-- nada trabajando     gpu=20.53 W, 0 %  pg=running  cola=65 resultados
2026-09-09 21:00:01  PARADO  <-- nada trabajando     gpu=19.25 W, 0 %  pg=running  cola=65 resultados
2026-09-09 22:00:01  PARADO  <-- nada trabajando     gpu=18.75 W, 0 %  pg=running  cola=65 resultados
2026-09-09 23:00:01  PARADO  <-- nada trabajando     gpu=23.95 W, 0 %  pg=running  cola=65 resultados
2026-09-10 00:00:01  PARADO  <-- nada trabajando     gpu=31.51 W, 0 %  pg=running  cola=65 resultados
2026-09-10 01:00:01  PARADO  <-- nada trabajando     gpu=19.24 W, 0 %  pg=running  cola=65 resultados
2026-09-10 02:00:01  PARADO  <-- nada trabajando     gpu=18.80 W, 0 %  pg=running  cola=65 resultados
2026-09-10 03:00:01  PARADO  <-- nada trabajando     gpu=21.72 W, 0 %  pg=running  cola=65 resultados
2026-09-10 04:00:01  PARADO  <-- nada trabajando     gpu=30.52 W, 0 %  pg=running  cola=65 resultados
2026-09-10 05:00:01  PARADO  <-- nada trabajando     gpu=19.50 W, 0 %  pg=running  cola=65 resultados
2026-09-10 06:00:01  PARADO  <-- nada trabajando     gpu=18.76 W, 0 %  pg=running  cola=65 resultados
2026-09-10 07:00:01  PARADO  <-- nada trabajando     gpu=19.12 W, 0 %  pg=running  cola=65 resultados
2026-09-10 08:00:01  PARADO  <-- nada trabajando     gpu=29.52 W, 0 %  pg=running  cola=65 resultados
2026-09-10 09:00:01  PARADO  <-- nada trabajando     gpu=19.13 W, 0 %  pg=running  cola=65 resultados
2026-09-10 10:00:01  PARADO  <-- nada trabajando     gpu=18.49 W, 0 %  pg=running  cola=65 resultados
2026-09-10 11:00:01  PARADO  <-- nada trabajando     gpu=18.92 W, 0 %  pg=running  cola=65 resultados
2026-09-10 12:00:01  PARADO  <-- nada trabajando     gpu=20.85 W, 0 %  pg=running  cola=65 resultados
2026-09-10 13:00:01  PARADO  <-- nada trabajando     gpu=20.48 W, 0 %  pg=running  cola=65 resultados
2026-09-10 14:00:01  PARADO  <-- nada trabajando     gpu=19.11 W, 0 %  pg=running  cola=65 resultados
2026-09-10 15:00:01  PARADO  <-- nada trabajando     gpu=18.67 W, 0 %  pg=running  cola=65 resultados
2026-09-10 16:00:01  CORRIENDO  procesos=1  gpu=179.85 W, 98 %  pg=running  :: scripts.exp_think_paired 
2026-09-10 17:00:02  CORRIENDO  procesos=1  gpu=179.71 W, 97 %  pg=running  :: scripts.exp_think_paired 
2026-09-10 18:00:01  CORRIENDO  procesos=1  gpu=145.65 W, 0 %  pg=running  :: scripts.exp_think_paired 
2026-09-10 19:00:01  CORRIENDO  procesos=1  gpu=177.05 W, 98 %  pg=running  :: scripts.exp_think_paired 
2026-09-10 20:00:01  CORRIENDO  procesos=1  gpu=179.83 W, 98 %  pg=running  :: scripts.exp_think_paired 
2026-09-10 21:00:01  CORRIENDO  procesos=1  gpu=179.87 W, 97 %  pg=running  :: scripts.exp_think_paired 
2026-09-10 22:00:01  CORRIENDO  procesos=1  gpu=179.88 W, 97 %  pg=running  :: scripts.exp_think_paired 
2026-09-10 23:00:01  CORRIENDO  procesos=1  gpu=179.85 W, 97 %  pg=running  :: scripts.exp_think_paired 
2026-09-11 00:00:02  CORRIENDO  procesos=1  gpu=179.88 W, 98 %  pg=running  :: scripts.exp_think_paired 
2026-09-11 01:00:01  CORRIENDO  procesos=1  gpu=179.83 W, 98 %  pg=running  :: scripts.exp_think_paired 
2026-09-11 02:00:02  CORRIENDO  procesos=1  gpu=179.88 W, 98 %  pg=running  :: scripts.exp_think_paired 
2026-09-11 03:00:01  CORRIENDO  procesos=1  gpu=179.92 W, 98 %  pg=running  :: scripts.exp_think_paired 
2026-09-11 04:00:01  CORRIENDO  procesos=1  gpu=179.92 W, 98 %  pg=running  :: scripts.exp_think_paired 
2026-09-11 05:00:01  CORRIENDO  procesos=1  gpu=179.95 W, 98 %  pg=running  :: scripts.exp_think_paired 
2026-09-11 06:00:01  CORRIENDO  procesos=1  gpu=179.91 W, 98 %  pg=running  :: scripts.exp_think_paired 
2026-09-11 07:00:01  CORRIENDO  procesos=1  gpu=51.24 W, 0 %  pg=running  :: scripts.exp_think_paired 
2026-09-11 08:00:01  CORRIENDO  procesos=1  gpu=179.79 W, 97 %  pg=running  :: scripts.exp_think_paired 
2026-09-11 09:00:01  CORRIENDO  procesos=1  gpu=146.53 W, 0 %  pg=running  :: scripts.exp_think_paired 
2026-09-11 10:00:01  CORRIENDO  procesos=1  gpu=179.90 W, 98 %  pg=running  :: scripts.exp_think_paired 
2026-09-11 11:00:01  CORRIENDO  procesos=1  gpu=180.21 W, 98 %  pg=running  :: scripts.exp_think_paired 
2026-09-11 12:00:01  CORRIENDO  procesos=1  gpu=179.95 W, 95 %  pg=running  :: scripts.exp_think_paired 
2026-09-11 13:00:01  CORRIENDO  procesos=1  gpu=179.87 W, 98 %  pg=running  :: scripts.exp_think_paired 
2026-09-11 14:00:01  CORRIENDO  procesos=1  gpu=179.91 W, 97 %  pg=running  :: scripts.exp_fidelidad 
2026-09-11 15:00:01  CORRIENDO  procesos=1  gpu=229.77 W, 95 %  pg=running  :: scripts.exp_fidelidad 
2026-09-11 16:00:01  CORRIENDO  procesos=1  gpu=226.93 W, 99 %  pg=running  :: scripts.exp_fidelidad 
2026-09-11 17:00:01  PARADO  <-- nada trabajando     gpu=19.15 W, 0 %  pg=running  cola=69 resultados
2026-09-11 18:00:01  PARADO  <-- nada trabajando     gpu=18.82 W, 0 %  pg=running  cola=69 resultados
2026-09-11 19:00:01  PARADO  <-- nada trabajando     gpu=21.02 W, 0 %  pg=running  cola=69 resultados
2026-09-11 20:00:01  PARADO  <-- nada trabajando     gpu=19.27 W, 0 %  pg=running  cola=69 resultados
2026-09-11 21:00:01  PARADO  <-- nada trabajando     gpu=19.32 W, 0 %  pg=running  cola=69 resultados
2026-09-11 22:00:01  PARADO  <-- nada trabajando     gpu=18.91 W, 0 %  pg=running  cola=69 resultados
2026-09-11 23:00:01  PARADO  <-- nada trabajando     gpu=32.07 W, 0 %  pg=running  cola=69 resultados
2026-09-12 00:00:01  PARADO  <-- nada trabajando     gpu=20.81 W, 0 %  pg=running  cola=69 resultados
2026-09-12 01:00:01  PARADO  <-- nada trabajando     gpu=18.70 W, 0 %  pg=running  cola=69 resultados
2026-09-12 02:00:01  PARADO  <-- nada trabajando     gpu=18.87 W, 0 %  pg=running  cola=69 resultados
2026-09-12 03:00:01  PARADO  <-- nada trabajando     gpu=22.62 W, 0 %  pg=running  cola=69 resultados
2026-09-12 04:00:01  PARADO  <-- nada trabajando     gpu=20.76 W, 0 %  pg=running  cola=69 resultados
2026-09-12 05:00:01  PARADO  <-- nada trabajando     gpu=18.62 W, 0 %  pg=running  cola=69 resultados
2026-09-12 06:00:01  PARADO  <-- nada trabajando     gpu=18.80 W, 0 %  pg=running  cola=69 resultados
2026-09-12 07:00:01  PARADO  <-- nada trabajando     gpu=21.97 W, 0 %  pg=running  cola=69 resultados
2026-09-12 08:00:01  PARADO  <-- nada trabajando     gpu=19.79 W, 0 %  pg=running  cola=69 resultados
2026-09-12 13:00:01  CORRIENDO  procesos=1  gpu=229.72 W, 95 %  pg=running  :: scripts.exp_think_paired 
2026-09-12 14:00:02  CORRIENDO  procesos=1  gpu=148.44 W, 10 %  pg=running  :: scripts.exp_think_paired 
2026-09-12 15:00:01  CORRIENDO  procesos=1  gpu=229.70 W, 96 %  pg=running  :: scripts.exp_think_paired 
2026-09-12 16:00:01  CORRIENDO  procesos=1  gpu=229.74 W, 97 %  pg=running  :: scripts.exp_think_paired 
2026-09-12 17:00:01  CORRIENDO  procesos=1  gpu=229.69 W, 95 %  pg=running  :: scripts.exp_think_paired 
2026-09-12 18:00:01  CORRIENDO  procesos=1  gpu=229.83 W, 95 %  pg=running  :: scripts.exp_think_paired 
2026-09-12 19:00:01  PARADO  <-- nada trabajando     gpu=48.83 W, 26 %  pg=running  cola=72 resultados
2026-09-12 20:00:01  PARADO  <-- nada trabajando     gpu=45.42 W, 34 %  pg=running  cola=72 resultados
2026-09-12 21:00:01  PARADO  <-- nada trabajando     gpu=46.94 W, 51 %  pg=running  cola=72 resultados
2026-09-12 22:00:01  PARADO  <-- nada trabajando     gpu=47.41 W, 24 %  pg=running  cola=72 resultados
2026-09-12 23:00:01  PARADO  <-- nada trabajando     gpu=43.27 W, 21 %  pg=running  cola=72 resultados
2026-09-13 00:00:01  PARADO  <-- nada trabajando     gpu=46.18 W, 42 %  pg=running  cola=72 resultados
2026-09-13 01:00:01  PARADO  <-- nada trabajando     gpu=43.58 W, 21 %  pg=running  cola=72 resultados
2026-09-13 02:00:01  PARADO  <-- nada trabajando     gpu=30.81 W, 0 %  pg=running  cola=72 resultados
2026-09-13 03:00:01  PARADO  <-- nada trabajando     gpu=20.65 W, 0 %  pg=running  cola=72 resultados
2026-09-13 04:00:01  PARADO  <-- nada trabajando     gpu=20.03 W, 0 %  pg=running  cola=72 resultados
2026-09-13 05:00:01  PARADO  <-- nada trabajando     gpu=20.12 W, 0 %  pg=running  cola=72 resultados
2026-09-13 06:00:01  PARADO  <-- nada trabajando     gpu=25.06 W, 0 %  pg=running  cola=72 resultados
2026-09-13 07:00:01  PARADO  <-- nada trabajando     gpu=22.04 W, 0 %  pg=running  cola=72 resultados
2026-09-13 08:00:01  PARADO  <-- nada trabajando     gpu=20.67 W, 0 %  pg=running  cola=72 resultados
2026-09-13 09:00:01  PARADO  <-- nada trabajando     gpu=20.10 W, 0 %  pg=running  cola=72 resultados
2026-09-13 10:00:01  PARADO  <-- nada trabajando     gpu=24.67 W, 0 %  pg=running  cola=72 resultados
2026-09-13 11:00:01  PARADO  <-- nada trabajando     gpu=31.16 W, 0 %  pg=running  cola=72 resultados
2026-09-13 12:00:01  PARADO  <-- nada trabajando     gpu=20.22 W, 0 %  pg=running  cola=72 resultados
2026-09-13 13:00:01  PARADO  <-- nada trabajando     gpu=50.33 W, 34 %  pg=running  cola=72 resultados
2026-09-13 14:00:01  PARADO  <-- nada trabajando     gpu=47.39 W, 27 %  pg=running  cola=72 resultados
2026-09-13 15:00:01  PARADO  <-- nada trabajando     gpu=46.01 W, 44 %  pg=running  cola=72 resultados
2026-09-13 16:00:01  PARADO  <-- nada trabajando     gpu=51.26 W, 24 %  pg=running  cola=72 resultados
2026-09-13 17:00:02  PARADO  <-- nada trabajando     gpu=49.30 W, 24 %  pg=running  cola=72 resultados
2026-09-13 18:00:01  PARADO  <-- nada trabajando     gpu=46.96 W, 29 %  pg=running  cola=72 resultados
2026-09-13 19:00:01  PARADO  <-- nada trabajando     gpu=44.08 W, 23 %  pg=running  cola=72 resultados
2026-09-13 20:00:01  PARADO  <-- nada trabajando     gpu=43.12 W, 41 %  pg=running  cola=72 resultados
2026-09-13 21:00:01  PARADO  <-- nada trabajando     gpu=52.25 W, 35 %  pg=running  cola=72 resultados
2026-09-13 22:00:01  CORRIENDO  procesos=1  gpu=229.67 W, 96 %  pg=running  :: scripts.exp_think_paired 
2026-09-13 23:00:01  PARADO  <-- nada trabajando     gpu=45.29 W, 0 %  pg=running  cola=73 resultados
2026-09-14 00:00:01  CORRIENDO  procesos=1  gpu=144.75 W, 0 %  pg=running  :: scripts.exp_think_paired 
2026-09-14 01:00:01  CORRIENDO  procesos=1  gpu=57.89 W, 8 %  pg=running  :: scripts.exp_think_paired 
2026-09-14 02:00:01  CORRIENDO  procesos=1  gpu=179.90 W, 98 %  pg=running  :: scripts.exp_think_paired 
2026-09-14 03:00:01  CORRIENDO  procesos=1  gpu=179.82 W, 98 %  pg=running  :: scripts.exp_think_paired 
2026-09-14 04:00:01  PARADO  <-- nada trabajando     gpu=28.11 W, 0 %  pg=running  cola=74 resultados
2026-09-14 05:00:01  PARADO  <-- nada trabajando     gpu=34.04 W, 0 %  pg=running  cola=74 resultados
2026-09-14 06:00:02  PARADO  <-- nada trabajando     gpu=22.24 W, 0 %  pg=running  cola=74 resultados
2026-09-14 07:00:01  PARADO  <-- nada trabajando     gpu=28.78 W, 0 %  pg=running  cola=74 resultados
2026-09-14 08:00:01  PARADO  <-- nada trabajando     gpu=30.15 W, 0 %  pg=running  cola=74 resultados
2026-09-14 09:00:02  PARADO  <-- nada trabajando     gpu=22.66 W, 0 %  pg=running  cola=74 resultados
2026-09-14 10:00:01  PARADO  <-- nada trabajando     gpu=33.12 W, 0 %  pg=running  cola=74 resultados
2026-09-14 11:00:01  PARADO  <-- nada trabajando     gpu=31.62 W, 0 %  pg=running  cola=74 resultados
2026-09-14 12:00:02  CORRIENDO  procesos=1  gpu=45.74 W, 0 %  pg=running  :: scripts.exp_think_paired 
2026-09-14 13:00:01  CORRIENDO  procesos=1  gpu=179.74 W, 98 %  pg=running  :: scripts.exp_think_paired 
2026-09-14 14:00:01  CORRIENDO  procesos=1  gpu=179.93 W, 100 %  pg=running  :: scripts.exp_think_paired 
2026-09-14 15:00:01  PARADO  <-- nada trabajando     gpu=33.54 W, 0 %  pg=running  cola=76 resultados
2026-09-14 16:00:01  PARADO  <-- nada trabajando     gpu=32.94 W, 0 %  pg=running  cola=76 resultados
2026-09-14 17:00:01  PARADO  <-- nada trabajando     gpu=27.21 W, 0 %  pg=running  cola=76 resultados
2026-09-14 18:00:01  PARADO  <-- nada trabajando     gpu=27.08 W, 0 %  pg=running  cola=76 resultados
2026-09-14 19:00:01  PARADO  <-- nada trabajando     gpu=31.57 W, 0 %  pg=running  cola=76 resultados
2026-09-14 20:00:01  PARADO  <-- nada trabajando     gpu=34.29 W, 2 %  pg=running  cola=76 resultados
2026-09-14 21:00:01  PARADO  <-- nada trabajando     gpu=29.68 W, 0 %  pg=running  cola=76 resultados
2026-09-14 22:00:01  PARADO  <-- nada trabajando     gpu=32.53 W, 0 %  pg=running  cola=76 resultados
2026-09-14 23:00:02  PARADO  <-- nada trabajando     gpu=33.22 W, 0 %  pg=running  cola=76 resultados
2026-09-15 00:00:01  PARADO  <-- nada trabajando     gpu=31.44 W, 0 %  pg=running  cola=76 resultados
2026-09-15 01:00:01  PARADO  <-- nada trabajando     gpu=34.15 W, 0 %  pg=running  cola=76 resultados
2026-09-15 02:00:01  PARADO  <-- nada trabajando     gpu=32.17 W, 0 %  pg=running  cola=76 resultados
2026-09-15 03:00:01  PARADO  <-- nada trabajando     gpu=32.56 W, 0 %  pg=running  cola=76 resultados
2026-09-15 04:00:01  PARADO  <-- nada trabajando     gpu=33.14 W, 0 %  pg=running  cola=76 resultados
2026-09-15 05:00:01  PARADO  <-- nada trabajando     gpu=29.72 W, 0 %  pg=running  cola=76 resultados
2026-09-15 06:00:01  PARADO  <-- nada trabajando     gpu=31.35 W, 0 %  pg=running  cola=76 resultados
2026-09-15 07:00:01  PARADO  <-- nada trabajando     gpu=27.76 W, 0 %  pg=running  cola=76 resultados
2026-09-15 08:00:01  PARADO  <-- nada trabajando     gpu=33.09 W, 0 %  pg=running  cola=76 resultados
2026-09-15 09:00:01  PARADO  <-- nada trabajando     gpu=26.84 W, 0 %  pg=running  cola=76 resultados
2026-09-15 10:00:01  PARADO  <-- nada trabajando     gpu=28.85 W, 0 %  pg=running  cola=76 resultados
2026-09-15 11:00:01  PARADO  <-- nada trabajando     gpu=31.11 W, 0 %  pg=running  cola=76 resultados
2026-09-15 12:00:01  PARADO  <-- nada trabajando     gpu=33.58 W, 0 %  pg=running  cola=76 resultados
2026-09-15 13:00:01  PARADO  <-- nada trabajando     gpu=33.38 W, 0 %  pg=running  cola=76 resultados
2026-09-15 14:00:01  PARADO  <-- nada trabajando     gpu=26.62 W, 0 %  pg=running  cola=76 resultados
2026-09-15 15:00:01  PARADO  <-- nada trabajando     gpu=29.15 W, 0 %  pg=running  cola=76 resultados
2026-09-15 16:00:01  PARADO  <-- nada trabajando     gpu=33.48 W, 0 %  pg=running  cola=76 resultados
2026-09-15 17:00:01  PARADO  <-- nada trabajando     gpu=33.13 W, 0 %  pg=running  cola=76 resultados
2026-09-15 18:00:01  PARADO  <-- nada trabajando     gpu=28.56 W, 0 %  pg=running  cola=76 resultados
2026-09-15 19:00:02  PARADO  <-- nada trabajando     gpu=20.58 W, 0 %  pg=running  cola=76 resultados
2026-09-15 20:00:01  PARADO  <-- nada trabajando     gpu=30.37 W, 0 %  pg=running  cola=76 resultados
2026-09-15 21:00:01  PARADO  <-- nada trabajando     gpu=31.64 W, 0 %  pg=running  cola=76 resultados
2026-09-15 22:00:02  PARADO  <-- nada trabajando     gpu=22.28 W, 0 %  pg=running  cola=76 resultados
2026-09-15 23:00:01  PARADO  <-- nada trabajando     gpu=28.27 W, 0 %  pg=running  cola=76 resultados
2026-09-16 00:00:01  PARADO  <-- nada trabajando     gpu=29.86 W, 0 %  pg=running  cola=76 resultados
2026-09-16 01:00:01  PARADO  <-- nada trabajando     gpu=31.80 W, 0 %  pg=running  cola=76 resultados
2026-09-16 02:00:01  PARADO  <-- nada trabajando     gpu=28.52 W, 0 %  pg=running  cola=76 resultados
2026-09-16 03:00:01  PARADO  <-- nada trabajando     gpu=30.34 W, 0 %  pg=running  cola=76 resultados
2026-09-16 04:00:01  PARADO  <-- nada trabajando     gpu=27.94 W, 0 %  pg=running  cola=76 resultados
2026-09-16 05:00:01  PARADO  <-- nada trabajando     gpu=33.20 W, 0 %  pg=running  cola=76 resultados
2026-09-16 06:00:01  PARADO  <-- nada trabajando     gpu=33.15 W, 0 %  pg=running  cola=76 resultados
2026-09-16 07:00:01  PARADO  <-- nada trabajando     gpu=28.65 W, 0 %  pg=running  cola=76 resultados
2026-09-16 08:00:01  PARADO  <-- nada trabajando     gpu=33.68 W, 0 %  pg=running  cola=76 resultados
2026-09-16 09:00:02  PARADO  <-- nada trabajando     gpu=31.22 W, 3 %  pg=running  cola=76 resultados
2026-09-16 10:00:01  PARADO  <-- nada trabajando     gpu=33.12 W, 0 %  pg=running  cola=76 resultados
2026-09-16 11:00:01  PARADO  <-- nada trabajando     gpu=31.73 W, 0 %  pg=running  cola=76 resultados
2026-09-16 12:00:01  PARADO  <-- nada trabajando     gpu=34.09 W, 0 %  pg=running  cola=76 resultados
2026-09-16 13:00:01  PARADO  <-- nada trabajando     gpu=25.65 W, 0 %  pg=running  cola=76 resultados
2026-09-16 14:00:02  PARADO  <-- nada trabajando     gpu=22.11 W, 0 %  pg=running  cola=76 resultados
2026-09-16 15:00:01  PARADO  <-- nada trabajando     gpu=28.87 W, 0 %  pg=running  cola=76 resultados
2026-09-16 16:00:01  PARADO  <-- nada trabajando     gpu=32.97 W, 2 %  pg=running  cola=76 resultados
2026-09-16 17:00:01  PARADO  <-- nada trabajando     gpu=33.92 W, 0 %  pg=running  cola=76 resultados
2026-09-16 18:00:01  PARADO  <-- nada trabajando     gpu=32.17 W, 0 %  pg=running  cola=76 resultados
2026-09-16 19:00:02  PARADO  <-- nada trabajando     gpu=21.37 W, 0 %  pg=running  cola=76 resultados
2026-09-16 20:00:01  PARADO  <-- nada trabajando     gpu=27.90 W, 0 %  pg=running  cola=76 resultados
2026-09-16 21:00:01  PARADO  <-- nada trabajando     gpu=29.78 W, 0 %  pg=running  cola=76 resultados
2026-09-16 22:00:01  PARADO  <-- nada trabajando     gpu=36.58 W, 5 %  pg=running  cola=76 resultados
2026-09-16 23:00:01  PARADO  <-- nada trabajando     gpu=33.74 W, 0 %  pg=running  cola=76 resultados
2026-09-17 00:00:01  PARADO  <-- nada trabajando     gpu=30.81 W, 0 %  pg=running  cola=76 resultados
2026-09-17 01:00:01  PARADO  <-- nada trabajando     gpu=40.12 W, 15 %  pg=running  cola=76 resultados
2026-09-17 02:00:01  PARADO  <-- nada trabajando     gpu=32.32 W, 0 %  pg=running  cola=76 resultados
2026-09-17 03:00:01  PARADO  <-- nada trabajando     gpu=33.77 W, 0 %  pg=running  cola=76 resultados
2026-09-17 04:00:01  PARADO  <-- nada trabajando     gpu=34.55 W, 7 %  pg=running  cola=76 resultados
2026-09-17 05:00:01  PARADO  <-- nada trabajando     gpu=41.27 W, 18 %  pg=running  cola=76 resultados
2026-09-17 06:00:01  PARADO  <-- nada trabajando     gpu=39.26 W, 14 %  pg=running  cola=76 resultados
2026-09-17 07:00:01  PARADO  <-- nada trabajando     gpu=38.22 W, 15 %  pg=running  cola=76 resultados
2026-09-17 08:00:01  PARADO  <-- nada trabajando     gpu=39.61 W, 17 %  pg=running  cola=76 resultados
2026-09-17 09:00:01  PARADO  <-- nada trabajando     gpu=38.09 W, 20 %  pg=running  cola=76 resultados
2026-09-17 10:00:01  PARADO  <-- nada trabajando     gpu=40.53 W, 18 %  pg=running  cola=76 resultados
2026-09-17 11:00:01  CORRIENDO  procesos=1  gpu=59.15 W, 5 %  pg=running  :: scripts.diag_donde_falla 
2026-09-17 12:00:01  PARADO  <-- nada trabajando     gpu=38.40 W, 17 %  pg=running  cola=76 resultados
2026-09-17 13:00:01  PARADO  <-- nada trabajando     gpu=40.51 W, 14 %  pg=running  cola=76 resultados
2026-09-17 14:00:02  CORRIENDO  procesos=1  gpu=179.84 W, 84 %  pg=running  :: scripts.exp_think_paired 
2026-09-17 15:00:01  CORRIENDO  procesos=1  gpu=179.71 W, 98 %  pg=running  :: scripts.exp_think_paired 
2026-09-17 16:00:01  CORRIENDO  procesos=1  gpu=179.65 W, 97 %  pg=running  :: scripts.exp_think_paired 
2026-09-17 17:00:01  CORRIENDO  procesos=1  gpu=166.11 W, 3 %  pg=running  :: scripts.reembeber_limpiados 
2026-09-17 18:00:02  CORRIENDO  procesos=1  gpu=179.77 W, 98 %  pg=running  :: scripts.exp_think_paired 
2026-09-17 19:00:01  CORRIENDO  procesos=1  gpu=150.23 W, 3 %  pg=running  :: scripts.exp_think_paired 
2026-09-17 20:00:01  CORRIENDO  procesos=1  gpu=179.97 W, 98 %  pg=running  :: scripts.exp_think_paired 
2026-09-17 21:00:01  PARADO  <-- nada trabajando     gpu=36.43 W, 17 %  pg=running  cola=80 resultados
2026-09-17 22:00:01  PARADO  <-- nada trabajando     gpu=40.21 W, 13 %  pg=running  cola=80 resultados
2026-09-17 23:00:01  PARADO  <-- nada trabajando     gpu=39.80 W, 17 %  pg=running  cola=80 resultados
2026-09-18 00:00:01  PARADO  <-- nada trabajando     gpu=40.15 W, 14 %  pg=running  cola=80 resultados
2026-09-18 01:00:01  PARADO  <-- nada trabajando     gpu=37.54 W, 13 %  pg=running  cola=80 resultados
2026-09-18 02:00:01  PARADO  <-- nada trabajando     gpu=41.08 W, 14 %  pg=running  cola=80 resultados
2026-09-18 03:00:01  PARADO  <-- nada trabajando     gpu=38.03 W, 14 %  pg=running  cola=80 resultados
2026-09-18 04:00:01  PARADO  <-- nada trabajando     gpu=41.12 W, 15 %  pg=running  cola=80 resultados
2026-09-18 05:00:01  PARADO  <-- nada trabajando     gpu=38.33 W, 14 %  pg=running  cola=80 resultados
2026-09-18 06:00:01  PARADO  <-- nada trabajando     gpu=41.26 W, 14 %  pg=running  cola=80 resultados
2026-09-18 07:00:01  PARADO  <-- nada trabajando     gpu=39.02 W, 14 %  pg=running  cola=80 resultados
2026-09-18 08:00:01  PARADO  <-- nada trabajando     gpu=39.80 W, 14 %  pg=running  cola=80 resultados
2026-09-18 09:00:01  PARADO  <-- nada trabajando     gpu=39.21 W, 14 %  pg=running  cola=80 resultados
2026-09-18 10:00:01  PARADO  <-- nada trabajando     gpu=38.49 W, 14 %  pg=running  cola=80 resultados
2026-09-18 11:00:01  PARADO  <-- nada trabajando     gpu=39.53 W, 14 %  pg=running  cola=80 resultados
2026-09-18 12:00:01  PARADO  <-- nada trabajando     gpu=38.02 W, 14 %  pg=running  cola=80 resultados
2026-09-18 13:00:01  PARADO  <-- nada trabajando     gpu=31.59 W, 0 %  pg=running  cola=80 resultados
2026-09-18 14:00:01  PARADO  <-- nada trabajando     gpu=53.83 W, 26 %  pg=running  cola=80 resultados
2026-09-18 15:00:01  PARADO  <-- nada trabajando     gpu=54.58 W, 33 %  pg=running  cola=80 resultados
2026-09-18 16:00:01  PARADO  <-- nada trabajando     gpu=54.22 W, 31 %  pg=running  cola=80 resultados
2026-09-18 17:00:01  PARADO  <-- nada trabajando     gpu=54.05 W, 27 %  pg=running  cola=80 resultados
2026-09-18 18:00:01  PARADO  <-- nada trabajando     gpu=55.36 W, 27 %  pg=running  cola=80 resultados
2026-09-18 19:00:01  PARADO  <-- nada trabajando     gpu=36.58 W, 2 %  pg=running  cola=80 resultados
2026-09-18 20:00:02  PARADO  <-- nada trabajando     gpu=39.46 W, 8 %  pg=running  cola=80 resultados
2026-09-18 21:00:01  PARADO  <-- nada trabajando     gpu=54.30 W, 27 %  pg=running  cola=80 resultados
2026-09-18 22:00:01  PARADO  <-- nada trabajando     gpu=54.68 W, 28 %  pg=running  cola=80 resultados
2026-09-18 23:00:01  PARADO  <-- nada trabajando     gpu=55.24 W, 34 %  pg=running  cola=80 resultados
2026-09-19 00:00:01  CORRIENDO  procesos=1  gpu=179.73 W, 99 %  pg=running  :: scripts.exp_think_paired 
2026-09-19 01:00:01  CORRIENDO  procesos=1  gpu=179.83 W, 98 %  pg=running  :: scripts.exp_think_paired 
2026-09-19 02:00:01  CORRIENDO  procesos=1  gpu=148.54 W, 0 %  pg=running  :: scripts.exp_think_paired 
2026-09-19 03:00:01  CORRIENDO  procesos=1  gpu=179.93 W, 98 %  pg=running  :: scripts.exp_think_paired 
2026-09-19 04:00:01  CORRIENDO  procesos=1  gpu=179.75 W, 100 %  pg=running  :: scripts.exp_think_paired 
2026-09-19 05:00:02  CORRIENDO  procesos=1  gpu=179.80 W, 97 %  pg=running  :: scripts.exp_think_paired 
2026-09-19 06:00:01  CORRIENDO  procesos=1  gpu=179.97 W, 98 %  pg=running  :: scripts.exp_think_paired 
2026-09-19 07:00:01  CORRIENDO  procesos=1  gpu=180.02 W, 100 %  pg=running  :: scripts.exp_think_paired 
2026-09-19 08:00:01  PARADO  <-- nada trabajando     gpu=34.07 W, 0 %  pg=running  cola=84 resultados
2026-09-19 09:00:01  PARADO  <-- nada trabajando     gpu=32.11 W, 0 %  pg=running  cola=84 resultados
2026-09-19 10:00:01  PARADO  <-- nada trabajando     gpu=34.09 W, 8 %  pg=running  cola=84 resultados
2026-09-19 11:00:01  PARADO  <-- nada trabajando     gpu=32.54 W, 0 %  pg=running  cola=84 resultados
2026-09-19 12:00:01  PARADO  <-- nada trabajando     gpu=34.26 W, 0 %  pg=running  cola=84 resultados
2026-09-19 13:00:02  PARADO  <-- nada trabajando     gpu=32.35 W, 0 %  pg=running  cola=84 resultados
2026-09-19 14:00:01  CORRIENDO  procesos=1  gpu=180.06 W, 100 %  pg=running  :: scripts.exp_think_paired 
2026-09-19 15:00:01  CORRIENDO  procesos=1  gpu=179.86 W, 98 %  pg=running  :: scripts.exp_think_paired 
2026-09-19 16:00:02  CORRIENDO  procesos=1  gpu=45.31 W, 0 %  pg=running  :: scripts.exp_think_paired 
2026-09-19 17:00:02  CORRIENDO  procesos=1  gpu=179.87 W, 97 %  pg=running  :: scripts.exp_think_paired 
2026-09-19 18:00:01  CORRIENDO  procesos=1  gpu=151.77 W, 8 %  pg=running  :: scripts.exp_think_paired 
2026-09-19 19:00:01  PARADO  <-- nada trabajando     gpu=54.16 W, 29 %  pg=running  cola=86 resultados
2026-09-19 20:00:01  PARADO  <-- nada trabajando     gpu=53.81 W, 28 %  pg=running  cola=86 resultados
2026-09-19 21:00:01  PARADO  <-- nada trabajando     gpu=53.65 W, 27 %  pg=running  cola=86 resultados
2026-09-19 22:00:01  PARADO  <-- nada trabajando     gpu=38.61 W, 15 %  pg=running  cola=86 resultados
2026-09-19 23:00:01  CORRIENDO  procesos=1  gpu=179.88 W, 98 %  pg=running  :: scripts.exp_think_paired 
2026-09-20 00:00:01  CORRIENDO  procesos=1  gpu=179.85 W, 98 %  pg=running  :: scripts.exp_think_paired 
2026-09-20 01:00:01  PARADO  <-- nada trabajando     gpu=51.92 W, 40 %  pg=running  cola=87 resultados
2026-09-20 02:00:02  PARADO  <-- nada trabajando     gpu=43.26 W, 9 %  pg=running  cola=87 resultados
