Loading weights:   0%|          | 0/310 [00:00<?, ?it/s]Loading weights: 100%|██████████| 310/310 [00:00<00:00, 5544.40it/s]
Loading weights:   0%|          | 0/393 [00:00<?, ?it/s]Loading weights:   2%|▏         | 9/393 [00:00<00:12, 31.43it/s]Loading weights: 100%|██████████| 393/393 [00:00<00:00, 1337.93it/s]
=== lookup_fraseos: 64 pares  OFF(regex) / ON(diccionario) ===
  pares nuevos=5  [5/64]
  pares nuevos=10  [10/64]
  pares nuevos=15  [15/64]
  pares nuevos=20  [20/64]
  pares nuevos=25  [25/64]
  pares nuevos=30  [30/64]
  pares nuevos=35  [35/64]
  pares nuevos=40  [40/64]
  pares nuevos=45  [45/64]
  pares nuevos=50  [50/64]
  pares nuevos=55  [55/64]
  pares nuevos=60  [60/64]

=== lookup_fraseos — 64 pares validos ===
  cita_ok      OFF 56/64  ->  ON 60/64   [gano 4, perdio 0]  McNemar p=0.1250  (ruido/flat)
  cita_limpia  OFF 45/64  ->  ON 42/64
  inject       OFF 0/64  ->  ON 54/64
  rechazos     OFF 4/64  ->  ON 2/64
  precision     OFF   0.62  ->  ON   0.67
  citas unicas  OFF   2.08  ->  ON   2.20
  segundos      OFF  75.44  ->  ON  75.36
  GANO:   [A] qué entiende la ley por Declaración jurada
  GANO:   [A] qué entiende la ley por Estado Deteriorado
  GANO:   [B] dame la definición de DIA
  GANO:   [B] según la ley, qué es Solicitante
