normas modificadas a revisar: 25  (ya revisadas: 0)
[1/25] 1005169 LEY 20365
  Accediendo a: https://www.bcn.cl/leychile/navegar?idNorma=1005169
   ⚠️ CAMBIO REAL  b55f406506622bcd -> ac7906396a78cdd3
[2/25] 1007469 DFL 1
  Accediendo a: https://www.bcn.cl/leychile/navegar?idNorma=1007469
   ⚠️ CAMBIO REAL  6a9abfcbc451c096 -> 019e78d81e1656e3
[3/25] 1009792 DFL 12
  Accediendo a: https://www.bcn.cl/leychile/navegar?idNorma=1009792
  AVISO: el texto trae placeholders 'Loading' (11590 chars) -- extraccion INCOMPLETA
   ✗ SCRAPE INCOMPLETO (18548 -> 11590 chars) -- NO se registra evento
[4/25] 1010304 LEY 20410
  Accediendo a: https://www.bcn.cl/leychile/navegar?idNorma=1010304
   ok (sin cambios)
[5/25] 1010668 LEY 20416
  Accediendo a: https://www.bcn.cl/leychile/navegar?idNorma=1010668
  AVISO: el texto trae placeholders 'Loading' (21907 chars) -- extraccion INCOMPLETA
   ✗ SCRAPE INCOMPLETO (78669 -> 21907 chars) -- NO se registra evento
[6/25] 1030861 LEY 20530
  Accediendo a: https://www.bcn.cl/leychile/navegar?idNorma=1030861
   ⚠️ CAMBIO REAL  62489b631a517e04 -> e7ea58a545d2a2f4
[7/25] 1049988 DECRETO 14
  Accediendo a: https://www.bcn.cl/leychile/navegar?idNorma=1049988
   ⚠️ CAMBIO REAL  28fe5aac8a8c1692 -> 02f248a51ab46bf0
[8/25] 1058072 LEY 20720
  Accediendo a: https://www.bcn.cl/leychile/navegar?idNorma=1058072
  AVISO: el texto trae placeholders 'Loading' (18910 chars) -- extraccion INCOMPLETA
   ok (sin cambios)
[9/25] 1085545 LEY 20886
  Accediendo a: https://www.bcn.cl/leychile/navegar?idNorma=1085545
  AVISO: el texto trae placeholders 'Loading' (11195 chars) -- extraccion INCOMPLETA
   ✗ SCRAPE INCOMPLETO (36952 -> 11195 chars) -- NO se registra evento
[10/25] 1092269 LEY 20931
  Accediendo a: https://www.bcn.cl/leychile/navegar?idNorma=1092269
  AVISO: el texto trae placeholders 'Loading' (31222 chars) -- extraccion INCOMPLETA
   ✗ SCRAPE INCOMPLETO (53084 -> 31222 chars) -- NO se registra evento
[11/25] 1122953 DECRETO 4
  Accediendo a: https://www.bcn.cl/leychile/navegar?idNorma=1122953
   ok (sin cambios)
[12/25] 1163383 LEY 21363
  Accediendo a: https://www.bcn.cl/leychile/navegar?idNorma=1163383
   ok (sin cambios)
[13/25] 1199483 LEY 21647
  Accediendo a: https://www.bcn.cl/leychile/navegar?idNorma=1199483
  AVISO: el texto trae placeholders 'Loading' (12689 chars) -- extraccion INCOMPLETA
   ✗ SCRAPE INCOMPLETO (142812 -> 12689 chars) -- NO se registra evento
[14/25] 141599 LEY 19628
  Accediendo a: https://www.bcn.cl/leychile/navegar?idNorma=141599
  AVISO: el texto trae placeholders 'Loading' (8783 chars) -- extraccion INCOMPLETA
   ✗ SCRAPE INCOMPLETO (46786 -> 8783 chars) -- NO se registra evento
[15/25] 150669 LEY 19657
  Accediendo a: https://www.bcn.cl/leychile/navegar?idNorma=150669
   ok (sin cambios)
[16/25] 16121 DECRETO 900
  Accediendo a: https://www.bcn.cl/leychile/navegar?idNorma=16121
   ok (sin cambios)
[17/25] 176595 LEY 19696
  Accediendo a: https://www.bcn.cl/leychile/navegar?idNorma=176595
  AVISO: el texto trae placeholders 'Loading' (4737 chars) -- extraccion INCOMPLETA
   ⚠️ CAMBIO REAL  b8d88af127a3bb46 -> 12beae6676372764
[18/25] 220208 LEY 19925
  Accediendo a: https://www.bcn.cl/leychile/navegar?idNorma=220208
   ⚠️ CAMBIO REAL  fdd4409c743bda50 -> 7c99243c52f28914
[19/25] 244803 LEY 20084
  Accediendo a: https://www.bcn.cl/leychile/navegar?idNorma=244803
  AVISO: el texto trae placeholders 'Loading' (6522 chars) -- extraccion INCOMPLETA
   ✗ SCRAPE INCOMPLETO (108829 -> 6522 chars) -- NO se registra evento
[20/25] 250604 DECRETO 62
  Accediendo a: https://www.bcn.cl/leychile/navegar?idNorma=250604
  AVISO: el texto trae placeholders 'Loading' (8834 chars) -- extraccion INCOMPLETA
   ✗ SCRAPE INCOMPLETO (104714 -> 8834 chars) -- NO se registra evento
[21/25] 258171 DFL 4
  Accediendo a: https://www.bcn.cl/leychile/navegar?idNorma=258171
   ⚠️ CAMBIO REAL  987be1b86c0b699a -> 8deaaf1ded91d859
[22/25] 264058 DECRETO 113
  Accediendo a: https://www.bcn.cl/leychile/navegar?idNorma=264058
   ok (sin cambios)
[23/25] 270212 LEY 20257
  Accediendo a: https://www.bcn.cl/leychile/navegar?idNorma=270212
   ok (sin cambios)
[24/25] 29819 LEY 18410
  Accediendo a: https://www.bcn.cl/leychile/navegar?idNorma=29819
   ⚠️ CAMBIO REAL  24fa2f6809ec131a -> 1aa3a3d64549f28c
[25/25] 6857 Ley 20776
  Accediendo a: https://www.bcn.cl/leychile/navegar?idNorma=6857
   ok (sin cambios)

=== cambiadas 8 · iguales 9 · fallo 8 ===
los cambios quedaron en `norma_evento`; ver con scripts.monitor_report
