normas modificadas a revisar: 25  (ya revisadas: 2)
[1/23] 1009792 DFL 12
  Accediendo a: https://www.bcn.cl/leychile/navegar?idNorma=1009792
   ok (sin cambios)
[2/23] 1010304 LEY 20410
  Accediendo a: https://www.bcn.cl/leychile/navegar?idNorma=1010304
   ok (sin cambios)
[3/23] 1010668 LEY 20416
  Accediendo a: https://www.bcn.cl/leychile/navegar?idNorma=1010668
   ok (sin cambios)
[4/23] 1030861 LEY 20530
  Accediendo a: https://www.bcn.cl/leychile/navegar?idNorma=1030861
  AVISO: el texto trae placeholders 'Loading' (37588 chars) -- extraccion INCOMPLETA
   ✗ SCRAPE INCOMPLETO (80175 -> 37588 chars) -- NO se registra evento
[5/23] 1049988 DECRETO 14
  Accediendo a: https://www.bcn.cl/leychile/navegar?idNorma=1049988
   ⚠️ CAMBIO REAL  28fe5aac8a8c1692 -> 02f248a51ab46bf0
[6/23] 1058072 LEY 20720
  Accediendo a: https://www.bcn.cl/leychile/navegar?idNorma=1058072
   ⚠️ CAMBIO REAL  450376e6e4af376e -> 420de437343325df
[7/23] 1085545 LEY 20886
  Accediendo a: https://www.bcn.cl/leychile/navegar?idNorma=1085545
  AVISO: el texto trae placeholders 'Loading' (11195 chars) -- extraccion INCOMPLETA
   ✗ SCRAPE INCOMPLETO (36952 -> 11195 chars) -- NO se registra evento
[8/23] 1092269 LEY 20931
  Accediendo a: https://www.bcn.cl/leychile/navegar?idNorma=1092269
  AVISO: el texto trae placeholders 'Loading' (31222 chars) -- extraccion INCOMPLETA
   ✗ SCRAPE INCOMPLETO (53084 -> 31222 chars) -- NO se registra evento
[9/23] 1122953 DECRETO 4
  Accediendo a: https://www.bcn.cl/leychile/navegar?idNorma=1122953
   ok (sin cambios)
[10/23] 1163383 LEY 21363
  Accediendo a: https://www.bcn.cl/leychile/navegar?idNorma=1163383
   ⚠️ CAMBIO REAL  2736d4cb1111d7e2 -> b7052a9f355dda4e
[11/23] 1199483 LEY 21647
  Accediendo a: https://www.bcn.cl/leychile/navegar?idNorma=1199483
   ok (sin cambios)
[12/23] 141599 LEY 19628
  Accediendo a: https://www.bcn.cl/leychile/navegar?idNorma=141599
  AVISO: el texto trae placeholders 'Loading' (8783 chars) -- extraccion INCOMPLETA
   ✗ SCRAPE INCOMPLETO (46786 -> 8783 chars) -- NO se registra evento
[13/23] 150669 LEY 19657
  Accediendo a: https://www.bcn.cl/leychile/navegar?idNorma=150669
  AVISO: el texto trae placeholders 'Loading' (7415 chars) -- extraccion INCOMPLETA
   ✗ SCRAPE INCOMPLETO (45441 -> 7415 chars) -- NO se registra evento
[14/23] 16121 DECRETO 900
  Accediendo a: https://www.bcn.cl/leychile/navegar?idNorma=16121
  AVISO: el texto trae placeholders 'Loading' (13462 chars) -- extraccion INCOMPLETA
   ✗ SCRAPE INCOMPLETO (105337 -> 13462 chars) -- NO se registra evento
[15/23] 176595 LEY 19696
  Accediendo a: https://www.bcn.cl/leychile/navegar?idNorma=176595
  AVISO: el texto trae placeholders 'Loading' (4737 chars) -- extraccion INCOMPLETA
   ⚠️ CAMBIO REAL  b8d88af127a3bb46 -> 728a01991a98db17
[16/23] 220208 LEY 19925
  Accediendo a: https://www.bcn.cl/leychile/navegar?idNorma=220208
   ⚠️ CAMBIO REAL  fdd4409c743bda50 -> c4fee8b14333e64e
[17/23] 244803 LEY 20084
  Accediendo a: https://www.bcn.cl/leychile/navegar?idNorma=244803
  AVISO: el texto trae placeholders 'Loading' (6522 chars) -- extraccion INCOMPLETA
   ✗ SCRAPE INCOMPLETO (108829 -> 6522 chars) -- NO se registra evento
[18/23] 250604 DECRETO 62
  Accediendo a: https://www.bcn.cl/leychile/navegar?idNorma=250604
   ok (sin cambios)
[19/23] 258171 DFL 4
  Accediendo a: https://www.bcn.cl/leychile/navegar?idNorma=258171
  AVISO: el texto trae placeholders 'Loading' (10075 chars) -- extraccion INCOMPLETA
   ⚠️ CAMBIO REAL  987be1b86c0b699a -> 29ab917780d42ec4
[20/23] 264058 DECRETO 113
  Accediendo a: https://www.bcn.cl/leychile/navegar?idNorma=264058
  AVISO: el texto trae placeholders 'Loading' (13466 chars) -- extraccion INCOMPLETA
   ✗ SCRAPE INCOMPLETO (16023 -> 13466 chars) -- NO se registra evento
[21/23] 270212 LEY 20257
  Accediendo a: https://www.bcn.cl/leychile/navegar?idNorma=270212
   ok (sin cambios)
[22/23] 29819 LEY 18410
  Accediendo a: https://www.bcn.cl/leychile/navegar?idNorma=29819
  AVISO: el texto trae placeholders 'Loading' (25143 chars) -- extraccion INCOMPLETA
   ✗ SCRAPE INCOMPLETO (55845 -> 25143 chars) -- NO se registra evento
[23/23] 6857 Ley 20776
  Accediendo a: https://www.bcn.cl/leychile/navegar?idNorma=6857
  AVISO: el texto trae placeholders 'Loading' (20037 chars) -- extraccion INCOMPLETA
   ✗ SCRAPE INCOMPLETO (26830 -> 20037 chars) -- NO se registra evento

=== cambiadas 6 · iguales 7 · fallo 10 ===
los cambios quedaron en `norma_evento`; ver con scripts.monitor_report
