=== retomar 2026-08-24 04:04:56 ===
  postgres arriba
  selfcons_n1: 81 pares
  filtro_operativas: 114 pares
  obligaciones: 1178
=== fin 2026-08-24 04:04:57 ===
=== retomar 2026-08-24 05:00:01 ===
  postgres arriba
  selfcons_n1: 100 pares
  filtro_operativas: 114 pares
  obligaciones: 1178
=== fin 2026-08-24 05:00:01 ===
=== retomar 2026-08-24 10:00:01 ===
  postgres arriba
  selfcons_n1: 114 pares
  filtro_operativas: 114 pares
  obligaciones: 1178
=== fin 2026-08-24 10:00:01 ===
=== retomar 2026-08-24 15:00:01 ===
  postgres arriba
  selfcons_n1: 114 pares
  filtro_operativas: 114 pares
  obligaciones: 1178
=== fin 2026-08-24 15:00:01 ===
=== retomar 2026-08-24 16:22:58 ===
  postgres arriba
  selfcons_n1: 114 pares
  filtro_operativas: 114 pares
  obligaciones: 1178
  fases pendientes:
    3.1 preguntas reales: 0/20 minimo -- BLOQUEA 3.2, 3.3 y 3.4
=== fin 2026-08-24 16:22:58 ===
=== retomar 2026-08-24 18:00:01 ===
  postgres arriba
  selfcons_n1: 114 pares
  filtro_operativas: 114 pares
  obligaciones: 1178
  fases pendientes:
    3.1 preguntas reales: 0/20 minimo -- BLOQUEA 3.2, 3.3 y 3.4
=== fin 2026-08-24 18:00:02 ===
=== retomar 2026-08-24 21:00:01 ===
  postgres arriba
  selfcons_n1: 114 pares
  filtro_operativas: 114 pares
  obligaciones: 1178
  fases pendientes:
    3.1 preguntas reales: 0/20 minimo -- BLOQUEA 3.2, 3.3 y 3.4
=== fin 2026-08-24 21:00:02 ===
=== retomar 2026-08-25 00:00:01 ===
  postgres arriba
  selfcons_n1: 114 pares
  filtro_operativas: 114 pares
  obligaciones: 1178
  fases pendientes:
    3.1 preguntas reales: 0/20 minimo -- BLOQUEA 3.2, 3.3 y 3.4
=== fin 2026-08-25 00:00:01 ===
=== retomar 2026-08-25 03:00:01 ===
  postgres arriba
  selfcons_n1: 114 pares
  filtro_operativas: 114 pares
  obligaciones: 1178
  fases pendientes:
    3.1 preguntas reales: 0/20 minimo -- BLOQUEA 3.2, 3.3 y 3.4
=== fin 2026-08-25 03:00:02 ===
=== retomar 2026-08-25 06:00:01 ===
  postgres arriba
  selfcons_n1: 114 pares
  filtro_operativas: 114 pares
  obligaciones: 1178
  fases pendientes:
    3.1 preguntas reales: 0/20 minimo -- BLOQUEA 3.2, 3.3 y 3.4
=== fin 2026-08-25 06:00:01 ===
=== retomar 2026-08-25 09:00:01 ===
  postgres arriba
  selfcons_n1: 114 pares
  filtro_operativas: 114 pares
  obligaciones: 1178
  fases pendientes:
    3.1 preguntas reales: 0/20 minimo -- BLOQUEA 3.2, 3.3 y 3.4
=== fin 2026-08-25 09:00:02 ===
=== retomar 2026-08-25 12:00:01 ===
  postgres arriba
  selfcons_n1: 114 pares
  filtro_operativas: 114 pares
  obligaciones: 1178
  fases pendientes:
    3.1 preguntas reales: 0/20 minimo -- BLOQUEA 3.2, 3.3 y 3.4
=== fin 2026-08-25 12:00:01 ===
=== retomar 2026-08-25 15:00:01 ===
  postgres arriba
  selfcons_n1: 114 pares
  filtro_operativas: 114 pares
  obligaciones: 3695
  fases pendientes:
    3.1 preguntas reales: 0/20 minimo -- BLOQUEA 3.2, 3.3 y 3.4
=== fin 2026-08-25 15:00:02 ===
=== retomar 2026-08-25 18:00:01 ===
  postgres arriba
  selfcons_n1: 114 pares
  filtro_operativas: 114 pares
  obligaciones: 3695
  fases pendientes:
    3.1 preguntas reales: 0/20 minimo -- BLOQUEA 3.2, 3.3 y 3.4
=== fin 2026-08-25 18:00:01 ===
=== retomar 2026-08-25 21:00:01 ===
  postgres arriba
  selfcons_n1: 114 pares
  filtro_operativas: 114 pares
  obligaciones: 3852
  fases pendientes:
    3.1 preguntas reales: 0/20 minimo -- BLOQUEA 3.2, 3.3 y 3.4
=== fin 2026-08-25 21:00:01 ===
=== retomar 2026-08-26 00:00:01 ===
  postgres arriba
  selfcons_n1: 114 pares
  filtro_operativas: 114 pares
  obligaciones: 4358
  fases pendientes:
    3.1 preguntas reales: 0/20 minimo -- BLOQUEA 3.2, 3.3 y 3.4
=== fin 2026-08-26 00:00:01 ===
=== retomar 2026-08-26 03:00:01 ===
  postgres arriba
  selfcons_n1: 114 pares
  filtro_operativas: 114 pares
  obligaciones: 4373
  fases pendientes:
    3.1 preguntas reales: 0/20 minimo -- BLOQUEA 3.2, 3.3 y 3.4
=== fin 2026-08-26 03:00:01 ===
=== retomar 2026-08-26 06:00:01 ===
  postgres arriba
  selfcons_n1: 114 pares
  filtro_operativas: 114 pares
  obligaciones: 4373
  fases pendientes:
    3.1 preguntas reales: 0/20 minimo -- BLOQUEA 3.2, 3.3 y 3.4
=== fin 2026-08-26 06:00:01 ===
=== retomar 2026-08-26 09:00:01 ===
  postgres arriba
  selfcons_n1: 114 pares
  filtro_operativas: 114 pares
  obligaciones: 4373
  fases pendientes:
    3.1 preguntas reales: 0/20 minimo -- BLOQUEA 3.2, 3.3 y 3.4
=== fin 2026-08-26 09:00:01 ===
=== retomar 2026-08-26 12:00:01 ===
  postgres arriba
  selfcons_n1: 114 pares
  filtro_operativas: 114 pares
  obligaciones: 4440
  fases pendientes:
    3.1 preguntas reales: 0/20 minimo -- BLOQUEA 3.2, 3.3 y 3.4
=== fin 2026-08-26 12:00:01 ===
=== retomar 2026-08-26 15:00:01 ===
  postgres arriba
  selfcons_n1: 114 pares
  filtro_operativas: 114 pares
  obligaciones: 4730
  fases pendientes:
    3.1 preguntas reales: 0/20 minimo -- BLOQUEA 3.2, 3.3 y 3.4
=== fin 2026-08-26 15:00:01 ===
=== retomar 2026-08-26 18:00:01 ===
  postgres arriba
  selfcons_n1: 114 pares
  filtro_operativas: 114 pares
  obligaciones: 4730
  fases pendientes:
    3.1 preguntas reales: 0/20 minimo -- BLOQUEA 3.2, 3.3 y 3.4
=== fin 2026-08-26 18:00:01 ===
=== retomar 2026-08-26 21:00:01 ===
  postgres arriba
  GPU restablecida a 180 W (estaba en 350W)
  selfcons_n1: 114 pares
  filtro_operativas: 114 pares
  obligaciones: 4528
  fases pendientes:
    3.1 preguntas reales: 0/20 minimo -- BLOQUEA 3.2, 3.3 y 3.4
=== fin 2026-08-26 21:00:01 ===
=== retomar 2026-08-27 00:00:01 ===
  postgres arriba
  selfcons_n1: 114 pares
  filtro_operativas: 114 pares
  obligaciones: 5020
  fases pendientes:
    3.1 preguntas reales: 0/20 minimo -- BLOQUEA 3.2, 3.3 y 3.4
=== fin 2026-08-27 00:00:01 ===
=== retomar 2026-08-27 03:00:01 ===
  postgres arriba
  selfcons_n1: 114 pares
  filtro_operativas: 114 pares
  obligaciones: 5020
  fases pendientes:
    3.1 preguntas reales: 0/20 minimo -- BLOQUEA 3.2, 3.3 y 3.4
=== fin 2026-08-27 03:00:01 ===
=== retomar 2026-08-27 06:00:01 ===
  postgres arriba
  selfcons_n1: 114 pares
  filtro_operativas: 114 pares
  obligaciones: 5020
  fases pendientes:
    3.1 preguntas reales: 0/20 minimo -- BLOQUEA 3.2, 3.3 y 3.4
=== fin 2026-08-27 06:00:01 ===
=== retomar 2026-08-27 09:00:01 ===
  postgres arriba
  selfcons_n1: 114 pares
  filtro_operativas: 114 pares
  obligaciones: 5020
  fases pendientes:
    3.1 preguntas reales: 0/20 minimo -- BLOQUEA 3.2, 3.3 y 3.4
=== fin 2026-08-27 09:00:01 ===
=== retomar 2026-08-27 12:00:01 ===
  postgres arriba
  selfcons_n1: 114 pares
  filtro_operativas: 114 pares
  obligaciones: 5020
  fases pendientes:
    3.1 preguntas reales: 0/20 minimo -- BLOQUEA 3.2, 3.3 y 3.4
=== fin 2026-08-27 12:00:01 ===
=== retomar 2026-08-27 15:00:01 ===
  postgres arriba
  selfcons_n1: 114 pares
  filtro_operativas: 114 pares
  obligaciones: 5020
  fases pendientes:
    3.1 preguntas reales: 0/20 minimo -- BLOQUEA 3.2, 3.3 y 3.4
=== fin 2026-08-27 15:00:02 ===
=== retomar 2026-08-27 18:00:01 ===
  postgres arriba
  selfcons_n1: 114 pares
  filtro_operativas: 114 pares
  obligaciones: 5020
  fases pendientes:
    3.1 preguntas reales: 0/20 minimo -- BLOQUEA 3.2, 3.3 y 3.4
=== fin 2026-08-27 18:00:02 ===
=== retomar 2026-08-27 21:00:01 ===
  postgres arriba
  selfcons_n1: 114 pares
  filtro_operativas: 114 pares
  obligaciones: 5020
  fases pendientes:
    3.1 preguntas reales: 0/20 minimo -- BLOQUEA 3.2, 3.3 y 3.4
=== fin 2026-08-27 21:00:02 ===
=== retomar 2026-08-28 00:00:01 ===
  quitada la pausa del watchdog
  postgres arriba
  GPU restablecida a 180 W (estaba en 250W)
  selfcons_n1: 114 pares
  filtro_operativas: 114 pares
  obligaciones: 5020
  fases pendientes:
    3.1 preguntas reales: 0/20 minimo -- BLOQUEA 3.2, 3.3 y 3.4
=== fin 2026-08-28 00:00:02 ===
=== retomar 2026-08-28 03:00:01 ===
  postgres arriba
  selfcons_n1: 114 pares
  filtro_operativas: 114 pares
  obligaciones: 5020
  fases pendientes:
    3.1 preguntas reales: 0/20 minimo -- BLOQUEA 3.2, 3.3 y 3.4
=== fin 2026-08-28 03:00:01 ===
=== retomar 2026-08-28 06:00:01 ===
  postgres arriba
  selfcons_n1: 114 pares
  filtro_operativas: 114 pares
  obligaciones: 5020
  fases pendientes:
    3.1 preguntas reales: 0/20 minimo -- BLOQUEA 3.2, 3.3 y 3.4
=== fin 2026-08-28 06:00:01 ===
=== retomar 2026-08-28 09:00:01 ===
  postgres arriba
  selfcons_n1: 114 pares
  filtro_operativas: 114 pares
  obligaciones: 5020
  fases pendientes:
    3.1 preguntas reales: 0/20 minimo -- BLOQUEA 3.2, 3.3 y 3.4
=== fin 2026-08-28 09:00:01 ===
=== retomar 2026-08-28 12:00:01 ===
  postgres arriba
  selfcons_n1: 114 pares
  filtro_operativas: 114 pares
  obligaciones: 5020
  fases pendientes:
    3.1 preguntas reales: 0/20 minimo -- BLOQUEA 3.2, 3.3 y 3.4
=== fin 2026-08-28 12:00:01 ===
=== retomar 2026-08-28 15:00:01 ===
  postgres arriba
  GPU restablecida a 180 W (estaba en 250W)
  selfcons_n1: 114 pares
  filtro_operativas: 114 pares
  obligaciones: 4847
  fases pendientes:
    3.1 preguntas reales: 0/20 minimo -- BLOQUEA 3.2, 3.3 y 3.4
=== fin 2026-08-28 15:00:01 ===
=== retomar 2026-08-28 18:00:01 ===
  postgres arriba
  selfcons_n1: 114 pares
  filtro_operativas: 114 pares
  obligaciones: 4997
  fases pendientes:
    3.1 preguntas reales: 0/20 minimo -- BLOQUEA 3.2, 3.3 y 3.4
=== fin 2026-08-28 18:00:01 ===
=== retomar 2026-08-28 21:00:01 ===
  postgres arriba
  GPU restablecida a 180 W (estaba en 350W)
  selfcons_n1: 114 pares
  filtro_operativas: 114 pares
  obligaciones: 4997
  fases pendientes:
    3.1 preguntas reales: 0/20 minimo -- BLOQUEA 3.2, 3.3 y 3.4
=== fin 2026-08-28 21:00:02 ===
=== retomar 2026-08-28 23:30:30 ===
  postgres arriba
  GPU en 250.00 W (no se modifica)
  selfcons_n1: 114 pares
  filtro_operativas: 114 pares
  obligaciones: 4997
  fases pendientes:
    3.1 preguntas reales: 0/20 minimo -- BLOQUEA 3.2, 3.3 y 3.4
=== fin 2026-08-28 23:30:30 ===
=== retomar 2026-08-29 00:00:01 ===
  postgres arriba
  GPU en 250.00 W (no se modifica)
  selfcons_n1: 114 pares
  filtro_operativas: 114 pares
  obligaciones: 4997
  fases pendientes:
    3.1 preguntas reales: 0/20 minimo -- BLOQUEA 3.2, 3.3 y 3.4
=== fin 2026-08-29 00:00:01 ===
=== retomar 2026-08-29 03:00:01 ===
  postgres arriba
  GPU en 190.00 W (no se modifica)
  selfcons_n1: 114 pares
  filtro_operativas: 114 pares
  obligaciones: 4997
  fases pendientes:
    3.1 preguntas reales: 0/20 minimo -- BLOQUEA 3.2, 3.3 y 3.4
=== fin 2026-08-29 03:00:01 ===
=== retomar 2026-08-29 06:00:01 ===
  postgres arriba
  GPU en 190.00 W (no se modifica)
  selfcons_n1: 114 pares
  filtro_operativas: 114 pares
  obligaciones: 4997
  fases pendientes:
    3.1 preguntas reales: 0/20 minimo -- BLOQUEA 3.2, 3.3 y 3.4
=== fin 2026-08-29 06:00:01 ===
=== retomar 2026-08-29 09:00:01 ===
  postgres arriba
  GPU en 190.00 W (no se modifica)
  selfcons_n1: 114 pares
  filtro_operativas: 114 pares
  obligaciones: 4997
  fases pendientes:
    3.1 preguntas reales: 0/20 minimo -- BLOQUEA 3.2, 3.3 y 3.4
=== fin 2026-08-29 09:00:01 ===
=== retomar 2026-08-29 12:00:01 ===
  quitada la pausa del watchdog
  postgres arriba
  GPU en 350.00 W (no se modifica)
  selfcons_n1: 114 pares
  filtro_operativas: 114 pares
  obligaciones: 4997
  fases pendientes:
    3.1 preguntas reales: 0/20 minimo -- BLOQUEA 3.2, 3.3 y 3.4
=== fin 2026-08-29 12:00:01 ===
=== retomar 2026-08-29 15:00:01 ===
  postgres arriba
  GPU en 250.00 W (no se modifica)
  selfcons_n1: 114 pares
  filtro_operativas: 114 pares
  obligaciones: 4997
  fases pendientes:
    3.1 preguntas reales: 0/20 minimo -- BLOQUEA 3.2, 3.3 y 3.4
=== fin 2026-08-29 15:00:01 ===
=== retomar 2026-08-29 18:00:01 ===
  postgres arriba
  GPU en 250.00 W (no se modifica)
  selfcons_n1: 114 pares
  filtro_operativas: 114 pares
  obligaciones: 4997
  fases pendientes:
    3.1 preguntas reales: 0/20 minimo -- BLOQUEA 3.2, 3.3 y 3.4
=== fin 2026-08-29 18:00:01 ===
=== retomar 2026-08-29 21:00:01 ===
  postgres arriba
  GPU en 250.00 W (no se modifica)
  selfcons_n1: 114 pares
  filtro_operativas: 114 pares
  obligaciones: 4997
  fases pendientes:
    3.1 preguntas reales: 0/20 minimo -- BLOQUEA 3.2, 3.3 y 3.4
=== fin 2026-08-29 21:00:01 ===
=== retomar 2026-08-30 00:00:01 ===
  postgres arriba
  GPU en 250.00 W (no se modifica)
  selfcons_n1: 114 pares
  filtro_operativas: 114 pares
  obligaciones: 4997
  fases pendientes:
    3.1 preguntas reales: 0/20 minimo -- BLOQUEA 3.2, 3.3 y 3.4
=== fin 2026-08-30 00:00:01 ===
=== retomar 2026-08-30 03:00:01 ===
  postgres arriba
  GPU en 250.00 W (no se modifica)
  selfcons_n1: 114 pares
  filtro_operativas: 114 pares
  obligaciones: 4997
  fases pendientes:
    3.1 preguntas reales: 0/20 minimo -- BLOQUEA 3.2, 3.3 y 3.4
=== fin 2026-08-30 03:00:02 ===
=== retomar 2026-08-30 06:00:01 ===
  postgres arriba
  GPU en 250.00 W (no se modifica)
  selfcons_n1: 114 pares
  filtro_operativas: 114 pares
  obligaciones: 4997
  fases pendientes:
    3.1 preguntas reales: 0/20 minimo -- BLOQUEA 3.2, 3.3 y 3.4
=== fin 2026-08-30 06:00:02 ===
=== retomar 2026-08-30 09:00:01 ===
  postgres arriba
  GPU en 250.00 W (no se modifica)
  selfcons_n1: 114 pares
  filtro_operativas: 114 pares
  obligaciones: 4997
  fases pendientes:
    3.1 preguntas reales: 0/20 minimo -- BLOQUEA 3.2, 3.3 y 3.4
=== fin 2026-08-30 09:00:02 ===
=== retomar 2026-08-30 12:00:01 ===
  postgres arriba
  GPU en 250.00 W (no se modifica)
  selfcons_n1: 114 pares
  filtro_operativas: 114 pares
  obligaciones: 4997
  fases pendientes:
    3.1 preguntas reales: 0/20 minimo -- BLOQUEA 3.2, 3.3 y 3.4
=== fin 2026-08-30 12:00:02 ===
=== retomar 2026-08-30 15:00:01 ===
  postgres arriba
  GPU en 250.00 W (no se modifica)
  selfcons_n1: 114 pares
  filtro_operativas: 114 pares
  obligaciones: 4997
  fases pendientes:
    3.1 preguntas reales: 0/20 minimo -- BLOQUEA 3.2, 3.3 y 3.4
=== fin 2026-08-30 15:00:01 ===
=== retomar 2026-08-30 18:00:01 ===
  postgres arriba
  GPU en 250.00 W (no se modifica)
  selfcons_n1: 114 pares
  filtro_operativas: 114 pares
  obligaciones: 4997
  fases pendientes:
    3.1 preguntas reales: 0/20 minimo -- BLOQUEA 3.2, 3.3 y 3.4
=== fin 2026-08-30 18:00:02 ===
=== retomar 2026-08-30 21:00:01 ===
  postgres arriba
  GPU en 250.00 W (no se modifica)
  selfcons_n1: 114 pares
  filtro_operativas: 114 pares
  obligaciones: 4883
  fases pendientes:
    3.1 preguntas reales: 0/20 minimo -- BLOQUEA 3.2, 3.3 y 3.4
=== fin 2026-08-30 21:00:01 ===
=== retomar 2026-08-31 00:00:01 ===
  quitada la pausa del watchdog
  postgres arriba
  GPU en 250.00 W (no se modifica)
  selfcons_n1: 114 pares
  filtro_operativas: 114 pares
  obligaciones: 4999
  fases pendientes:
    3.1 preguntas reales: 0/20 minimo -- BLOQUEA 3.2, 3.3 y 3.4
=== fin 2026-08-31 00:00:01 ===
=== retomar 2026-08-31 03:00:01 ===
  postgres arriba
  GPU en 180.00 W (no se modifica)
  selfcons_n1: 114 pares
  filtro_operativas: 114 pares
  obligaciones: 4999
  fases pendientes:
    3.1 preguntas reales: 0/20 minimo -- BLOQUEA 3.2, 3.3 y 3.4
=== fin 2026-08-31 03:00:01 ===
=== retomar 2026-08-31 06:00:01 ===
  postgres arriba
  GPU en 180.00 W (no se modifica)
  selfcons_n1: 114 pares
  filtro_operativas: 114 pares
  obligaciones: 4999
  fases pendientes:
    3.1 preguntas reales: 0/20 minimo -- BLOQUEA 3.2, 3.3 y 3.4
=== fin 2026-08-31 06:00:01 ===
=== retomar 2026-08-31 09:00:01 ===
  postgres arriba
  GPU en 180.00 W (no se modifica)
  selfcons_n1: 114 pares
  filtro_operativas: 114 pares
  obligaciones: 4959
  fases pendientes:
    3.1 preguntas reales: 0/20 minimo -- BLOQUEA 3.2, 3.3 y 3.4
=== fin 2026-08-31 09:00:02 ===
=== retomar 2026-08-31 12:00:01 ===
  postgres arriba
  GPU en 180.00 W (no se modifica)
  selfcons_n1: 114 pares
  filtro_operativas: 114 pares
  obligaciones: 4959
  fases pendientes:
    3.1 preguntas reales: 0/20 minimo -- BLOQUEA 3.2, 3.3 y 3.4
=== fin 2026-08-31 12:00:01 ===
=== retomar 2026-08-31 15:00:01 ===
  postgres arriba
  GPU en 180.00 W (no se modifica)
  selfcons_n1: 114 pares
  filtro_operativas: 114 pares
  obligaciones: 4959
  fases pendientes:
    3.1 preguntas reales: 0/20 minimo -- BLOQUEA 3.2, 3.3 y 3.4
=== fin 2026-08-31 15:00:01 ===
=== retomar 2026-08-31 18:00:01 ===
  postgres arriba
  GPU en 180.00 W (no se modifica)
  selfcons_n1: 114 pares
  filtro_operativas: 114 pares
  obligaciones: 4992
  fases pendientes:
    3.1 preguntas reales: 0/20 minimo -- BLOQUEA 3.2, 3.3 y 3.4
=== fin 2026-08-31 18:00:01 ===
=== retomar 2026-08-31 21:00:01 ===
  postgres arriba
  GPU en 180.00 W (no se modifica)
  selfcons_n1: 114 pares
  filtro_operativas: 114 pares
  obligaciones: 4992
  fases pendientes:
    3.1 preguntas reales: 0/20 minimo -- BLOQUEA 3.2, 3.3 y 3.4
=== fin 2026-08-31 21:00:01 ===
=== retomar 2026-09-01 00:00:01 ===
  postgres arriba
  GPU en 180.00 W (no se modifica)
  selfcons_n1: 114 pares
  filtro_operativas: 114 pares
  obligaciones: 4992
  fases pendientes:
    3.1 preguntas reales: 0/20 minimo -- BLOQUEA 3.2, 3.3 y 3.4
=== fin 2026-09-01 00:00:01 ===
=== retomar 2026-09-01 03:00:01 ===
  postgres arriba
  GPU en 180.00 W (no se modifica)
  selfcons_n1: 114 pares
  filtro_operativas: 114 pares
  obligaciones: 4992
  fases pendientes:
    3.1 preguntas reales: 0/20 minimo -- BLOQUEA 3.2, 3.3 y 3.4
=== fin 2026-09-01 03:00:02 ===
=== retomar 2026-09-01 06:00:01 ===
  postgres arriba
  GPU en 180.00 W (no se modifica)
  selfcons_n1: 114 pares
  filtro_operativas: 114 pares
  obligaciones: 4992
  fases pendientes:
    3.1 preguntas reales: 0/20 minimo -- BLOQUEA 3.2, 3.3 y 3.4
=== fin 2026-09-01 06:00:01 ===
=== retomar 2026-09-01 09:00:01 ===
  postgres arriba
  GPU en 180.00 W (no se modifica)
  selfcons_n1: 114 pares
  filtro_operativas: 114 pares
  obligaciones: 4992
  fases pendientes:
    3.1 preguntas reales: 0/20 minimo -- BLOQUEA 3.2, 3.3 y 3.4
=== fin 2026-09-01 09:00:01 ===
=== retomar 2026-09-01 12:00:01 ===
  postgres arriba
  GPU en 180.00 W (no se modifica)
  selfcons_n1: 114 pares
  filtro_operativas: 114 pares
  obligaciones: 4992
  fases pendientes:
    3.1 preguntas reales: 0/20 minimo -- BLOQUEA 3.2, 3.3 y 3.4
=== fin 2026-09-01 12:00:02 ===
=== retomar 2026-09-01 15:00:01 ===
  postgres arriba
  GPU en 180.00 W (no se modifica)
  selfcons_n1: 114 pares
  filtro_operativas: 114 pares
  obligaciones: 3634
  fases pendientes:
    3.1 preguntas reales: 1/20 minimo -- BLOQUEA 3.2, 3.3 y 3.4
=== fin 2026-09-01 15:00:02 ===
=== retomar 2026-09-01 18:00:01 ===
  postgres arriba
  GPU en 180.00 W (no se modifica)
  selfcons_n1: 114 pares
  filtro_operativas: 114 pares
  obligaciones: 3634
  fases pendientes:
    3.1 preguntas reales: 1/20 minimo -- BLOQUEA 3.2, 3.3 y 3.4
=== fin 2026-09-01 18:00:01 ===
=== retomar 2026-09-01 21:00:01 ===
  postgres arriba
  GPU en 180.00 W (no se modifica)
  selfcons_n1: 114 pares
  filtro_operativas: 114 pares
  obligaciones: 3634
  fases pendientes:
    3.1 preguntas reales: 1/20 minimo -- BLOQUEA 3.2, 3.3 y 3.4
=== fin 2026-09-01 21:00:01 ===
=== retomar 2026-09-02 00:00:01 ===
  postgres arriba
  GPU en 180.00 W (no se modifica)
  selfcons_n1: 114 pares
  filtro_operativas: 114 pares
  obligaciones: 3634
  fases pendientes:
    3.1 preguntas reales: 2/20 minimo -- BLOQUEA 3.2, 3.3 y 3.4
=== fin 2026-09-02 00:00:01 ===
=== retomar 2026-09-02 03:00:01 ===
  postgres arriba
  GPU en 180.00 W (no se modifica)
  selfcons_n1: 114 pares
  filtro_operativas: 114 pares
  obligaciones: 3634
  fases pendientes:
    3.1 preguntas reales: 2/20 minimo -- BLOQUEA 3.2, 3.3 y 3.4
=== fin 2026-09-02 03:00:02 ===
=== retomar 2026-09-02 06:00:01 ===
  postgres arriba
  GPU en 180.00 W (no se modifica)
  selfcons_n1: 114 pares
  filtro_operativas: 114 pares
  obligaciones: 3634
  fases pendientes:
    3.1 preguntas reales: 2/20 minimo -- BLOQUEA 3.2, 3.3 y 3.4
=== fin 2026-09-02 06:00:02 ===
=== retomar 2026-09-02 09:00:01 ===
  postgres arriba
  GPU en 180.00 W (no se modifica)
  selfcons_n1: 114 pares
  filtro_operativas: 114 pares
  obligaciones: 3634
  fases pendientes:
    3.1 preguntas reales: 2/20 minimo -- BLOQUEA 3.2, 3.3 y 3.4
=== fin 2026-09-02 09:00:01 ===
=== retomar 2026-09-02 12:00:01 ===
  postgres arriba
  GPU en 180.00 W (no se modifica)
  selfcons_n1: 114 pares
  filtro_operativas: 114 pares
  obligaciones: 3634
  fases pendientes:
    3.1 preguntas reales: 2/20 minimo -- BLOQUEA 3.2, 3.3 y 3.4
=== fin 2026-09-02 12:00:01 ===
=== retomar 2026-09-02 15:00:01 ===
  postgres arriba
  GPU en 180.00 W (no se modifica)
  selfcons_n1: 114 pares
  filtro_operativas: 114 pares
  obligaciones: 3634
  fases pendientes:
    3.1 preguntas reales: 2/20 minimo -- BLOQUEA 3.2, 3.3 y 3.4
=== fin 2026-09-02 15:00:02 ===
=== retomar 2026-09-02 18:00:01 ===
  postgres arriba
  GPU en 180.00 W (no se modifica)
  selfcons_n1: 114 pares
  filtro_operativas: 114 pares
  obligaciones: 3634
  fases pendientes:
    3.1 preguntas reales: 2/20 minimo -- BLOQUEA 3.2, 3.3 y 3.4
=== fin 2026-09-02 18:00:02 ===
=== retomar 2026-09-02 21:00:01 ===
  postgres arriba
  GPU en 180.00 W (no se modifica)
  selfcons_n1: 114 pares
  filtro_operativas: 114 pares
  obligaciones: 3634
  fases pendientes:
    3.1 preguntas reales: 2/20 minimo -- BLOQUEA 3.2, 3.3 y 3.4
=== fin 2026-09-02 21:00:01 ===
=== retomar 2026-09-03 00:00:01 ===
  postgres arriba
  GPU en 180.00 W (no se modifica)
  selfcons_n1: 114 pares
  filtro_operativas: 114 pares
  obligaciones: 3634
  fases pendientes:
    3.1 preguntas reales: 2/20 minimo -- BLOQUEA 3.2, 3.3 y 3.4
=== fin 2026-09-03 00:00:01 ===
=== retomar 2026-09-03 03:00:01 ===
  postgres arriba
  GPU en 180.00 W (no se modifica)
  selfcons_n1: 114 pares
  filtro_operativas: 114 pares
  obligaciones: 3634
  fases pendientes:
    3.1 preguntas reales: 2/20 minimo -- BLOQUEA 3.2, 3.3 y 3.4
=== fin 2026-09-03 03:00:02 ===
=== retomar 2026-09-03 06:00:01 ===
  postgres arriba
  GPU en 180.00 W (no se modifica)
  selfcons_n1: 114 pares
  filtro_operativas: 114 pares
  obligaciones: 3634
  fases pendientes:
    3.1 preguntas reales: 2/20 minimo -- BLOQUEA 3.2, 3.3 y 3.4
=== fin 2026-09-03 06:00:02 ===
=== retomar 2026-09-03 09:00:01 ===
  postgres arriba
  GPU en 180.00 W (no se modifica)
  selfcons_n1: 114 pares
  filtro_operativas: 114 pares
  obligaciones: 3634
  fases pendientes:
    3.1 preguntas reales: 2/20 minimo -- BLOQUEA 3.2, 3.3 y 3.4
=== fin 2026-09-03 09:00:01 ===
=== retomar 2026-09-03 12:00:01 ===
  postgres arriba
  GPU en 180.00 W (no se modifica)
  selfcons_n1: 114 pares
  filtro_operativas: 114 pares
  obligaciones: 3634
  fases pendientes:
    3.1 preguntas reales: 2/20 minimo -- BLOQUEA 3.2, 3.3 y 3.4
=== fin 2026-09-03 12:00:02 ===
=== retomar 2026-09-03 15:00:01 ===
  postgres arriba
  GPU en 180.00 W (no se modifica)
  selfcons_n1: 114 pares
  filtro_operativas: 114 pares
  obligaciones: 3634
  fases pendientes:
    3.1 preguntas reales: 2/20 minimo -- BLOQUEA 3.2, 3.3 y 3.4
=== fin 2026-09-03 15:00:02 ===
=== retomar 2026-09-03 18:00:01 ===
  postgres arriba
  GPU en 180.00 W (no se modifica)
  selfcons_n1: 114 pares
  filtro_operativas: 114 pares
  obligaciones: 3634
  fases pendientes:
    3.1 preguntas reales: 2/20 minimo -- BLOQUEA 3.2, 3.3 y 3.4
=== fin 2026-09-03 18:00:01 ===
=== retomar 2026-09-03 21:00:01 ===
  postgres arriba
  GPU en 180.00 W (no se modifica)
  selfcons_n1: 114 pares
  filtro_operativas: 114 pares
  obligaciones: 3634
  fases pendientes:
    3.1 preguntas reales: 2/20 minimo -- BLOQUEA 3.2, 3.3 y 3.4
=== fin 2026-09-03 21:00:01 ===
=== retomar 2026-09-04 00:00:01 ===
  postgres arriba
  GPU en 180.00 W (no se modifica)
  selfcons_n1: 114 pares
  filtro_operativas: 114 pares
  obligaciones: 3634
  fases pendientes:
    3.1 preguntas reales: 2/20 minimo -- BLOQUEA 3.2, 3.3 y 3.4
=== fin 2026-09-04 00:00:02 ===
=== retomar 2026-09-04 03:00:01 ===
  postgres arriba
  GPU en 180.00 W (no se modifica)
  selfcons_n1: 114 pares
  filtro_operativas: 114 pares
  obligaciones: 3634
  fases pendientes:
    3.1 preguntas reales: 2/20 minimo -- BLOQUEA 3.2, 3.3 y 3.4
=== fin 2026-09-04 03:00:01 ===
=== retomar 2026-09-04 06:00:01 ===
  postgres arriba
  GPU en 180.00 W (no se modifica)
  selfcons_n1: 114 pares
  filtro_operativas: 114 pares
  obligaciones: 3634
  fases pendientes:
    3.1 preguntas reales: 2/20 minimo -- BLOQUEA 3.2, 3.3 y 3.4
=== fin 2026-09-04 06:00:02 ===
=== retomar 2026-09-04 09:00:01 ===
  postgres arriba
  GPU en 180.00 W (no se modifica)
  selfcons_n1: 114 pares
  filtro_operativas: 114 pares
  obligaciones: 3634
  fases pendientes:
    3.1 preguntas reales: 2/20 minimo -- BLOQUEA 3.2, 3.3 y 3.4
=== fin 2026-09-04 09:00:02 ===
=== retomar 2026-09-04 12:00:01 ===
  postgres arriba
  GPU en 180.00 W (no se modifica)
  selfcons_n1: 114 pares
  filtro_operativas: 114 pares
  obligaciones: 3634
  fases pendientes:
    3.1 preguntas reales: 2/20 minimo -- BLOQUEA 3.2, 3.3 y 3.4
=== fin 2026-09-04 12:00:01 ===
=== retomar 2026-09-04 15:00:01 ===
  postgres arriba
  GPU en 180.00 W (no se modifica)
  selfcons_n1: 114 pares
  filtro_operativas: 114 pares
  obligaciones: 3634
  fases pendientes:
    3.1 preguntas reales: 2/20 minimo -- BLOQUEA 3.2, 3.3 y 3.4
=== fin 2026-09-04 15:00:01 ===
=== retomar 2026-09-04 18:00:01 ===
  postgres arriba
  GPU en 180.00 W (no se modifica)
  selfcons_n1: 114 pares
  filtro_operativas: 114 pares
  obligaciones: 3634
  fases pendientes:
    3.1 preguntas reales: 2/20 minimo -- BLOQUEA 3.2, 3.3 y 3.4
=== fin 2026-09-04 18:00:02 ===
=== retomar 2026-09-04 21:00:01 ===
  postgres arriba
  GPU en 180.00 W (no se modifica)
  selfcons_n1: 114 pares
  filtro_operativas: 114 pares
  obligaciones: 3634
  fases pendientes:
    3.1 preguntas reales: 2/20 minimo -- BLOQUEA 3.2, 3.3 y 3.4
=== fin 2026-09-04 21:00:01 ===
=== retomar 2026-09-05 00:00:01 ===
  postgres arriba
  GPU en 180.00 W (no se modifica)
  selfcons_n1: 114 pares
  filtro_operativas: 114 pares
  obligaciones: 3634
  fases pendientes:
    3.1 preguntas reales: 2/20 minimo -- BLOQUEA 3.2, 3.3 y 3.4
=== fin 2026-09-05 00:00:01 ===
=== retomar 2026-09-05 03:00:01 ===
  postgres arriba
  GPU en 180.00 W (no se modifica)
  selfcons_n1: 114 pares
  filtro_operativas: 114 pares
  obligaciones: 3634
  fases pendientes:
    3.1 preguntas reales: 2/20 minimo -- BLOQUEA 3.2, 3.3 y 3.4
=== fin 2026-09-05 03:00:02 ===
=== retomar 2026-09-05 06:00:01 ===
  postgres arriba
  GPU en 180.00 W (no se modifica)
  selfcons_n1: 114 pares
  filtro_operativas: 114 pares
  obligaciones: 3634
  fases pendientes:
    3.1 preguntas reales: 2/20 minimo -- BLOQUEA 3.2, 3.3 y 3.4
=== fin 2026-09-05 06:00:01 ===
=== retomar 2026-09-05 09:00:01 ===
  postgres arriba
  GPU en 180.00 W (no se modifica)
  selfcons_n1: 114 pares
  filtro_operativas: 114 pares
  obligaciones: 3634
  fases pendientes:
    3.1 preguntas reales: 2/20 minimo -- BLOQUEA 3.2, 3.3 y 3.4
=== fin 2026-09-05 09:00:02 ===
=== retomar 2026-09-05 12:00:01 ===
  postgres arriba
  GPU en 180.00 W (no se modifica)
  selfcons_n1: 114 pares
  filtro_operativas: 114 pares
  obligaciones: 3634
  fases pendientes:
    3.1 preguntas reales: 2/20 minimo -- BLOQUEA 3.2, 3.3 y 3.4
=== fin 2026-09-05 12:00:02 ===
=== retomar 2026-09-05 15:00:01 ===
  postgres arriba
  GPU en 180.00 W (no se modifica)
  selfcons_n1: 114 pares
  filtro_operativas: 114 pares
  obligaciones: 3634
  fases pendientes:
    3.1 preguntas reales: 2/20 minimo -- BLOQUEA 3.2, 3.3 y 3.4
=== fin 2026-09-05 15:00:01 ===
=== retomar 2026-09-05 18:00:01 ===
  postgres arriba
  GPU en 180.00 W (no se modifica)
  selfcons_n1: 114 pares
  filtro_operativas: 114 pares
  obligaciones: 3634
  fases pendientes:
    3.1 preguntas reales: 2/20 minimo -- BLOQUEA 3.2, 3.3 y 3.4
=== fin 2026-09-05 18:00:02 ===
=== retomar 2026-09-05 21:00:01 ===
  postgres arriba
  GPU en 180.00 W (no se modifica)
  selfcons_n1: 114 pares
  filtro_operativas: 114 pares
  obligaciones: 3634
  fases pendientes:
    3.1 preguntas reales: 2/20 minimo -- BLOQUEA 3.2, 3.3 y 3.4
=== fin 2026-09-05 21:00:01 ===
=== retomar 2026-09-06 03:00:01 ===
  postgres arriba
  GPU en 180.00 W (no se modifica)
  selfcons_n1: 114 pares
  filtro_operativas: 114 pares
  obligaciones: 3634
  fases pendientes:
    3.1 preguntas reales: 2/20 minimo -- BLOQUEA 3.2, 3.3 y 3.4
=== fin 2026-09-06 03:00:01 ===
=== retomar 2026-09-06 06:00:01 ===
  postgres arriba
  GPU en 180.00 W (no se modifica)
  selfcons_n1: 114 pares
  filtro_operativas: 114 pares
  obligaciones: 3634
  fases pendientes:
    3.1 preguntas reales: 2/20 minimo -- BLOQUEA 3.2, 3.3 y 3.4
=== fin 2026-09-06 06:00:01 ===
=== retomar 2026-09-06 09:00:01 ===
  postgres arriba
  GPU en 180.00 W (no se modifica)
  selfcons_n1: 114 pares
  filtro_operativas: 114 pares
  obligaciones: 3634
  fases pendientes:
    3.1 preguntas reales: 2/20 minimo -- BLOQUEA 3.2, 3.3 y 3.4
=== fin 2026-09-06 09:00:01 ===
=== retomar 2026-09-06 12:00:01 ===
  postgres arriba
  GPU en 180.00 W (no se modifica)
  selfcons_n1: 114 pares
  filtro_operativas: 114 pares
  obligaciones: 3634
  fases pendientes:
    3.1 preguntas reales: 2/20 minimo -- BLOQUEA 3.2, 3.3 y 3.4
=== fin 2026-09-06 12:00:01 ===
=== retomar 2026-09-06 15:00:01 ===
  postgres arriba
  GPU en 180.00 W (no se modifica)
  selfcons_n1: 114 pares
  filtro_operativas: 114 pares
  obligaciones: 3634
  fases pendientes:
    3.1 preguntas reales: 2/20 minimo -- BLOQUEA 3.2, 3.3 y 3.4
=== fin 2026-09-06 15:00:01 ===
=== retomar 2026-09-06 18:00:01 ===
  postgres arriba
  GPU en 180.00 W (no se modifica)
  selfcons_n1: 114 pares
  filtro_operativas: 114 pares
  obligaciones: 3634
  fases pendientes:
    3.1 preguntas reales: 2/20 minimo -- BLOQUEA 3.2, 3.3 y 3.4
=== fin 2026-09-06 18:00:01 ===
=== retomar 2026-09-06 21:00:01 ===
  postgres arriba
  GPU en 180.00 W (no se modifica)
  selfcons_n1: 114 pares
  filtro_operativas: 114 pares
  obligaciones: 3634
  fases pendientes:
    3.1 preguntas reales: 2/20 minimo -- BLOQUEA 3.2, 3.3 y 3.4
=== fin 2026-09-06 21:00:01 ===
=== retomar 2026-09-07 00:00:01 ===
  postgres arriba
  GPU en 180.00 W (no se modifica)
  selfcons_n1: 114 pares
  filtro_operativas: 114 pares
  obligaciones: 3634
  fases pendientes:
    3.1 preguntas reales: 2/20 minimo -- BLOQUEA 3.2, 3.3 y 3.4
=== fin 2026-09-07 00:00:02 ===
=== retomar 2026-09-07 03:00:01 ===
  postgres arriba
  GPU en 180.00 W (no se modifica)
  selfcons_n1: 114 pares
  filtro_operativas: 114 pares
  obligaciones: 3634
  fases pendientes:
    3.1 preguntas reales: 2/20 minimo -- BLOQUEA 3.2, 3.3 y 3.4
=== fin 2026-09-07 03:00:01 ===
=== retomar 2026-09-07 06:00:01 ===
  postgres arriba
  GPU en 180.00 W (no se modifica)
  selfcons_n1: 114 pares
  filtro_operativas: 114 pares
  obligaciones: 3634
  fases pendientes:
    3.1 preguntas reales: 2/20 minimo -- BLOQUEA 3.2, 3.3 y 3.4
=== fin 2026-09-07 06:00:01 ===
=== retomar 2026-09-07 09:00:01 ===
  postgres arriba
  GPU en 180.00 W (no se modifica)
  selfcons_n1: 114 pares
  filtro_operativas: 114 pares
  obligaciones: 3634
  fases pendientes:
    3.1 preguntas reales: 2/20 minimo -- BLOQUEA 3.2, 3.3 y 3.4
=== fin 2026-09-07 09:00:01 ===
=== retomar 2026-09-07 12:00:01 ===
  postgres arriba
  GPU en 180.00 W (no se modifica)
  selfcons_n1: 114 pares
  filtro_operativas: 114 pares
  obligaciones: 3634
  fases pendientes:
    3.1 preguntas reales: 2/20 minimo -- BLOQUEA 3.2, 3.3 y 3.4
=== fin 2026-09-07 12:00:02 ===
=== retomar 2026-09-07 15:00:02 ===
  postgres arriba
  GPU en 260.00 W (no se modifica)
  selfcons_n1: 114 pares
  filtro_operativas: 114 pares
  obligaciones: 3634
  fases pendientes:
    3.1 preguntas reales: 2/20 minimo -- BLOQUEA 3.2, 3.3 y 3.4
=== fin 2026-09-07 15:00:02 ===
=== retomar 2026-09-07 18:00:01 ===
  postgres arriba
  GPU en 350.00 W (no se modifica)
  selfcons_n1: 114 pares
  filtro_operativas: 114 pares
  obligaciones: 3634
  fases pendientes:
    3.1 preguntas reales: 2/20 minimo -- BLOQUEA 3.2, 3.3 y 3.4
=== fin 2026-09-07 18:00:01 ===
=== retomar 2026-09-07 21:00:01 ===
  postgres arriba
  GPU en 350.00 W (no se modifica)
  selfcons_n1: 114 pares
  filtro_operativas: 114 pares
  obligaciones: 3634
  fases pendientes:
    3.1 preguntas reales: 2/20 minimo -- BLOQUEA 3.2, 3.3 y 3.4
=== fin 2026-09-07 21:00:01 ===
=== retomar 2026-09-08 00:00:01 ===
  postgres arriba
  GPU en 350.00 W (no se modifica)
  selfcons_n1: 114 pares
  filtro_operativas: 114 pares
  obligaciones: 3634
  fases pendientes:
    3.1 preguntas reales: 2/20 minimo -- BLOQUEA 3.2, 3.3 y 3.4
=== fin 2026-09-08 00:00:01 ===
=== retomar 2026-09-08 03:00:01 ===
  postgres arriba
  GPU en 180.00 W (no se modifica)
  selfcons_n1: 114 pares
  filtro_operativas: 114 pares
  obligaciones: 3634
  fases pendientes:
    3.1 preguntas reales: 2/20 minimo -- BLOQUEA 3.2, 3.3 y 3.4
=== fin 2026-09-08 03:00:01 ===
=== retomar 2026-09-08 06:00:01 ===
  postgres arriba
  GPU en 180.00 W (no se modifica)
  selfcons_n1: 114 pares
  filtro_operativas: 114 pares
  obligaciones: 3634
  fases pendientes:
    3.1 preguntas reales: 2/20 minimo -- BLOQUEA 3.2, 3.3 y 3.4
=== fin 2026-09-08 06:00:01 ===
=== retomar 2026-09-08 09:00:02 ===
  postgres arriba
  GPU en 180.00 W (no se modifica)
  selfcons_n1: 114 pares
  filtro_operativas: 114 pares
  obligaciones: 3634
  fases pendientes:
    3.1 preguntas reales: 2/20 minimo -- BLOQUEA 3.2, 3.3 y 3.4
=== fin 2026-09-08 09:00:02 ===
=== retomar 2026-09-08 15:00:01 ===
  quitada la pausa del watchdog
  postgres arriba
  GPU en 350.00 W (no se modifica)
  selfcons_n1: 114 pares
  filtro_operativas: 114 pares
  obligaciones: 3634
  fases pendientes:
    3.1 preguntas reales: 2/20 minimo -- BLOQUEA 3.2, 3.3 y 3.4
=== fin 2026-09-08 15:00:01 ===
=== retomar 2026-09-08 18:00:01 ===
  postgres arriba
  GPU en 350.00 W (no se modifica)
  selfcons_n1: 114 pares
  filtro_operativas: 114 pares
  obligaciones: 3634
  fases pendientes:
    3.1 preguntas reales: 2/20 minimo -- BLOQUEA 3.2, 3.3 y 3.4
=== fin 2026-09-08 18:00:01 ===
=== retomar 2026-09-08 21:00:01 ===
  postgres arriba
  GPU en 350.00 W (no se modifica)
  selfcons_n1: 114 pares
  filtro_operativas: 114 pares
  obligaciones: 3634
  fases pendientes:
    3.1 preguntas reales: 2/20 minimo -- BLOQUEA 3.2, 3.3 y 3.4
=== fin 2026-09-08 21:00:01 ===
=== retomar 2026-09-09 00:00:01 ===
  postgres arriba
  GPU en 180.00 W (no se modifica)
  selfcons_n1: 114 pares
  filtro_operativas: 114 pares
  obligaciones: 3634
  fases pendientes:
    3.1 preguntas reales: 2/20 minimo -- BLOQUEA 3.2, 3.3 y 3.4
=== fin 2026-09-09 00:00:01 ===
=== retomar 2026-09-09 03:00:01 ===
  postgres arriba
  GPU en 180.00 W (no se modifica)
  selfcons_n1: 114 pares
  filtro_operativas: 114 pares
  obligaciones: 3634
  fases pendientes:
    3.1 preguntas reales: 2/20 minimo -- BLOQUEA 3.2, 3.3 y 3.4
=== fin 2026-09-09 03:00:02 ===
=== retomar 2026-09-09 06:00:01 ===
  postgres arriba
  GPU en 180.00 W (no se modifica)
  selfcons_n1: 114 pares
  filtro_operativas: 114 pares
  obligaciones: 3634
  fases pendientes:
    3.1 preguntas reales: 2/20 minimo -- BLOQUEA 3.2, 3.3 y 3.4
=== fin 2026-09-09 06:00:02 ===
=== retomar 2026-09-09 09:00:01 ===
  postgres arriba
  GPU en 180.00 W (no se modifica)
  selfcons_n1: 114 pares
  filtro_operativas: 114 pares
  obligaciones: 3634
  fases pendientes:
    3.1 preguntas reales: 2/20 minimo -- BLOQUEA 3.2, 3.3 y 3.4
=== fin 2026-09-09 09:00:01 ===
=== retomar 2026-09-09 12:00:01 ===
  postgres arriba
  GPU en 180.00 W (no se modifica)
  selfcons_n1: 114 pares
  filtro_operativas: 114 pares
  obligaciones: 3634
  fases pendientes:
    3.1 preguntas reales: 2/20 minimo -- BLOQUEA 3.2, 3.3 y 3.4
=== fin 2026-09-09 12:00:01 ===
=== retomar 2026-09-09 15:00:01 ===
  postgres arriba
  GPU en 180.00 W (no se modifica)
  selfcons_n1: 114 pares
  filtro_operativas: 114 pares
  obligaciones: 3634
  fases pendientes:
    3.1 preguntas reales: 2/20 minimo -- BLOQUEA 3.2, 3.3 y 3.4
=== fin 2026-09-09 15:00:01 ===
=== retomar 2026-09-09 18:00:01 ===
  postgres arriba
  GPU en 180.00 W (no se modifica)
  selfcons_n1: 114 pares
  filtro_operativas: 114 pares
  obligaciones: 3634
  fases pendientes:
    3.1 preguntas reales: 2/20 minimo -- BLOQUEA 3.2, 3.3 y 3.4
=== fin 2026-09-09 18:00:01 ===
=== retomar 2026-09-09 21:00:01 ===
  postgres arriba
  GPU en 180.00 W (no se modifica)
  selfcons_n1: 114 pares
  filtro_operativas: 114 pares
  obligaciones: 3634
  fases pendientes:
    3.1 preguntas reales: 2/20 minimo -- BLOQUEA 3.2, 3.3 y 3.4
=== fin 2026-09-09 21:00:01 ===
=== retomar 2026-09-10 00:00:01 ===
  postgres arriba
  GPU en 180.00 W (no se modifica)
  selfcons_n1: 114 pares
  filtro_operativas: 114 pares
  obligaciones: 3634
  fases pendientes:
    3.1 preguntas reales: 2/20 minimo -- BLOQUEA 3.2, 3.3 y 3.4
=== fin 2026-09-10 00:00:01 ===
=== retomar 2026-09-10 03:00:01 ===
  postgres arriba
  GPU en 180.00 W (no se modifica)
  selfcons_n1: 114 pares
  filtro_operativas: 114 pares
  obligaciones: 3634
  fases pendientes:
    3.1 preguntas reales: 2/20 minimo -- BLOQUEA 3.2, 3.3 y 3.4
=== fin 2026-09-10 03:00:02 ===
=== retomar 2026-09-10 06:00:01 ===
  postgres arriba
  GPU en 180.00 W (no se modifica)
  selfcons_n1: 114 pares
  filtro_operativas: 114 pares
  obligaciones: 3634
  fases pendientes:
    3.1 preguntas reales: 2/20 minimo -- BLOQUEA 3.2, 3.3 y 3.4
=== fin 2026-09-10 06:00:02 ===
=== retomar 2026-09-10 09:00:01 ===
  postgres arriba
  GPU en 180.00 W (no se modifica)
  selfcons_n1: 114 pares
  filtro_operativas: 114 pares
  obligaciones: 3634
  fases pendientes:
    3.1 preguntas reales: 2/20 minimo -- BLOQUEA 3.2, 3.3 y 3.4
=== fin 2026-09-10 09:00:02 ===
=== retomar 2026-09-10 12:00:01 ===
  postgres arriba
  GPU en 180.00 W (no se modifica)
  selfcons_n1: 114 pares
  filtro_operativas: 114 pares
  obligaciones: 3634
  fases pendientes:
    3.1 preguntas reales: 2/20 minimo -- BLOQUEA 3.2, 3.3 y 3.4
=== fin 2026-09-10 12:00:01 ===
=== retomar 2026-09-10 15:00:01 ===
  postgres arriba
  GPU en 180.00 W (no se modifica)
  selfcons_n1: 114 pares
  filtro_operativas: 114 pares
  obligaciones: 3634
  fases pendientes:
    3.1 preguntas reales: 2/20 minimo -- BLOQUEA 3.2, 3.3 y 3.4
=== fin 2026-09-10 15:00:01 ===
=== retomar 2026-09-10 18:00:01 ===
  postgres arriba
  GPU en 180.00 W (no se modifica)
  selfcons_n1: 114 pares
  filtro_operativas: 114 pares
  obligaciones: 3634
  fases pendientes:
    3.1 preguntas reales: 2/20 minimo -- BLOQUEA 3.2, 3.3 y 3.4
=== fin 2026-09-10 18:00:01 ===
=== retomar 2026-09-10 21:00:01 ===
  postgres arriba
  GPU en 180.00 W (no se modifica)
  selfcons_n1: 114 pares
  filtro_operativas: 114 pares
  obligaciones: 3634
  fases pendientes:
    3.1 preguntas reales: 2/20 minimo -- BLOQUEA 3.2, 3.3 y 3.4
=== fin 2026-09-10 21:00:02 ===
=== retomar 2026-09-11 00:00:01 ===
  postgres arriba
  GPU en 180.00 W (no se modifica)
  selfcons_n1: 114 pares
  filtro_operativas: 114 pares
  obligaciones: 3634
  fases pendientes:
    3.1 preguntas reales: 2/20 minimo -- BLOQUEA 3.2, 3.3 y 3.4
=== fin 2026-09-11 00:00:02 ===
=== retomar 2026-09-11 03:00:01 ===
  postgres arriba
  GPU en 180.00 W (no se modifica)
  selfcons_n1: 114 pares
  filtro_operativas: 114 pares
  obligaciones: 3634
  fases pendientes:
    3.1 preguntas reales: 2/20 minimo -- BLOQUEA 3.2, 3.3 y 3.4
=== fin 2026-09-11 03:00:01 ===
=== retomar 2026-09-11 06:00:01 ===
  postgres arriba
  GPU en 180.00 W (no se modifica)
  selfcons_n1: 114 pares
  filtro_operativas: 114 pares
  obligaciones: 3634
  fases pendientes:
    3.1 preguntas reales: 2/20 minimo -- BLOQUEA 3.2, 3.3 y 3.4
=== fin 2026-09-11 06:00:01 ===
=== retomar 2026-09-11 09:00:01 ===
  postgres arriba
  GPU en 180.00 W (no se modifica)
  selfcons_n1: 114 pares
  filtro_operativas: 114 pares
  obligaciones: 3634
  fases pendientes:
    3.1 preguntas reales: 2/20 minimo -- BLOQUEA 3.2, 3.3 y 3.4
=== fin 2026-09-11 09:00:02 ===
=== retomar 2026-09-11 12:00:01 ===
  postgres arriba
  GPU en 180.00 W (no se modifica)
  selfcons_n1: 114 pares
  filtro_operativas: 114 pares
  obligaciones: 3634
  fases pendientes:
    3.1 preguntas reales: 2/20 minimo -- BLOQUEA 3.2, 3.3 y 3.4
=== fin 2026-09-11 12:00:01 ===
=== retomar 2026-09-11 15:00:01 ===
  postgres arriba
  GPU en 230.00 W (no se modifica)
  selfcons_n1: 114 pares
  filtro_operativas: 114 pares
  obligaciones: 3634
  fases pendientes:
    3.1 preguntas reales: 2/20 minimo -- BLOQUEA 3.2, 3.3 y 3.4
=== fin 2026-09-11 15:00:01 ===
=== retomar 2026-09-11 18:00:01 ===
  postgres arriba
  GPU en 230.00 W (no se modifica)
  selfcons_n1: 114 pares
  filtro_operativas: 114 pares
  obligaciones: 3634
  fases pendientes:
    3.1 preguntas reales: 2/20 minimo -- BLOQUEA 3.2, 3.3 y 3.4
=== fin 2026-09-11 18:00:01 ===
=== retomar 2026-09-11 21:00:01 ===
  postgres arriba
  GPU en 230.00 W (no se modifica)
  selfcons_n1: 114 pares
  filtro_operativas: 114 pares
  obligaciones: 3634
  fases pendientes:
    3.1 preguntas reales: 2/20 minimo -- BLOQUEA 3.2, 3.3 y 3.4
=== fin 2026-09-11 21:00:01 ===
=== retomar 2026-09-12 00:00:01 ===
  postgres arriba
  GPU en 230.00 W (no se modifica)
  selfcons_n1: 114 pares
  filtro_operativas: 114 pares
  obligaciones: 3634
  fases pendientes:
    3.1 preguntas reales: 2/20 minimo -- BLOQUEA 3.2, 3.3 y 3.4
=== fin 2026-09-12 00:00:01 ===
=== retomar 2026-09-12 03:00:01 ===
  postgres arriba
  GPU en 230.00 W (no se modifica)
  selfcons_n1: 114 pares
  filtro_operativas: 114 pares
  obligaciones: 3634
  fases pendientes:
    3.1 preguntas reales: 2/20 minimo -- BLOQUEA 3.2, 3.3 y 3.4
=== fin 2026-09-12 03:00:01 ===
=== retomar 2026-09-12 06:00:01 ===
  postgres arriba
  GPU en 230.00 W (no se modifica)
  selfcons_n1: 114 pares
  filtro_operativas: 114 pares
  obligaciones: 3634
  fases pendientes:
    3.1 preguntas reales: 2/20 minimo -- BLOQUEA 3.2, 3.3 y 3.4
=== fin 2026-09-12 06:00:01 ===
=== retomar 2026-09-12 15:00:01 ===
  postgres arriba
  GPU en 230.00 W (no se modifica)
  selfcons_n1: 114 pares
  filtro_operativas: 114 pares
  obligaciones: 3634
  fases pendientes:
    3.1 preguntas reales: 2/20 minimo -- BLOQUEA 3.2, 3.3 y 3.4
=== fin 2026-09-12 15:00:01 ===
=== retomar 2026-09-12 18:00:01 ===
  postgres arriba
  GPU en 230.00 W (no se modifica)
  selfcons_n1: 114 pares
  filtro_operativas: 114 pares
  obligaciones: 3634
  fases pendientes:
    3.1 preguntas reales: 2/20 minimo -- BLOQUEA 3.2, 3.3 y 3.4
=== fin 2026-09-12 18:00:01 ===
=== retomar 2026-09-12 21:00:01 ===
  postgres arriba
  GPU en 230.00 W (no se modifica)
  selfcons_n1: 114 pares
  filtro_operativas: 114 pares
  obligaciones: 3634
  fases pendientes:
    3.1 preguntas reales: 2/20 minimo -- BLOQUEA 3.2, 3.3 y 3.4
=== fin 2026-09-12 21:00:01 ===
=== retomar 2026-09-13 00:00:01 ===
  postgres arriba
  GPU en 230.00 W (no se modifica)
  selfcons_n1: 114 pares
  filtro_operativas: 114 pares
  obligaciones: 3634
  fases pendientes:
    3.1 preguntas reales: 2/20 minimo -- BLOQUEA 3.2, 3.3 y 3.4
=== fin 2026-09-13 00:00:01 ===
=== retomar 2026-09-13 03:00:01 ===
  postgres arriba
  GPU en 230.00 W (no se modifica)
  selfcons_n1: 114 pares
  filtro_operativas: 114 pares
  obligaciones: 3634
  fases pendientes:
    3.1 preguntas reales: 2/20 minimo -- BLOQUEA 3.2, 3.3 y 3.4
=== fin 2026-09-13 03:00:01 ===
=== retomar 2026-09-13 06:00:01 ===
  postgres arriba
  GPU en 230.00 W (no se modifica)
  selfcons_n1: 114 pares
  filtro_operativas: 114 pares
  obligaciones: 3634
  fases pendientes:
    3.1 preguntas reales: 2/20 minimo -- BLOQUEA 3.2, 3.3 y 3.4
=== fin 2026-09-13 06:00:01 ===
=== retomar 2026-09-13 09:00:01 ===
  postgres arriba
  GPU en 230.00 W (no se modifica)
  selfcons_n1: 114 pares
  filtro_operativas: 114 pares
  obligaciones: 3634
  fases pendientes:
    3.1 preguntas reales: 2/20 minimo -- BLOQUEA 3.2, 3.3 y 3.4
=== fin 2026-09-13 09:00:01 ===
=== retomar 2026-09-13 12:00:01 ===
  postgres arriba
  GPU en 230.00 W (no se modifica)
  selfcons_n1: 114 pares
  filtro_operativas: 114 pares
  obligaciones: 3634
  fases pendientes:
    3.1 preguntas reales: 2/20 minimo -- BLOQUEA 3.2, 3.3 y 3.4
=== fin 2026-09-13 12:00:01 ===
=== retomar 2026-09-13 15:00:01 ===
  postgres arriba
  GPU en 230.00 W (no se modifica)
  selfcons_n1: 114 pares
  filtro_operativas: 114 pares
  obligaciones: 3634
  fases pendientes:
    3.1 preguntas reales: 2/20 minimo -- BLOQUEA 3.2, 3.3 y 3.4
=== fin 2026-09-13 15:00:01 ===
=== retomar 2026-09-13 18:00:01 ===
  postgres arriba
  GPU en 230.00 W (no se modifica)
  selfcons_n1: 114 pares
  filtro_operativas: 114 pares
  obligaciones: 3634
  fases pendientes:
    3.1 preguntas reales: 2/20 minimo -- BLOQUEA 3.2, 3.3 y 3.4
=== fin 2026-09-13 18:00:01 ===
=== retomar 2026-09-13 21:00:01 ===
  postgres arriba
  GPU en 230.00 W (no se modifica)
  selfcons_n1: 114 pares
  filtro_operativas: 114 pares
  obligaciones: 3634
  fases pendientes:
    3.1 preguntas reales: 2/20 minimo -- BLOQUEA 3.2, 3.3 y 3.4
=== fin 2026-09-13 21:00:01 ===
=== retomar 2026-09-14 00:00:01 ===
  postgres arriba
  GPU en 180.00 W (no se modifica)
  selfcons_n1: 114 pares
  filtro_operativas: 114 pares
  obligaciones: 3634
  fases pendientes:
    3.1 preguntas reales: 2/20 minimo -- BLOQUEA 3.2, 3.3 y 3.4
=== fin 2026-09-14 00:00:02 ===
=== retomar 2026-09-14 03:00:01 ===
  postgres arriba
  GPU en 180.00 W (no se modifica)
  selfcons_n1: 114 pares
  filtro_operativas: 114 pares
  obligaciones: 3634
  fases pendientes:
    3.1 preguntas reales: 2/20 minimo -- BLOQUEA 3.2, 3.3 y 3.4
=== fin 2026-09-14 03:00:02 ===
=== retomar 2026-09-14 06:00:01 ===
  postgres arriba
  GPU en 180.00 W (no se modifica)
  selfcons_n1: 114 pares
  filtro_operativas: 114 pares
  obligaciones: 3634
  fases pendientes:
    3.1 preguntas reales: 2/20 minimo -- BLOQUEA 3.2, 3.3 y 3.4
=== fin 2026-09-14 06:00:02 ===
=== retomar 2026-09-14 09:00:01 ===
  postgres arriba
  GPU en 180.00 W (no se modifica)
  selfcons_n1: 114 pares
  filtro_operativas: 114 pares
  obligaciones: 3634
  fases pendientes:
    3.1 preguntas reales: 2/20 minimo -- BLOQUEA 3.2, 3.3 y 3.4
=== fin 2026-09-14 09:00:02 ===
=== retomar 2026-09-14 12:00:01 ===
  postgres arriba
  GPU en 180.00 W (no se modifica)
  selfcons_n1: 114 pares
  filtro_operativas: 114 pares
  obligaciones: 3634
  fases pendientes:
    3.1 preguntas reales: 2/20 minimo -- BLOQUEA 3.2, 3.3 y 3.4
=== fin 2026-09-14 12:00:02 ===
=== retomar 2026-09-14 15:00:01 ===
  postgres arriba
  GPU en 180.00 W (no se modifica)
  selfcons_n1: 114 pares
  filtro_operativas: 114 pares
  obligaciones: 3634
  fases pendientes:
    3.1 preguntas reales: 2/20 minimo -- BLOQUEA 3.2, 3.3 y 3.4
=== fin 2026-09-14 15:00:02 ===
=== retomar 2026-09-14 18:00:01 ===
  postgres arriba
  GPU en 180.00 W (no se modifica)
  selfcons_n1: 114 pares
  filtro_operativas: 114 pares
  obligaciones: 3634
  fases pendientes:
    3.1 preguntas reales: 2/20 minimo -- BLOQUEA 3.2, 3.3 y 3.4
=== fin 2026-09-14 18:00:01 ===
=== retomar 2026-09-14 21:00:01 ===
  postgres arriba
  GPU en 180.00 W (no se modifica)
  selfcons_n1: 114 pares
  filtro_operativas: 114 pares
  obligaciones: 3634
  fases pendientes:
    3.1 preguntas reales: 2/20 minimo -- BLOQUEA 3.2, 3.3 y 3.4
=== fin 2026-09-14 21:00:01 ===
=== retomar 2026-09-15 00:00:01 ===
  postgres arriba
  GPU en 180.00 W (no se modifica)
  selfcons_n1: 114 pares
  filtro_operativas: 114 pares
  obligaciones: 3634
  fases pendientes:
    3.1 preguntas reales: 2/20 minimo -- BLOQUEA 3.2, 3.3 y 3.4
=== fin 2026-09-15 00:00:01 ===
=== retomar 2026-09-15 03:00:01 ===
  postgres arriba
  GPU en 180.00 W (no se modifica)
  selfcons_n1: 114 pares
  filtro_operativas: 114 pares
  obligaciones: 3634
  fases pendientes:
    3.1 preguntas reales: 2/20 minimo -- BLOQUEA 3.2, 3.3 y 3.4
=== fin 2026-09-15 03:00:01 ===
=== retomar 2026-09-15 06:00:01 ===
  postgres arriba
  GPU en 180.00 W (no se modifica)
  selfcons_n1: 114 pares
  filtro_operativas: 114 pares
  obligaciones: 3634
  fases pendientes:
    3.1 preguntas reales: 2/20 minimo -- BLOQUEA 3.2, 3.3 y 3.4
=== fin 2026-09-15 06:00:01 ===
=== retomar 2026-09-15 09:00:01 ===
  postgres arriba
  GPU en 180.00 W (no se modifica)
  selfcons_n1: 114 pares
  filtro_operativas: 114 pares
  obligaciones: 3634
  fases pendientes:
    3.1 preguntas reales: 2/20 minimo -- BLOQUEA 3.2, 3.3 y 3.4
=== fin 2026-09-15 09:00:02 ===
=== retomar 2026-09-15 12:00:01 ===
  postgres arriba
  GPU en 180.00 W (no se modifica)
  selfcons_n1: 114 pares
  filtro_operativas: 114 pares
  obligaciones: 3634
  fases pendientes:
    3.1 preguntas reales: 2/20 minimo -- BLOQUEA 3.2, 3.3 y 3.4
=== fin 2026-09-15 12:00:01 ===
=== retomar 2026-09-15 15:00:01 ===
  postgres arriba
  GPU en 180.00 W (no se modifica)
  selfcons_n1: 114 pares
  filtro_operativas: 114 pares
  obligaciones: 3634
  fases pendientes:
    3.1 preguntas reales: 2/20 minimo -- BLOQUEA 3.2, 3.3 y 3.4
=== fin 2026-09-15 15:00:01 ===
=== retomar 2026-09-15 18:00:01 ===
  postgres arriba
  GPU en 180.00 W (no se modifica)
  selfcons_n1: 114 pares
  filtro_operativas: 114 pares
  obligaciones: 3634
  fases pendientes:
    3.1 preguntas reales: 2/20 minimo -- BLOQUEA 3.2, 3.3 y 3.4
=== fin 2026-09-15 18:00:01 ===
=== retomar 2026-09-15 21:00:01 ===
  postgres arriba
  GPU en 180.00 W (no se modifica)
  selfcons_n1: 114 pares
  filtro_operativas: 114 pares
  obligaciones: 3634
  fases pendientes:
    3.1 preguntas reales: 2/20 minimo -- BLOQUEA 3.2, 3.3 y 3.4
=== fin 2026-09-15 21:00:02 ===
=== retomar 2026-09-16 00:00:01 ===
  postgres arriba
  GPU en 180.00 W (no se modifica)
  selfcons_n1: 114 pares
  filtro_operativas: 114 pares
  obligaciones: 3634
  fases pendientes:
    3.1 preguntas reales: 2/20 minimo -- BLOQUEA 3.2, 3.3 y 3.4
=== fin 2026-09-16 00:00:01 ===
=== retomar 2026-09-16 03:00:01 ===
  postgres arriba
  GPU en 180.00 W (no se modifica)
  selfcons_n1: 114 pares
  filtro_operativas: 114 pares
  obligaciones: 3634
  fases pendientes:
    3.1 preguntas reales: 2/20 minimo -- BLOQUEA 3.2, 3.3 y 3.4
=== fin 2026-09-16 03:00:01 ===
=== retomar 2026-09-16 06:00:01 ===
  postgres arriba
  GPU en 180.00 W (no se modifica)
  selfcons_n1: 114 pares
  filtro_operativas: 114 pares
  obligaciones: 3634
  fases pendientes:
    3.1 preguntas reales: 2/20 minimo -- BLOQUEA 3.2, 3.3 y 3.4
=== fin 2026-09-16 06:00:01 ===
=== retomar 2026-09-16 09:00:01 ===
  postgres arriba
  GPU en 180.00 W (no se modifica)
  selfcons_n1: 114 pares
  filtro_operativas: 114 pares
  obligaciones: 3634
  fases pendientes:
    3.1 preguntas reales: 2/20 minimo -- BLOQUEA 3.2, 3.3 y 3.4
=== fin 2026-09-16 09:00:02 ===
=== retomar 2026-09-16 12:00:01 ===
  postgres arriba
  GPU en 180.00 W (no se modifica)
  selfcons_n1: 114 pares
  filtro_operativas: 114 pares
  obligaciones: 3634
  fases pendientes:
    3.1 preguntas reales: 2/20 minimo -- BLOQUEA 3.2, 3.3 y 3.4
=== fin 2026-09-16 12:00:01 ===
=== retomar 2026-09-16 15:00:01 ===
  postgres arriba
  GPU en 180.00 W (no se modifica)
  selfcons_n1: 114 pares
  filtro_operativas: 114 pares
  obligaciones: 3634
  fases pendientes:
    3.1 preguntas reales: 2/20 minimo -- BLOQUEA 3.2, 3.3 y 3.4
=== fin 2026-09-16 15:00:01 ===
=== retomar 2026-09-16 18:00:01 ===
  postgres arriba
  GPU en 180.00 W (no se modifica)
  selfcons_n1: 114 pares
  filtro_operativas: 114 pares
  obligaciones: 3634
  fases pendientes:
    3.1 preguntas reales: 2/20 minimo -- BLOQUEA 3.2, 3.3 y 3.4
=== fin 2026-09-16 18:00:01 ===
=== retomar 2026-09-16 21:00:01 ===
  postgres arriba
  GPU en 180.00 W (no se modifica)
  selfcons_n1: 114 pares
  filtro_operativas: 114 pares
  obligaciones: 3634
  fases pendientes:
    3.1 preguntas reales: 2/20 minimo -- BLOQUEA 3.2, 3.3 y 3.4
=== fin 2026-09-16 21:00:01 ===
=== retomar 2026-09-17 00:00:01 ===
  postgres arriba
  GPU en 180.00 W (no se modifica)
  selfcons_n1: 114 pares
  filtro_operativas: 114 pares
  obligaciones: 3634
  fases pendientes:
    3.1 preguntas reales: 2/20 minimo -- BLOQUEA 3.2, 3.3 y 3.4
=== fin 2026-09-17 00:00:01 ===
=== retomar 2026-09-17 03:00:01 ===
  postgres arriba
  GPU en 180.00 W (no se modifica)
  selfcons_n1: 114 pares
  filtro_operativas: 114 pares
  obligaciones: 3634
  fases pendientes:
    3.1 preguntas reales: 2/20 minimo -- BLOQUEA 3.2, 3.3 y 3.4
=== fin 2026-09-17 03:00:02 ===
=== retomar 2026-09-17 06:00:01 ===
  postgres arriba
  GPU en 180.00 W (no se modifica)
  selfcons_n1: 114 pares
  filtro_operativas: 114 pares
  obligaciones: 3634
  fases pendientes:
    3.1 preguntas reales: 2/20 minimo -- BLOQUEA 3.2, 3.3 y 3.4
=== fin 2026-09-17 06:00:01 ===
=== retomar 2026-09-17 09:00:01 ===
  postgres arriba
  GPU en 180.00 W (no se modifica)
  selfcons_n1: 114 pares
  filtro_operativas: 114 pares
  obligaciones: 3634
  fases pendientes:
    3.1 preguntas reales: 2/20 minimo -- BLOQUEA 3.2, 3.3 y 3.4
=== fin 2026-09-17 09:00:01 ===
=== retomar 2026-09-17 12:00:01 ===
  postgres arriba
  GPU en 180.00 W (no se modifica)
  selfcons_n1: 114 pares
  filtro_operativas: 114 pares
  obligaciones: 3634
  fases pendientes:
    3.1 preguntas reales: 2/20 minimo -- BLOQUEA 3.2, 3.3 y 3.4
=== fin 2026-09-17 12:00:01 ===
=== retomar 2026-09-17 15:00:01 ===
  postgres arriba
  GPU en 180.00 W (no se modifica)
  selfcons_n1: 114 pares
  filtro_operativas: 114 pares
  obligaciones: 3634
  fases pendientes:
    3.1 preguntas reales: 2/20 minimo -- BLOQUEA 3.2, 3.3 y 3.4
=== fin 2026-09-17 15:00:02 ===
=== retomar 2026-09-17 18:00:01 ===
  postgres arriba
  GPU en 180.00 W (no se modifica)
  selfcons_n1: 114 pares
  filtro_operativas: 114 pares
  obligaciones: 3634
  fases pendientes:
    3.1 preguntas reales: 2/20 minimo -- BLOQUEA 3.2, 3.3 y 3.4
=== fin 2026-09-17 18:00:02 ===
=== retomar 2026-09-17 21:00:01 ===
  postgres arriba
  GPU en 180.00 W (no se modifica)
  selfcons_n1: 114 pares
  filtro_operativas: 114 pares
  obligaciones: 3634
  fases pendientes:
    3.1 preguntas reales: 2/20 minimo -- BLOQUEA 3.2, 3.3 y 3.4
=== fin 2026-09-17 21:00:01 ===
=== retomar 2026-09-18 00:00:01 ===
  postgres arriba
  GPU en 180.00 W (no se modifica)
  selfcons_n1: 114 pares
  filtro_operativas: 114 pares
  obligaciones: 3634
  fases pendientes:
    3.1 preguntas reales: 2/20 minimo -- BLOQUEA 3.2, 3.3 y 3.4
=== fin 2026-09-18 00:00:01 ===
=== retomar 2026-09-18 03:00:01 ===
  postgres arriba
  GPU en 180.00 W (no se modifica)
  selfcons_n1: 114 pares
  filtro_operativas: 114 pares
  obligaciones: 3634
  fases pendientes:
    3.1 preguntas reales: 2/20 minimo -- BLOQUEA 3.2, 3.3 y 3.4
=== fin 2026-09-18 03:00:02 ===
=== retomar 2026-09-18 06:00:01 ===
  postgres arriba
  GPU en 180.00 W (no se modifica)
  selfcons_n1: 114 pares
  filtro_operativas: 114 pares
  obligaciones: 3634
  fases pendientes:
    3.1 preguntas reales: 2/20 minimo -- BLOQUEA 3.2, 3.3 y 3.4
=== fin 2026-09-18 06:00:02 ===
=== retomar 2026-09-18 09:00:01 ===
  postgres arriba
  GPU en 180.00 W (no se modifica)
  selfcons_n1: 114 pares
  filtro_operativas: 114 pares
  obligaciones: 3634
  fases pendientes:
    3.1 preguntas reales: 2/20 minimo -- BLOQUEA 3.2, 3.3 y 3.4
=== fin 2026-09-18 09:00:01 ===
=== retomar 2026-09-18 12:00:01 ===
  postgres arriba
  GPU en 180.00 W (no se modifica)
  selfcons_n1: 114 pares
  filtro_operativas: 114 pares
  obligaciones: 3634
  fases pendientes:
    3.1 preguntas reales: 2/20 minimo -- BLOQUEA 3.2, 3.3 y 3.4
=== fin 2026-09-18 12:00:01 ===
=== retomar 2026-09-18 15:00:01 ===
  postgres arriba
  GPU en 180.00 W (no se modifica)
  selfcons_n1: 114 pares
  filtro_operativas: 114 pares
  obligaciones: 3634
  fases pendientes:
    3.1 preguntas reales: 2/20 minimo -- BLOQUEA 3.2, 3.3 y 3.4
=== fin 2026-09-18 15:00:02 ===
=== retomar 2026-09-18 18:00:01 ===
  postgres arriba
  GPU en 180.00 W (no se modifica)
  selfcons_n1: 114 pares
  filtro_operativas: 114 pares
  obligaciones: 3634
  fases pendientes:
    3.1 preguntas reales: 2/20 minimo -- BLOQUEA 3.2, 3.3 y 3.4
=== fin 2026-09-18 18:00:02 ===
=== retomar 2026-09-18 21:00:01 ===
  postgres arriba
  GPU en 180.00 W (no se modifica)
  selfcons_n1: 114 pares
  filtro_operativas: 114 pares
  obligaciones: 3634
  fases pendientes:
    3.1 preguntas reales: 2/20 minimo -- BLOQUEA 3.2, 3.3 y 3.4
=== fin 2026-09-18 21:00:02 ===
=== retomar 2026-09-19 00:00:01 ===
  postgres arriba
  GPU en 180.00 W (no se modifica)
  selfcons_n1: 114 pares
  filtro_operativas: 114 pares
  obligaciones: 3634
  fases pendientes:
    3.1 preguntas reales: 2/20 minimo -- BLOQUEA 3.2, 3.3 y 3.4
=== fin 2026-09-19 00:00:02 ===
=== retomar 2026-09-19 03:00:01 ===
  postgres arriba
  GPU en 180.00 W (no se modifica)
  selfcons_n1: 114 pares
  filtro_operativas: 114 pares
  obligaciones: 3634
  fases pendientes:
    3.1 preguntas reales: 2/20 minimo -- BLOQUEA 3.2, 3.3 y 3.4
=== fin 2026-09-19 03:00:01 ===
=== retomar 2026-09-19 06:00:01 ===
  postgres arriba
  GPU en 180.00 W (no se modifica)
  selfcons_n1: 114 pares
  filtro_operativas: 114 pares
  obligaciones: 3634
  fases pendientes:
    3.1 preguntas reales: 2/20 minimo -- BLOQUEA 3.2, 3.3 y 3.4
=== fin 2026-09-19 06:00:01 ===
=== retomar 2026-09-19 09:00:01 ===
  postgres arriba
  GPU en 180.00 W (no se modifica)
  selfcons_n1: 114 pares
  filtro_operativas: 114 pares
  obligaciones: 3634
  fases pendientes:
    3.1 preguntas reales: 2/20 minimo -- BLOQUEA 3.2, 3.3 y 3.4
=== fin 2026-09-19 09:00:01 ===
=== retomar 2026-09-19 12:00:01 ===
  postgres arriba
  GPU en 180.00 W (no se modifica)
  selfcons_n1: 114 pares
  filtro_operativas: 114 pares
  obligaciones: 3634
  fases pendientes:
    3.1 preguntas reales: 2/20 minimo -- BLOQUEA 3.2, 3.3 y 3.4
=== fin 2026-09-19 12:00:01 ===
=== retomar 2026-09-19 15:00:01 ===
  postgres arriba
  GPU en 180.00 W (no se modifica)
  selfcons_n1: 114 pares
  filtro_operativas: 114 pares
  obligaciones: 3634
  fases pendientes:
    3.1 preguntas reales: 2/20 minimo -- BLOQUEA 3.2, 3.3 y 3.4
=== fin 2026-09-19 15:00:01 ===
=== retomar 2026-09-19 18:00:01 ===
  postgres arriba
  GPU en 180.00 W (no se modifica)
  selfcons_n1: 114 pares
  filtro_operativas: 114 pares
  obligaciones: 3634
  fases pendientes:
    3.1 preguntas reales: 2/20 minimo -- BLOQUEA 3.2, 3.3 y 3.4
=== fin 2026-09-19 18:00:02 ===
=== retomar 2026-09-19 21:00:01 ===
  postgres arriba
  GPU en 180.00 W (no se modifica)
  selfcons_n1: 114 pares
  filtro_operativas: 114 pares
  obligaciones: 3634
  fases pendientes:
    3.1 preguntas reales: 2/20 minimo -- BLOQUEA 3.2, 3.3 y 3.4
=== fin 2026-09-19 21:00:01 ===
=== retomar 2026-09-20 00:00:01 ===
  postgres arriba
  GPU en 180.00 W (no se modifica)
  selfcons_n1: 114 pares
  filtro_operativas: 114 pares
  obligaciones: 3634
  fases pendientes:
    3.1 preguntas reales: 2/20 minimo -- BLOQUEA 3.2, 3.3 y 3.4
=== fin 2026-09-20 00:00:01 ===
