2026-08-25 09:30:01  LANZO descubrir_mas
2026-08-25 09:30:02  OK    descubrir_mas
2026-08-25 10:30:01  LANZO proceso_faltante
2026-08-25 10:30:02  OK    proceso_faltante
2026-08-25 11:30:01  LANZO derogaciones
2026-08-25 11:30:02  OK    derogaciones
2026-08-25 12:30:01  LANZO duplicados
2026-08-25 12:30:16  OK    duplicados
2026-08-25 15:30:01  LANZO obligaciones_full
2026-08-25 17:39:03  OK    obligaciones_full
2026-08-25 18:30:01  LANZO citas
2026-08-25 18:30:01  OK    citas
2026-08-25 19:30:01  cola VACIA -- nada pendiente
2026-08-25 19:47:31  LANZO proceso_v2
2026-08-25 19:47:32  OK    proceso_v2
2026-08-25 19:47:43  LANZO derogaciones_v2
2026-08-25 19:47:44  OK    derogaciones_v2
2026-08-25 19:47:44  LANZO duplicados_v2
2026-08-25 19:47:58  OK    duplicados_v2
2026-08-25 19:47:58  LANZO citas_v2
2026-08-25 19:47:59  OK    citas_v2
2026-08-25 19:47:59  LANZO descubrir_v2
2026-08-25 19:47:59  OK    descubrir_v2
2026-08-25 20:05:34  LANZO bajar_lote3
2026-08-25 20:06:42  OK    bajar_lote3
2026-08-25 20:06:57  LANZO ingerir_lote
2026-08-25 20:08:02  OK    ingerir_lote
2026-08-25 20:08:02  LANZO frontera_v3
2026-08-25 20:08:22  OK    frontera_v3
2026-08-25 20:08:22  LANZO duplicados_v3
2026-08-25 20:08:37  OK    duplicados_v3
2026-08-25 20:08:37  LANZO derogaciones_v3
2026-08-25 20:08:37  OK    derogaciones_v3
2026-08-25 20:08:37  LANZO obligaciones_v3
2026-08-25 22:21:18  OK    obligaciones_v3
2026-08-25 22:21:18  LANZO proceso_v3
2026-08-25 22:21:18  OK    proceso_v3
2026-08-25 22:21:18  LANZO citas_v3
2026-08-25 22:22:13  OK    citas_v3
2026-08-25 22:22:13  drenaje terminado: 8/8
2026-08-25 22:23:40  LANZO citas_dom
2026-08-25 22:24:28  OK    citas_dom
2026-08-25 22:24:28  LANZO descubrir_v4
2026-08-25 22:24:29  OK    descubrir_v4
2026-08-25 22:24:29  drenaje terminado: 10/10
2026-08-25 22:25:14  LANZO bajar_21194
2026-08-25 22:25:43  OK    bajar_21194
2026-08-25 22:26:38  LANZO ingerir_v4
2026-08-25 22:26:49  OK    ingerir_v4
2026-08-25 22:26:49  LANZO frontera_v4
2026-08-25 22:27:09  OK    frontera_v4
2026-08-25 22:27:09  LANZO duplicados_v4
2026-08-25 22:27:24  OK    duplicados_v4
2026-08-25 22:27:24  LANZO derogaciones_v4
2026-08-25 22:27:24  OK    derogaciones_v4
2026-08-25 22:27:25  LANZO obligaciones_v4
2026-08-26 00:39:33  OK    obligaciones_v4
2026-08-26 00:39:33  LANZO proceso_v4
2026-08-26 00:39:34  OK    proceso_v4
2026-08-26 00:39:34  LANZO citas_v4
2026-08-26 00:40:28  OK    citas_v4
2026-08-26 00:40:28  LANZO bajar_42
2026-08-26 00:40:58  OK    bajar_42
2026-08-26 00:40:58  LANZO ingerir_v5
2026-08-26 00:41:07  OK    ingerir_v5
2026-08-26 00:41:07  LANZO frontera_v5
2026-08-26 00:41:30  OK    frontera_v5
2026-08-26 00:41:30  LANZO duplicados_v5
2026-08-26 00:41:46  OK    duplicados_v5
2026-08-26 00:41:46  LANZO derogaciones_v5
2026-08-26 00:41:47  OK    derogaciones_v5
2026-08-26 00:41:47  LANZO obligaciones_v5
2026-08-26 02:53:40  OK    obligaciones_v5
2026-08-26 02:53:40  LANZO proceso_v5
2026-08-26 02:53:40  OK    proceso_v5
2026-08-26 02:53:40  LANZO citas_v5
2026-08-26 02:54:35  OK    citas_v5
2026-08-26 02:54:35  drenaje terminado: 26/26
2026-08-26 03:30:01  cola VACIA -- nada pendiente
2026-08-26 04:30:01  cola VACIA -- nada pendiente
2026-08-26 05:30:01  cola VACIA -- nada pendiente
2026-08-26 06:30:01  cola VACIA -- nada pendiente
2026-08-26 07:30:01  cola VACIA -- nada pendiente
2026-08-26 08:30:01  cola VACIA -- nada pendiente
2026-08-26 09:30:01  cola VACIA -- nada pendiente
2026-08-26 10:30:01  cola VACIA -- nada pendiente
2026-08-26 11:30:01  cola VACIA -- nada pendiente
2026-08-26 11:45:10  LANZO rescrape_125
2026-08-26 11:50:54  LANZO duplicados_u1
2026-08-26 11:51:10  OK    duplicados_u1
2026-08-26 11:51:10  LANZO derogaciones_u1
2026-08-26 11:51:10  OK    derogaciones_u1
2026-08-26 11:51:10  LANZO proceso_u1
2026-08-26 11:51:11  OK    proceso_u1
2026-08-26 11:51:11  LANZO obligaciones_u1
2026-08-26 14:10:12  OK    obligaciones_u1
2026-08-26 14:10:12  LANZO citas_u1
2026-08-26 14:11:05  OK    citas_u1
2026-08-26 14:11:05  drenaje terminado: 5/5
2026-08-26 14:30:02  cola VACIA -- nada pendiente
2026-08-26 15:30:01  cola VACIA -- nada pendiente
2026-08-26 16:30:01  cola VACIA -- nada pendiente
2026-08-26 17:30:01  cola VACIA -- nada pendiente
2026-08-26 18:24:30  LANZO rescrape_dfl4
2026-08-26 18:25:44  OK    rescrape_dfl4
2026-08-26 18:25:44  LANZO rescrape_d14
2026-08-26 18:26:14  OK    rescrape_d14
2026-08-26 18:26:14  LANZO rescrape_20999
2026-08-26 18:26:44  OK    rescrape_20999
2026-08-26 18:26:44  LANZO rescrape_21667
2026-08-26 18:27:12  OK    rescrape_21667
2026-08-26 18:27:12  LANZO rescrape_20936
2026-08-26 18:27:43  OK    rescrape_20936
2026-08-26 18:27:43  drenaje terminado: 5/5
2026-08-26 18:30:01  cola VACIA -- nada pendiente
2026-08-26 18:51:07  LANZO rs_20999
2026-08-26 18:51:37  OK    rs_20999
2026-08-26 18:51:37  LANZO rs_21667
2026-08-26 18:52:05  OK    rs_21667
2026-08-26 18:52:05  LANZO rs_20936
2026-08-26 18:52:34  OK    rs_20936
2026-08-26 18:52:34  LANZO rs_20720
2026-08-26 18:54:04  OK    rs_20720
2026-08-26 18:54:04  LANZO act_20999
2026-08-26 18:54:05  OK    act_20999
2026-08-26 18:54:05  LANZO act_21667
2026-08-26 18:54:17  OK    act_21667
2026-08-26 18:54:17  LANZO act_20936
2026-08-26 18:55:11  OK    act_20936
2026-08-26 18:55:11  LANZO act_20720
2026-08-26 18:58:08  OK    act_20720
2026-08-26 18:58:09  LANZO dup_f
2026-08-26 18:58:26  OK    dup_f
2026-08-26 18:58:26  LANZO der_f
2026-08-26 18:58:26  OK    der_f
2026-08-26 18:58:26  LANZO proc_f
2026-08-26 18:58:27  OK    proc_f
2026-08-26 18:58:27  LANZO frontera_f
2026-08-26 18:58:48  OK    frontera_f
2026-08-26 18:58:48  LANZO obl_f
2026-08-26 20:57:09  LANZO obl_f
2026-08-26 23:29:06  OK    obl_f
2026-08-26 23:29:06  LANZO citas_f
2026-08-26 23:30:05  OK    citas_f
2026-08-26 23:30:05  LANZO desc_f
2026-08-26 23:30:06  OK    desc_f
2026-08-26 23:30:06  drenaje terminado: 15/15
2026-08-27 00:30:01  cola VACIA -- nada pendiente
2026-08-27 00:53:01  LANZO act_327
2026-08-27 00:53:07  FALLO act_327 (ver logs/cola_act_327.log)
2026-08-27 00:53:07  LANZO act_20500
2026-08-27 00:53:08  OK    act_20500
2026-08-27 00:53:08  LANZO act_21304
2026-08-27 00:53:09  OK    act_21304
2026-08-27 00:53:09  LANZO act_21472
2026-08-27 00:53:13  FALLO act_21472 (ver logs/cola_act_21472.log)
2026-08-27 00:53:13  LANZO dup_x
2026-08-27 00:53:30  OK    dup_x
2026-08-27 00:53:30  LANZO der_x
2026-08-27 00:53:30  OK    der_x
2026-08-27 00:53:30  LANZO proc_x
2026-08-27 00:53:31  OK    proc_x
2026-08-27 00:53:31  LANZO obl_x
2026-08-27 03:27:44  OK    obl_x
2026-08-27 03:27:44  LANZO citas_x
2026-08-27 03:28:42  OK    citas_x
2026-08-27 03:28:42  drenaje terminado: 9/9
2026-08-27 03:30:01  cola VACIA -- nada pendiente
2026-08-27 04:30:01  cola VACIA -- nada pendiente
2026-08-27 05:30:01  cola VACIA -- nada pendiente
2026-08-27 06:30:01  cola VACIA -- nada pendiente
2026-08-27 07:30:01  cola VACIA -- nada pendiente
2026-08-27 08:30:01  cola VACIA -- nada pendiente
2026-08-27 09:30:01  cola VACIA -- nada pendiente
2026-08-27 10:30:01  cola VACIA -- nada pendiente
2026-08-27 11:30:01  cola VACIA -- nada pendiente
2026-08-27 12:30:01  cola VACIA -- nada pendiente
2026-08-27 13:30:01  cola VACIA -- nada pendiente
2026-08-27 14:30:01  cola VACIA -- nada pendiente
2026-08-27 15:30:01  cola VACIA -- nada pendiente
2026-08-27 16:30:01  cola VACIA -- nada pendiente
2026-08-27 17:30:01  cola VACIA -- nada pendiente
2026-08-27 18:30:01  cola VACIA -- nada pendiente
2026-08-27 19:30:01  cola VACIA -- nada pendiente
2026-08-27 20:30:01  cola VACIA -- nada pendiente
2026-08-27 21:30:01  cola VACIA -- nada pendiente
2026-08-27 22:30:01  cola VACIA -- nada pendiente
2026-08-28 00:30:01  cola VACIA -- nada pendiente
2026-08-28 01:30:01  cola VACIA -- nada pendiente
2026-08-28 02:30:02  cola VACIA -- nada pendiente
2026-08-28 03:30:01  cola VACIA -- nada pendiente
2026-08-28 04:30:01  cola VACIA -- nada pendiente
2026-08-28 05:30:01  cola VACIA -- nada pendiente
2026-08-28 06:30:01  cola VACIA -- nada pendiente
2026-08-28 07:30:01  cola VACIA -- nada pendiente
2026-08-28 08:30:01  cola VACIA -- nada pendiente
2026-08-28 09:30:02  cola VACIA -- nada pendiente
2026-08-28 10:30:01  cola VACIA -- nada pendiente
2026-08-28 11:30:01  cola VACIA -- nada pendiente
2026-08-28 12:30:01  cola VACIA -- nada pendiente
2026-08-28 13:30:01  cola VACIA -- nada pendiente
2026-08-28 14:10:22  LANZO act_327b
2026-08-28 14:10:28  FALLO act_327b (ver logs/cola_act_327b.log)
2026-08-28 14:10:28  LANZO baj_20500
2026-08-28 14:11:14  FALLO baj_20500 (ver logs/cola_baj_20500.log)
2026-08-28 14:11:14  LANZO act_20500b
2026-08-28 14:12:06  LANZO act_327b
2026-08-28 14:12:06  OK    act_20500b
2026-08-28 14:16:52  LANZO act_327b
2026-08-28 14:16:52  OK    act_327b
2026-08-28 14:21:51  LANZO baj_20500
2026-08-28 14:21:52  OK    act_327b
2026-08-28 14:22:49  LANZO baj_20500
2026-08-28 14:22:49  OK    baj_20500
2026-08-28 14:23:46  OK    baj_20500
2026-08-28 14:23:46  LANZO act_21304b
2026-08-28 14:23:57  LANZO act_21304b
2026-08-28 14:23:57  OK    act_21304b
2026-08-28 14:24:06  LANZO dup_y
2026-08-28 14:24:06  OK    act_21304b
2026-08-28 14:24:25  OK    dup_y
2026-08-28 14:24:25  LANZO der_y
2026-08-28 14:24:25  LANZO der_y
2026-08-28 14:24:25  OK    der_y
2026-08-28 14:24:25  drenaje terminado: 9/9
2026-08-28 14:24:25  OK    der_y
2026-08-28 14:24:25  drenaje terminado: 10/9
2026-08-28 14:26:26  LANZO proc_y
2026-08-28 14:26:27  OK    proc_y
2026-08-28 14:26:27  LANZO obl_y
2026-08-28 16:46:34  OK    obl_y
2026-08-28 16:46:34  LANZO citas_y
2026-08-28 16:47:31  OK    citas_y
2026-08-28 16:47:31  drenaje terminado: 9/9
2026-08-28 17:30:01  cola VACIA -- nada pendiente
2026-08-28 19:30:01  cola VACIA -- nada pendiente
2026-08-28 20:30:01  cola VACIA -- nada pendiente
2026-08-28 21:30:01  cola VACIA -- nada pendiente
2026-08-28 22:30:01  cola VACIA -- nada pendiente
2026-08-28 23:30:01  cola VACIA -- nada pendiente
2026-08-29 00:30:01  cola VACIA -- nada pendiente
2026-08-29 01:30:01  cola VACIA -- nada pendiente
2026-08-29 02:30:01  cola VACIA -- nada pendiente
2026-08-29 03:30:01  cola VACIA -- nada pendiente
2026-08-29 04:30:01  cola VACIA -- nada pendiente
2026-08-29 05:30:01  cola VACIA -- nada pendiente
2026-08-29 06:30:01  cola VACIA -- nada pendiente
2026-08-29 07:30:01  cola VACIA -- nada pendiente
2026-08-29 08:30:01  cola VACIA -- nada pendiente
2026-08-29 09:30:01  cola VACIA -- nada pendiente
2026-08-29 10:30:01  cola VACIA -- nada pendiente
2026-08-29 12:30:01  cola VACIA -- nada pendiente
2026-08-29 13:30:01  cola VACIA -- nada pendiente
2026-08-29 14:30:01  cola VACIA -- nada pendiente
2026-08-29 15:30:01  cola VACIA -- nada pendiente
2026-08-29 16:30:01  cola VACIA -- nada pendiente
2026-08-29 17:30:01  cola VACIA -- nada pendiente
2026-08-29 18:30:01  cola VACIA -- nada pendiente
2026-08-29 19:30:01  cola VACIA -- nada pendiente
2026-08-29 20:30:01  cola VACIA -- nada pendiente
2026-08-29 21:30:01  cola VACIA -- nada pendiente
2026-08-29 22:30:01  cola VACIA -- nada pendiente
2026-08-29 23:30:01  cola VACIA -- nada pendiente
2026-08-30 00:30:01  cola VACIA -- nada pendiente
2026-08-30 01:30:01  cola VACIA -- nada pendiente
2026-08-30 02:30:01  cola VACIA -- nada pendiente
2026-08-30 03:30:01  cola VACIA -- nada pendiente
2026-08-30 04:30:01  cola VACIA -- nada pendiente
2026-08-30 05:30:01  cola VACIA -- nada pendiente
2026-08-30 06:30:01  cola VACIA -- nada pendiente
2026-08-30 07:30:01  cola VACIA -- nada pendiente
2026-08-30 08:30:01  cola VACIA -- nada pendiente
2026-08-30 09:30:01  cola VACIA -- nada pendiente
2026-08-30 10:30:01  cola VACIA -- nada pendiente
2026-08-30 11:30:01  cola VACIA -- nada pendiente
2026-08-30 11:38:52  LANZO dup_z
2026-08-30 11:39:09  OK    dup_z
2026-08-30 11:39:09  LANZO der_z
2026-08-30 11:39:10  OK    der_z
2026-08-30 11:39:10  LANZO obl_z
2026-08-30 13:13:32  OK    obl_z
2026-08-30 13:13:35  LANZO proc_z
2026-08-30 13:13:37  OK    proc_z
2026-08-30 13:13:42  LANZO citas_z
2026-08-30 13:14:25  OK    citas_z
2026-08-30 13:14:30  LANZO desc_z
2026-08-30 13:14:31  OK    desc_z
2026-08-30 13:14:36  LANZO rs_20999b
2026-08-30 13:15:07  OK    rs_20999b
2026-08-30 13:15:12  LANZO rs_21304b
2026-08-30 13:15:45  OK    rs_21304b
2026-08-30 13:15:50  LANZO rs_20500c
2026-08-30 13:16:23  OK    rs_20500c
2026-08-30 13:16:28  LANZO act_21304c
2026-08-30 13:16:38  OK    act_21304c
2026-08-30 13:16:43  LANZO act_20500d
2026-08-30 13:17:03  OK    act_20500d
2026-08-30 13:17:08  LANZO dup_w
2026-08-30 13:17:27  OK    dup_w
2026-08-30 13:17:32  LANZO der_w
2026-08-30 13:17:32  OK    der_w
2026-08-30 13:17:37  LANZO proc_w
2026-08-30 13:17:39  OK    proc_w
2026-08-30 13:17:44  LANZO obl_w
2026-08-30 14:57:58  OK    obl_w
2026-08-30 14:58:03  LANZO citas_w
2026-08-30 14:58:46  OK    citas_w
2026-08-30 14:58:51  LANZO informe
2026-08-30 14:58:52  OK    informe
2026-08-30 14:58:57  cola VACIA -- nada pendiente
2026-08-30 14:59:02  cola VACIA -- nada pendiente
2026-08-30 14:59:07  cola VACIA -- nada pendiente
2026-08-30 14:59:12  cola VACIA -- nada pendiente
2026-08-30 14:59:17  cola VACIA -- nada pendiente
2026-08-30 14:59:22  cola VACIA -- nada pendiente
2026-08-30 14:59:27  cola VACIA -- nada pendiente
2026-08-30 14:59:32  cola VACIA -- nada pendiente
2026-08-30 14:59:37  cola VACIA -- nada pendiente
2026-08-30 14:59:42  cola VACIA -- nada pendiente
2026-08-30 14:59:47  cola VACIA -- nada pendiente
2026-08-30 14:59:52  cola VACIA -- nada pendiente
2026-08-30 14:59:57  cola VACIA -- nada pendiente
2026-08-30 15:00:02  cola VACIA -- nada pendiente
2026-08-30 15:00:07  cola VACIA -- nada pendiente
2026-08-30 15:00:12  cola VACIA -- nada pendiente
2026-08-30 15:00:17  cola VACIA -- nada pendiente
2026-08-30 15:00:22  cola VACIA -- nada pendiente
2026-08-30 15:00:27  cola VACIA -- nada pendiente
2026-08-30 15:00:32  cola VACIA -- nada pendiente
2026-08-30 15:00:37  cola VACIA -- nada pendiente
2026-08-30 15:00:42  cola VACIA -- nada pendiente
2026-08-30 15:00:47  cola VACIA -- nada pendiente
2026-08-30 15:00:52  cola VACIA -- nada pendiente
2026-08-30 15:00:57  cola VACIA -- nada pendiente
2026-08-30 15:01:00  LANZO desc_pdfs
2026-08-30 15:01:19  OK    desc_pdfs
2026-08-30 15:01:24  LANZO desc_final
2026-08-30 15:01:25  OK    desc_final
2026-08-30 15:01:30  LANZO proc_final
2026-08-30 15:01:32  OK    proc_final
2026-08-30 15:05:52  LANZO baja_dom
2026-08-30 15:09:48  FALLO baja_dom (ver logs/cola_baja_dom.log)
2026-08-30 15:09:53  LANZO ingerir_a
2026-08-30 15:09:57  OK    ingerir_a
2026-08-30 15:10:02  LANZO frontera_a
2026-08-30 15:10:16  OK    frontera_a
2026-08-30 15:10:21  LANZO dup_a
2026-08-30 15:10:39  OK    dup_a
2026-08-30 15:10:44  LANZO der_a
2026-08-30 15:10:44  OK    der_a
2026-08-30 15:10:49  LANZO proc_a
2026-08-30 15:10:50  OK    proc_a
2026-08-30 15:10:55  LANZO obl_a
2026-08-30 16:51:27  OK    obl_a
2026-08-30 16:51:32  LANZO citas_a
2026-08-30 16:52:15  OK    citas_a
2026-08-30 16:52:20  LANZO desc_a
2026-08-30 16:52:21  OK    desc_a
2026-08-30 16:52:26  LANZO baja_dom2
2026-08-30 16:52:38  FALLO baja_dom2 (ver logs/cola_baja_dom2.log)
2026-08-30 16:52:43  LANZO ingerir_b
2026-08-30 16:52:48  OK    ingerir_b
2026-08-30 16:52:53  LANZO frontera_b
2026-08-30 16:53:08  OK    frontera_b
2026-08-30 16:53:13  LANZO dup_b
2026-08-30 16:53:32  OK    dup_b
2026-08-30 16:53:37  LANZO der_b
2026-08-30 16:53:37  OK    der_b
2026-08-30 16:53:42  LANZO proc_b
2026-08-30 16:53:44  OK    proc_b
2026-08-30 16:53:49  LANZO obl_b
2026-08-30 18:34:56  OK    obl_b
2026-08-30 18:35:01  LANZO citas_b
2026-08-30 18:35:45  OK    citas_b
2026-08-30 18:35:50  LANZO baja_top3
2026-08-30 18:36:55  OK    baja_top3
2026-08-30 18:37:00  LANZO ingerir_c
2026-08-30 18:37:10  OK    ingerir_c
2026-08-30 18:37:15  LANZO frontera_c
2026-08-30 18:37:30  OK    frontera_c
2026-08-30 18:37:35  LANZO dup_c
2026-08-30 18:37:54  OK    dup_c
2026-08-30 18:37:59  LANZO proc_c
2026-08-30 18:38:01  OK    proc_c
2026-08-30 18:38:06  LANZO obl_c
2026-08-30 20:19:54  OK    obl_c
2026-08-30 20:19:59  LANZO citas_c
2026-08-30 20:20:43  OK    citas_c
2026-08-30 20:23:38  LANZO baja_3386
2026-08-30 20:24:09  OK    baja_3386
2026-08-30 20:24:14  LANZO act_3386
2026-08-30 20:27:40  OK    act_3386
2026-08-30 20:27:45  LANZO frontera_v
2026-08-30 20:28:00  OK    frontera_v
2026-08-30 20:28:05  LANZO dup_v
2026-08-30 20:28:25  OK    dup_v
2026-08-30 20:28:30  LANZO der_v
2026-08-30 20:28:30  OK    der_v
2026-08-30 20:28:35  LANZO proc_v
2026-08-30 20:28:36  OK    proc_v
2026-08-30 20:28:42  LANZO obl_v
2026-08-30 22:10:20  OK    obl_v
2026-08-30 22:10:25  LANZO citas_v
2026-08-30 22:11:08  OK    citas_v
2026-08-30 22:11:13  LANZO desc_v
2026-08-30 22:11:14  OK    desc_v
2026-08-30 22:11:19  LANZO proc_x2
2026-08-30 22:11:21  OK    proc_x2
2026-08-30 22:11:26  LANZO obl_x2
2026-08-30 22:25:35  FALLO obl_x2 (ver logs/cola_obl_x2.log)
2026-08-31 00:10:01  LANZO citas_x2
2026-08-31 00:10:42  OK    citas_x2
2026-08-31 00:30:01  cola VACIA -- nada pendiente
2026-08-31 00:49:53  LANZO obl_v4
2026-08-31 03:16:15  OK    obl_v4
2026-08-31 03:16:20  LANZO proc_v4
2026-08-31 03:16:21  OK    proc_v4
2026-08-31 03:16:26  LANZO citas_v4
2026-08-31 03:17:26  OK    citas_v4
2026-08-31 03:17:31  LANZO dup_v4
2026-08-31 03:17:51  OK    dup_v4
2026-08-31 03:17:56  LANZO der_v4
2026-08-31 03:17:56  OK    der_v4
2026-08-31 03:18:01  LANZO desc_v4
2026-08-31 03:18:02  OK    desc_v4
2026-08-31 03:18:07  LANZO frontera_v4
2026-08-31 03:18:30  OK    frontera_v4
2026-08-31 03:18:35  LANZO proc_v5
2026-08-31 03:18:37  OK    proc_v5
2026-08-31 03:18:42  LANZO obl_v5
2026-08-31 06:01:12  OK    obl_v5
2026-08-31 07:58:43  LANZO citas_v5
2026-08-31 07:59:39  OK    citas_v5
2026-08-31 08:30:01  cola VACIA -- nada pendiente
2026-08-31 09:30:01  cola VACIA -- nada pendiente
2026-08-31 10:30:01  cola VACIA -- nada pendiente
2026-08-31 11:30:01  cola VACIA -- nada pendiente
2026-08-31 12:30:01  cola VACIA -- nada pendiente
2026-08-31 13:30:01  cola VACIA -- nada pendiente
2026-08-31 14:30:01  cola VACIA -- nada pendiente
2026-08-31 14:57:02  LANZO rep_scrapes
2026-08-31 15:00:59  OK    rep_scrapes
2026-08-31 15:01:04  LANZO pdfs_v5
2026-08-31 15:01:23  OK    pdfs_v5
2026-08-31 15:01:28  LANZO desc_v5
2026-08-31 15:01:29  OK    desc_v5
2026-08-31 15:01:34  LANZO proc_c5
2026-08-31 15:01:35  OK    proc_c5
2026-08-31 15:01:40  LANZO obl_c5
2026-08-31 17:40:49  OK    obl_c5
2026-08-31 17:40:54  LANZO citas_c5
2026-08-31 17:41:52  OK    citas_c5
2026-08-31 17:41:57  LANZO dup_c5
2026-08-31 17:42:17  OK    dup_c5
2026-08-31 17:42:22  LANZO der_c5
2026-08-31 17:42:22  OK    der_c5
2026-08-31 17:42:27  LANZO frontera_c5
2026-08-31 17:42:49  OK    frontera_c5
2026-08-31 18:30:01  cola VACIA -- nada pendiente
2026-08-31 19:30:01  cola VACIA -- nada pendiente
2026-08-31 20:30:01  cola VACIA -- nada pendiente
2026-08-31 21:30:01  cola VACIA -- nada pendiente
2026-08-31 22:30:01  cola VACIA -- nada pendiente
2026-08-31 23:30:01  cola VACIA -- nada pendiente
2026-09-01 00:30:01  cola VACIA -- nada pendiente
2026-09-01 01:30:01  cola VACIA -- nada pendiente
2026-09-01 02:30:01  cola VACIA -- nada pendiente
2026-09-01 03:30:01  cola VACIA -- nada pendiente
2026-09-01 04:30:01  cola VACIA -- nada pendiente
2026-09-01 05:30:01  cola VACIA -- nada pendiente
2026-09-01 06:30:01  cola VACIA -- nada pendiente
2026-09-01 07:30:01  cola VACIA -- nada pendiente
2026-09-01 08:30:01  cola VACIA -- nada pendiente
2026-09-01 09:30:01  cola VACIA -- nada pendiente
2026-09-01 10:30:01  cola VACIA -- nada pendiente
2026-09-01 11:30:01  cola VACIA -- nada pendiente
2026-09-01 14:30:01  cola VACIA -- nada pendiente
2026-09-01 15:30:01  cola VACIA -- nada pendiente
2026-09-01 16:30:01  cola VACIA -- nada pendiente
2026-09-01 17:30:01  cola VACIA -- nada pendiente
2026-09-01 18:30:01  cola VACIA -- nada pendiente
2026-09-01 19:30:01  cola VACIA -- nada pendiente
2026-09-01 20:30:01  cola VACIA -- nada pendiente
2026-09-01 21:30:01  cola VACIA -- nada pendiente
2026-09-01 22:08:59  LANZO tipos_diag
2026-09-01 22:38:35  OK    tipos_diag
2026-09-01 22:38:40  LANZO proc_v6
2026-09-01 22:38:41  OK    proc_v6
2026-09-01 22:38:46  LANZO citas_v6
2026-09-01 22:58:11  OK    citas_v6
2026-09-01 22:58:16  LANZO der_v6
2026-09-01 22:58:17  OK    der_v6
2026-09-01 22:58:22  LANZO dup_v6
2026-09-01 22:58:40  OK    dup_v6
2026-09-01 22:58:45  LANZO tipos_think
2026-09-01 23:48:30  OK    tipos_think
2026-09-01 23:50:15  LANZO think_paired
2026-09-02 07:00:28  OK    think_paired
2026-09-02 07:00:33  LANZO citas_v7
2026-09-02 07:18:52  OK    citas_v7
2026-09-02 07:18:57  LANZO proc_v7
2026-09-02 07:18:58  OK    proc_v7
2026-09-02 07:19:03  LANZO desc_v7
2026-09-02 07:19:04  OK    desc_v7
2026-09-02 07:30:01  cola VACIA -- nada pendiente
2026-09-02 08:30:01  cola VACIA -- nada pendiente
2026-09-02 09:30:01  cola VACIA -- nada pendiente
2026-09-02 10:30:01  cola VACIA -- nada pendiente
2026-09-02 11:30:01  cola VACIA -- nada pendiente
2026-09-02 12:30:01  cola VACIA -- nada pendiente
2026-09-02 13:30:01  cola VACIA -- nada pendiente
2026-09-02 14:30:01  cola VACIA -- nada pendiente
2026-09-02 15:30:01  cola VACIA -- nada pendiente
2026-09-02 16:30:02  cola VACIA -- nada pendiente
2026-09-02 17:30:01  cola VACIA -- nada pendiente
2026-09-02 18:30:01  cola VACIA -- nada pendiente
2026-09-02 19:30:01  cola VACIA -- nada pendiente
2026-09-02 20:30:01  cola VACIA -- nada pendiente
2026-09-02 21:30:01  cola VACIA -- nada pendiente
2026-09-02 22:30:01  cola VACIA -- nada pendiente
2026-09-02 23:30:01  cola VACIA -- nada pendiente
2026-09-03 00:30:01  cola VACIA -- nada pendiente
2026-09-03 01:30:01  cola VACIA -- nada pendiente
2026-09-03 02:30:01  cola VACIA -- nada pendiente
2026-09-03 03:30:01  cola VACIA -- nada pendiente
2026-09-03 04:30:01  cola VACIA -- nada pendiente
2026-09-03 05:30:01  cola VACIA -- nada pendiente
2026-09-03 06:30:01  cola VACIA -- nada pendiente
2026-09-03 07:30:01  cola VACIA -- nada pendiente
2026-09-03 08:30:01  cola VACIA -- nada pendiente
2026-09-03 09:30:01  cola VACIA -- nada pendiente
2026-09-03 10:30:01  cola VACIA -- nada pendiente
2026-09-03 11:30:01  cola VACIA -- nada pendiente
2026-09-03 12:30:01  cola VACIA -- nada pendiente
2026-09-03 13:30:01  cola VACIA -- nada pendiente
2026-09-03 14:30:01  cola VACIA -- nada pendiente
2026-09-03 15:30:01  cola VACIA -- nada pendiente
2026-09-03 16:30:01  cola VACIA -- nada pendiente
2026-09-03 17:30:01  cola VACIA -- nada pendiente
2026-09-03 18:35:35  LANZO think_real
2026-09-04 06:26:20  OK    think_real
2026-09-04 06:26:25  LANZO think_holdout
2026-09-04 14:07:03  OK    think_holdout
2026-09-04 14:07:08  LANZO dedup_refs
2026-09-04 14:07:08  OK    dedup_refs
2026-09-04 14:07:13  LANZO mapa_c
2026-09-04 14:07:14  OK    mapa_c
2026-09-04 14:20:01  LANZO tipos_v2
2026-09-04 14:20:08  OK    tipos_v2
2026-09-04 14:30:02  cola VACIA -- nada pendiente
2026-09-04 14:30:41  LANZO tipos_adoptado
2026-09-04 15:22:08  OK    tipos_adoptado
2026-09-04 15:30:01  cola VACIA -- nada pendiente
2026-09-04 15:31:02  LANZO n1_dev
2026-09-04 15:32:40  FALLO n1_dev intento 1, se reintenta (ver logs/cola_n1_dev.log)
2026-09-04 15:32:45  LANZO n1_dev
2026-09-05 00:54:47  OK    n1_dev
2026-09-05 00:54:52  LANZO n1_holdout
2026-09-05 00:55:11  cola VACIA -- nada pendiente
2026-09-05 00:55:16  LANZO n1_holdout
2026-09-05 00:56:56  FALLO n1_holdout intento 2, se reintenta (ver logs/cola_n1_holdout.log)
2026-09-05 00:57:01  LANZO def_dev
2026-09-05 10:30:25  OK    def_dev
2026-09-05 10:30:30  LANZO def_holdout
2026-09-05 10:30:34  cola VACIA -- nada pendiente
2026-09-05 10:46:29  LANZO donde_falla
2026-09-05 11:26:42  OK    donde_falla
2026-09-05 11:27:10  LANZO donde_falla50
2026-09-05 12:08:02  OK    donde_falla50
2026-09-05 12:15:45  LANZO alcanzable
2026-09-05 15:21:26  OK    alcanzable
2026-09-05 15:30:01  cola VACIA -- nada pendiente
2026-09-05 15:30:59  LANZO ruido_a
2026-09-05 16:12:03  OK    ruido_a
2026-09-05 16:12:08  LANZO rerank50
2026-09-05 16:53:31  OK    rerank50
2026-09-05 17:01:24  LANZO rr_dev
2026-09-06 08:58:53  OK    rr_dev
2026-09-06 08:58:58  LANZO rr_holdout
2026-09-06 08:59:02  cola VACIA -- nada pendiente
2026-09-06 08:59:07  LANZO rr_holdout
2026-09-06 09:01:18  FALLO rr_holdout intento 2, se reintenta (ver logs/cola_rr_holdout.log)
2026-09-06 09:03:07  LANZO fidelidad_dev
2026-09-06 09:13:53  FALLO fidelidad_dev intento 1, se reintenta (ver logs/cola_fidelidad_dev.log)
2026-09-06 09:13:58  LANZO fidelidad_dev
2026-09-06 09:30:40  FALLO fidelidad_dev intento 2, se reintenta (ver logs/cola_fidelidad_dev.log)
2026-09-06 09:30:45  LANZO fidelidad_dev
2026-09-06 09:56:59  FALLO fidelidad_dev intento 1, se reintenta (ver logs/cola_fidelidad_dev.log)
2026-09-06 09:57:57  LANZO fidelidad_dev
2026-09-06 10:52:56  FALLO fidelidad_dev intento 1, se reintenta (ver logs/cola_fidelidad_dev.log)
2026-09-06 10:53:01  LANZO fidelidad_dev
2026-09-06 13:30:44  OK    fidelidad_dev
2026-09-06 13:30:49  LANZO fidelidad_holdout
2026-09-06 13:31:47  FALLO fidelidad_holdout intento 1, se reintenta (ver logs/cola_fidelidad_holdout.log)
2026-09-06 13:56:20  LANZO fidelidad_holdout
2026-09-06 14:15:01  LANZO fidelidad_holdout
2026-09-06 15:49:59  OK    fidelidad_holdout
2026-09-06 16:30:01  cola VACIA -- nada pendiente
2026-09-06 17:30:01  cola VACIA -- nada pendiente
2026-09-06 18:30:01  cola VACIA -- nada pendiente
2026-09-06 19:30:01  cola VACIA -- nada pendiente
2026-09-06 20:30:01  cola VACIA -- nada pendiente
2026-09-06 21:30:01  cola VACIA -- nada pendiente
2026-09-06 22:30:01  cola VACIA -- nada pendiente
2026-09-06 23:30:01  cola VACIA -- nada pendiente
2026-09-07 00:30:01  cola VACIA -- nada pendiente
2026-09-07 01:02:36  LANZO reparar_69b
2026-09-07 01:11:17  OK    reparar_69b
2026-09-07 01:11:22  LANZO limpio_dev
2026-09-07 09:09:29  OK    limpio_dev
2026-09-07 09:09:34  LANZO limpio_holdout
2026-09-07 13:32:12  OK    limpio_holdout
2026-09-07 13:32:18  LANZO fidelidad_limpio_dev
2026-09-07 15:05:12  OK    fidelidad_limpio_dev
2026-09-07 15:05:17  LANZO fidelidad_limpio_holdout
2026-09-07 15:55:45  OK    fidelidad_limpio_holdout
2026-09-07 15:55:50  LANZO fidelidad_dev_db69b
2026-09-07 17:40:01  LANZO fidelidad_dev_db69b
2026-09-07 17:59:01  OK    fidelidad_dev_db69b
2026-09-07 17:59:06  LANZO fidelidad_limpio_dev_juez27b
2026-09-07 18:22:04  OK    fidelidad_limpio_dev_juez27b
2026-09-07 18:22:09  LANZO smoke_sinmeta
2026-09-07 18:28:40  OK    smoke_sinmeta
2026-09-07 18:28:45  LANZO sinmeta_dev
2026-09-07 22:26:28  OK    sinmeta_dev
2026-09-07 22:26:33  LANZO sinmeta_holdout
2026-09-08 01:50:53  OK    sinmeta_holdout
2026-09-08 01:50:58  LANZO fidelidad_sinmeta_dev
2026-09-08 05:20:29  OK    fidelidad_sinmeta_dev
2026-09-08 05:20:34  LANZO fidelidad_sinmeta_holdout
2026-09-08 07:00:21  OK    fidelidad_sinmeta_holdout
2026-09-08 07:00:26  LANZO smoke_quote
2026-09-08 07:13:53  OK    smoke_quote
2026-09-08 07:13:58  LANZO quote_dev
2026-09-08 09:53:14  FALLO quote_dev intento 1, se reintenta (ver logs/cola_quote_dev.log)
2026-09-08 12:50:01  LANZO quote_dev
2026-09-08 12:59:24  FALLO quote_dev intento 2, se reintenta (ver logs/cola_quote_dev.log)
2026-09-08 15:10:01  LANZO quote_dev
2026-09-08 18:51:27  OK    quote_dev
2026-09-08 18:51:32  LANZO quote_holdout
2026-09-08 21:56:38  OK    quote_holdout
2026-09-08 21:56:43  LANZO fidelidad_quote_dev
2026-09-08 23:40:27  OK    fidelidad_quote_dev
2026-09-08 23:40:32  LANZO fidelidad_quote_holdout
2026-09-09 00:46:55  OK    fidelidad_quote_holdout
2026-09-09 00:47:00  LANZO verificar_dev
2026-09-09 02:13:24  OK    verificar_dev
2026-09-09 02:13:29  LANZO verificar_dev_laxo
2026-09-09 03:40:06  OK    verificar_dev_laxo
2026-09-09 03:40:11  LANZO verificar_holdout
2026-09-09 04:20:22  OK    verificar_holdout
2026-09-09 04:20:27  LANZO fidelidad_verificar_dev_27b
2026-09-09 04:43:48  OK    fidelidad_verificar_dev_27b
2026-09-09 04:43:53  LANZO smoke_27b
2026-09-09 09:19:47  OK    smoke_27b
2026-09-09 09:30:01  cola VACIA -- nada pendiente
2026-09-09 10:30:01  cola VACIA -- nada pendiente
2026-09-09 11:30:01  cola VACIA -- nada pendiente
2026-09-09 12:30:01  cola VACIA -- nada pendiente
2026-09-09 13:30:01  cola VACIA -- nada pendiente
2026-09-09 14:30:01  cola VACIA -- nada pendiente
2026-09-09 15:30:01  cola VACIA -- nada pendiente
2026-09-09 16:30:01  cola VACIA -- nada pendiente
2026-09-09 17:30:01  cola VACIA -- nada pendiente
2026-09-09 18:30:01  cola VACIA -- nada pendiente
2026-09-09 19:30:01  cola VACIA -- nada pendiente
2026-09-09 20:30:01  cola VACIA -- nada pendiente
2026-09-09 21:30:01  cola VACIA -- nada pendiente
2026-09-09 22:30:01  cola VACIA -- nada pendiente
2026-09-09 23:30:01  cola VACIA -- nada pendiente
2026-09-10 00:30:01  cola VACIA -- nada pendiente
2026-09-10 01:30:01  cola VACIA -- nada pendiente
2026-09-10 02:30:01  cola VACIA -- nada pendiente
2026-09-10 03:30:01  cola VACIA -- nada pendiente
2026-09-10 04:30:01  cola VACIA -- nada pendiente
2026-09-10 05:30:01  cola VACIA -- nada pendiente
2026-09-10 06:30:01  cola VACIA -- nada pendiente
2026-09-10 07:30:01  cola VACIA -- nada pendiente
2026-09-10 08:30:01  cola VACIA -- nada pendiente
2026-09-10 09:30:01  cola VACIA -- nada pendiente
2026-09-10 10:30:01  cola VACIA -- nada pendiente
2026-09-10 11:30:01  cola VACIA -- nada pendiente
2026-09-10 12:30:01  cola VACIA -- nada pendiente
2026-09-10 13:30:01  cola VACIA -- nada pendiente
2026-09-10 14:30:02  cola VACIA -- nada pendiente
2026-09-10 15:30:01  cola VACIA -- nada pendiente
2026-09-10 15:49:37  LANZO reparar_69b_v2
2026-09-10 15:55:28  OK    reparar_69b_v2
2026-09-10 15:55:33  LANZO qf_dev
2026-09-11 01:38:15  OK    qf_dev
2026-09-11 01:38:20  LANZO qf_holdout
2026-09-11 07:42:03  OK    qf_holdout
2026-09-11 07:42:08  LANZO qonly_dev
2026-09-11 11:12:49  OK    qonly_dev
2026-09-11 11:12:54  LANZO qonly_holdout
2026-09-11 13:04:33  OK    qonly_holdout
2026-09-11 13:04:38  LANZO fidelidad_qf_dev
2026-09-11 15:23:10  OK    fidelidad_qf_dev
2026-09-11 15:23:15  LANZO fidelidad_qf_holdout
2026-09-11 16:07:57  OK    fidelidad_qf_holdout
2026-09-11 16:30:01  cola VACIA -- nada pendiente
2026-09-11 17:30:01  cola VACIA -- nada pendiente
2026-09-11 18:30:01  cola VACIA -- nada pendiente
2026-09-11 19:30:01  cola VACIA -- nada pendiente
2026-09-11 20:30:01  cola VACIA -- nada pendiente
2026-09-11 21:30:01  cola VACIA -- nada pendiente
2026-09-11 22:30:01  cola VACIA -- nada pendiente
2026-09-11 23:30:01  cola VACIA -- nada pendiente
2026-09-12 00:30:01  cola VACIA -- nada pendiente
2026-09-12 01:30:01  cola VACIA -- nada pendiente
2026-09-12 02:30:01  cola VACIA -- nada pendiente
2026-09-12 03:30:01  cola VACIA -- nada pendiente
2026-09-12 04:30:01  cola VACIA -- nada pendiente
2026-09-12 05:30:01  cola VACIA -- nada pendiente
2026-09-12 06:30:01  cola VACIA -- nada pendiente
2026-09-12 07:30:01  cola VACIA -- nada pendiente
2026-09-12 08:30:01  cola VACIA -- nada pendiente
2026-09-12 12:50:02  LANZO qonly2_dev
2026-09-12 14:26:49  OK    qonly2_dev
2026-09-12 14:26:54  LANZO qonly3_dev
2026-09-12 16:07:12  OK    qonly3_dev
2026-09-12 16:07:17  LANZO qonly5_dev
2026-09-12 18:11:13  OK    qonly5_dev
2026-09-12 18:30:01  cola VACIA -- nada pendiente
2026-09-12 19:30:01  cola VACIA -- nada pendiente
2026-09-12 20:30:01  cola VACIA -- nada pendiente
2026-09-12 21:30:01  cola VACIA -- nada pendiente
2026-09-12 22:30:01  cola VACIA -- nada pendiente
2026-09-12 23:30:01  cola VACIA -- nada pendiente
2026-09-13 00:30:01  cola VACIA -- nada pendiente
2026-09-13 01:30:01  cola VACIA -- nada pendiente
2026-09-13 02:30:01  cola VACIA -- nada pendiente
2026-09-13 03:30:01  cola VACIA -- nada pendiente
2026-09-13 04:30:01  cola VACIA -- nada pendiente
2026-09-13 05:30:01  cola VACIA -- nada pendiente
2026-09-13 06:30:01  cola VACIA -- nada pendiente
2026-09-13 07:30:01  cola VACIA -- nada pendiente
2026-09-13 08:30:01  cola VACIA -- nada pendiente
2026-09-13 09:30:01  cola VACIA -- nada pendiente
2026-09-13 10:30:01  cola VACIA -- nada pendiente
2026-09-13 11:30:01  cola VACIA -- nada pendiente
2026-09-13 12:30:01  cola VACIA -- nada pendiente
2026-09-13 13:30:01  cola VACIA -- nada pendiente
2026-09-13 14:30:01  cola VACIA -- nada pendiente
2026-09-13 15:30:01  cola VACIA -- nada pendiente
2026-09-13 16:30:01  cola VACIA -- nada pendiente
2026-09-13 17:30:01  cola VACIA -- nada pendiente
2026-09-13 18:30:01  cola VACIA -- nada pendiente
2026-09-13 19:30:01  cola VACIA -- nada pendiente
2026-09-13 20:30:02  cola VACIA -- nada pendiente
2026-09-13 21:00:28  LANZO qonly1_dev
2026-09-13 23:54:15  LANZO qonly1_dev
2026-09-14 01:01:38  OK    qonly1_dev
2026-09-14 01:01:43  LANZO qonly2_holdout
2026-09-14 03:02:37  OK    qonly2_holdout
2026-09-14 03:30:01  cola VACIA -- nada pendiente
2026-09-14 04:30:01  cola VACIA -- nada pendiente
2026-09-14 05:30:01  cola VACIA -- nada pendiente
2026-09-14 07:30:01  cola VACIA -- nada pendiente
2026-09-14 08:30:01  cola VACIA -- nada pendiente
2026-09-14 09:30:01  cola VACIA -- nada pendiente
2026-09-14 11:01:38  LANZO reatr_dev
2026-09-14 13:05:57  OK    reatr_dev
2026-09-14 13:06:02  LANZO reatr_holdout
2026-09-14 14:26:08  OK    reatr_holdout
2026-09-14 14:30:01  cola VACIA -- nada pendiente
2026-09-14 15:30:01  cola VACIA -- nada pendiente
2026-09-14 16:30:01  cola VACIA -- nada pendiente
2026-09-14 17:30:01  cola VACIA -- nada pendiente
2026-09-14 18:30:01  cola VACIA -- nada pendiente
2026-09-14 19:30:01  cola VACIA -- nada pendiente
2026-09-14 20:30:01  cola VACIA -- nada pendiente
2026-09-14 21:30:01  cola VACIA -- nada pendiente
2026-09-14 22:30:01  cola VACIA -- nada pendiente
2026-09-14 23:30:01  cola VACIA -- nada pendiente
2026-09-15 00:30:01  cola VACIA -- nada pendiente
2026-09-15 01:30:02  cola VACIA -- nada pendiente
2026-09-15 02:30:01  cola VACIA -- nada pendiente
2026-09-15 03:30:02  cola VACIA -- nada pendiente
2026-09-15 04:30:01  cola VACIA -- nada pendiente
2026-09-15 05:30:01  cola VACIA -- nada pendiente
2026-09-15 06:30:01  cola VACIA -- nada pendiente
2026-09-15 07:30:01  cola VACIA -- nada pendiente
2026-09-15 08:30:01  cola VACIA -- nada pendiente
2026-09-15 09:30:02  cola VACIA -- nada pendiente
2026-09-15 10:30:01  cola VACIA -- nada pendiente
2026-09-15 11:30:01  cola VACIA -- nada pendiente
2026-09-15 12:30:01  cola VACIA -- nada pendiente
2026-09-15 13:30:01  cola VACIA -- nada pendiente
2026-09-15 14:30:01  cola VACIA -- nada pendiente
2026-09-15 15:30:01  cola VACIA -- nada pendiente
2026-09-15 16:30:02  cola VACIA -- nada pendiente
2026-09-15 17:30:01  cola VACIA -- nada pendiente
2026-09-15 18:30:01  cola VACIA -- nada pendiente
2026-09-15 19:30:01  cola VACIA -- nada pendiente
2026-09-15 20:30:01  cola VACIA -- nada pendiente
2026-09-15 21:30:01  cola VACIA -- nada pendiente
2026-09-15 22:30:01  cola VACIA -- nada pendiente
2026-09-15 23:30:02  cola VACIA -- nada pendiente
2026-09-16 00:30:01  cola VACIA -- nada pendiente
2026-09-16 01:30:01  cola VACIA -- nada pendiente
2026-09-16 02:30:02  cola VACIA -- nada pendiente
2026-09-16 03:30:01  cola VACIA -- nada pendiente
2026-09-16 04:30:02  cola VACIA -- nada pendiente
2026-09-16 05:30:01  cola VACIA -- nada pendiente
2026-09-16 06:30:01  cola VACIA -- nada pendiente
2026-09-16 07:30:01  cola VACIA -- nada pendiente
2026-09-16 08:30:01  cola VACIA -- nada pendiente
2026-09-16 09:30:02  cola VACIA -- nada pendiente
2026-09-16 10:30:01  cola VACIA -- nada pendiente
2026-09-16 11:30:01  cola VACIA -- nada pendiente
2026-09-16 12:30:01  cola VACIA -- nada pendiente
2026-09-16 13:30:02  cola VACIA -- nada pendiente
2026-09-16 14:30:01  cola VACIA -- nada pendiente
2026-09-16 15:30:01  cola VACIA -- nada pendiente
2026-09-16 16:30:02  cola VACIA -- nada pendiente
2026-09-16 17:30:01  cola VACIA -- nada pendiente
2026-09-16 18:30:02  cola VACIA -- nada pendiente
2026-09-16 19:30:01  cola VACIA -- nada pendiente
2026-09-16 20:30:02  cola VACIA -- nada pendiente
2026-09-16 21:30:01  cola VACIA -- nada pendiente
2026-09-16 22:30:02  cola VACIA -- nada pendiente
2026-09-16 23:30:01  cola VACIA -- nada pendiente
2026-09-17 00:30:01  cola VACIA -- nada pendiente
2026-09-17 01:30:01  cola VACIA -- nada pendiente
2026-09-17 02:30:01  cola VACIA -- nada pendiente
2026-09-17 03:30:01  cola VACIA -- nada pendiente
2026-09-17 04:30:02  cola VACIA -- nada pendiente
2026-09-17 05:30:01  cola VACIA -- nada pendiente
2026-09-17 06:30:01  cola VACIA -- nada pendiente
2026-09-17 07:30:02  cola VACIA -- nada pendiente
2026-09-17 08:30:01  cola VACIA -- nada pendiente
2026-09-17 09:30:02  cola VACIA -- nada pendiente
2026-09-17 11:30:01  cola VACIA -- nada pendiente
2026-09-17 12:30:01  cola VACIA -- nada pendiente
2026-09-17 13:00:01  LANZO limpio2_dev
2026-09-17 15:24:58  OK    limpio2_dev
2026-09-17 15:25:03  LANZO limpio2_holdout
2026-09-17 16:30:24  OK    limpio2_holdout
2026-09-17 17:10:01  LANZO limpio3_dev
2026-09-17 19:32:23  OK    limpio3_dev
2026-09-17 19:32:28  LANZO limpio3_holdout
2026-09-17 20:39:34  OK    limpio3_holdout
2026-09-17 21:30:02  cola VACIA -- nada pendiente
2026-09-17 22:30:01  cola VACIA -- nada pendiente
2026-09-17 23:30:01  cola VACIA -- nada pendiente
2026-09-18 00:30:02  cola VACIA -- nada pendiente
2026-09-18 01:30:01  cola VACIA -- nada pendiente
2026-09-18 02:30:01  cola VACIA -- nada pendiente
2026-09-18 03:30:01  cola VACIA -- nada pendiente
2026-09-18 04:30:01  cola VACIA -- nada pendiente
2026-09-18 05:30:02  cola VACIA -- nada pendiente
2026-09-18 06:30:01  cola VACIA -- nada pendiente
2026-09-18 07:30:01  cola VACIA -- nada pendiente
2026-09-18 08:30:02  cola VACIA -- nada pendiente
2026-09-18 09:30:01  cola VACIA -- nada pendiente
2026-09-18 10:30:01  cola VACIA -- nada pendiente
2026-09-18 11:30:02  cola VACIA -- nada pendiente
2026-09-18 12:30:01  cola VACIA -- nada pendiente
2026-09-18 13:30:01  cola VACIA -- nada pendiente
2026-09-18 14:30:01  cola VACIA -- nada pendiente
2026-09-18 15:30:01  cola VACIA -- nada pendiente
2026-09-18 16:30:02  cola VACIA -- nada pendiente
2026-09-18 17:30:01  cola VACIA -- nada pendiente
2026-09-18 18:30:01  cola VACIA -- nada pendiente
2026-09-18 19:30:01  cola VACIA -- nada pendiente
2026-09-18 20:30:02  cola VACIA -- nada pendiente
2026-09-18 21:30:01  cola VACIA -- nada pendiente
2026-09-18 22:30:02  cola VACIA -- nada pendiente
2026-09-18 23:30:01  LANZO aviso_smoke
2026-09-19 00:40:41  OK    aviso_smoke
2026-09-19 00:40:44  LANZO aviso_dev
2026-09-19 03:10:43  OK    aviso_dev
2026-09-19 03:10:48  LANZO aviso_holdout
2026-09-19 05:08:45  OK    aviso_holdout
2026-09-19 05:08:50  LANZO repet_dev
2026-09-19 07:35:30  OK    repet_dev
2026-09-19 08:30:02  cola VACIA -- nada pendiente
2026-09-19 09:30:02  cola VACIA -- nada pendiente
2026-09-19 10:30:02  cola VACIA -- nada pendiente
2026-09-19 11:30:02  cola VACIA -- nada pendiente
2026-09-19 12:30:01  cola VACIA -- nada pendiente
2026-09-19 13:30:01  cola VACIA -- nada pendiente
2026-09-19 13:40:01  LANZO repet0_a
2026-09-19 16:05:40  OK    repet0_a
2026-09-19 16:05:45  LANZO repet0_b
2026-09-19 18:42:19  OK    repet0_b
2026-09-19 19:30:02  cola VACIA -- nada pendiente
2026-09-19 20:30:01  cola VACIA -- nada pendiente
2026-09-19 21:30:02  cola VACIA -- nada pendiente
2026-09-19 22:30:02  cola VACIA -- nada pendiente
2026-09-19 22:40:02  LANZO numctx_q
2026-09-19 22:42:34  OK    numctx_q
2026-09-19 22:42:39  LANZO repet0_holdout
2026-09-20 00:45:13  OK    repet0_holdout
2026-09-20 01:30:01  cola VACIA -- nada pendiente
