normas: 95 | ya scrapeadas: 0 | a scrapear ahora: 95
  Accediendo a: https://www.bcn.cl/leychile/navegar?idNorma=1005169
  Accediendo a: https://www.bcn.cl/leychile/navegar?idNorma=1007469
  Accediendo a: https://www.bcn.cl/leychile/navegar?idNorma=1008692
  Accediendo a: https://www.bcn.cl/leychile/navegar?idNorma=1009792
  Accediendo a: https://www.bcn.cl/leychile/navegar?idNorma=1010304
  5/95
  Accediendo a: https://www.bcn.cl/leychile/navegar?idNorma=1010668
  Accediendo a: https://www.bcn.cl/leychile/navegar?idNorma=1021880
  Accediendo a: https://www.bcn.cl/leychile/navegar?idNorma=1023143
  Accediendo a: https://www.bcn.cl/leychile/navegar?idNorma=1028636
  Accediendo a: https://www.bcn.cl/leychile/navegar?idNorma=1030861
  10/95
  Accediendo a: https://www.bcn.cl/leychile/navegar?idNorma=1032851
  Accediendo a: https://www.bcn.cl/leychile/navegar?idNorma=1038211
  Accediendo a: https://www.bcn.cl/leychile/navegar?idNorma=1040103
  Accediendo a: https://www.bcn.cl/leychile/navegar?idNorma=1040796
  Accediendo a: https://www.bcn.cl/leychile/navegar?idNorma=1043725
  15/95
  Accediendo a: https://www.bcn.cl/leychile/navegar?idNorma=1047565
  Accediendo a: https://www.bcn.cl/leychile/navegar?idNorma=1048990
  Accediendo a: https://www.bcn.cl/leychile/navegar?idNorma=1049988
  Accediendo a: https://www.bcn.cl/leychile/navegar?idNorma=1055073
  Accediendo a: https://www.bcn.cl/leychile/navegar?idNorma=1055402
  20/95
  Accediendo a: https://www.bcn.cl/leychile/navegar?idNorma=1058072
  Accediendo a: https://www.bcn.cl/leychile/navegar?idNorma=1058529
  Accediendo a: https://www.bcn.cl/leychile/navegar?idNorma=1059332
  Accediendo a: https://www.bcn.cl/leychile/navegar?idNorma=1066212
  Accediendo a: https://www.bcn.cl/leychile/navegar?idNorma=1066889
  25/95
  Accediendo a: https://www.bcn.cl/leychile/navegar?idNorma=1067875
  Accediendo a: https://www.bcn.cl/leychile/navegar?idNorma=1071441
  Accediendo a: https://www.bcn.cl/leychile/navegar?idNorma=1074277
  Accediendo a: https://www.bcn.cl/leychile/navegar?idNorma=1076506
  Accediendo a: https://www.bcn.cl/leychile/navegar?idNorma=1076507
  30/95
  Accediendo a: https://www.bcn.cl/leychile/navegar?idNorma=1085545
  Accediendo a: https://www.bcn.cl/leychile/navegar?idNorma=1087315
  Accediendo a: https://www.bcn.cl/leychile/navegar?idNorma=1089564
  Accediendo a: https://www.bcn.cl/leychile/navegar?idNorma=1091871
  Accediendo a: https://www.bcn.cl/leychile/navegar?idNorma=1092269
  35/95
  Accediendo a: https://www.bcn.cl/leychile/navegar?idNorma=1099982
  Accediendo a: https://www.bcn.cl/leychile/navegar?idNorma=1102690
  Accediendo a: https://www.bcn.cl/leychile/navegar?idNorma=1106211
  Accediendo a: https://www.bcn.cl/leychile/navegar?idNorma=1109624
  Accediendo a: https://www.bcn.cl/leychile/navegar?idNorma=1111297
  40/95
  Accediendo a: https://www.bcn.cl/leychile/navegar?idNorma=1112591
  Accediendo a: https://www.bcn.cl/leychile/navegar?idNorma=1115627
  Accediendo a: https://www.bcn.cl/leychile/navegar?idNorma=1116754
  Accediendo a: https://www.bcn.cl/leychile/navegar?idNorma=1122953
  Accediendo a: https://www.bcn.cl/leychile/navegar?idNorma=1125560
  45/95
  Accediendo a: https://www.bcn.cl/leychile/navegar?idNorma=1138479
  Accediendo a: https://www.bcn.cl/leychile/navegar?idNorma=1146553
  Accediendo a: https://www.bcn.cl/leychile/navegar?idNorma=1147028
  Accediendo a: https://www.bcn.cl/leychile/navegar?idNorma=1149645
  Accediendo a: https://www.bcn.cl/leychile/navegar?idNorma=1149788
  50/95
  Accediendo a: https://www.bcn.cl/leychile/navegar?idNorma=1154423
  Accediendo a: https://www.bcn.cl/leychile/navegar?idNorma=1155887
  Accediendo a: https://www.bcn.cl/leychile/navegar?idNorma=1160108
  Accediendo a: https://www.bcn.cl/leychile/navegar?idNorma=1160783
  Accediendo a: https://www.bcn.cl/leychile/navegar?idNorma=1163383
  55/95
  Accediendo a: https://www.bcn.cl/leychile/navegar?idNorma=1168803
  Accediendo a: https://www.bcn.cl/leychile/navegar?idNorma=1183783
  Accediendo a: https://www.bcn.cl/leychile/navegar?idNorma=1187183
  Accediendo a: https://www.bcn.cl/leychile/navegar?idNorma=1187684
  Accediendo a: https://www.bcn.cl/leychile/navegar?idNorma=1188063
  60/95
  Accediendo a: https://www.bcn.cl/leychile/navegar?idNorma=1190824
  Accediendo a: https://www.bcn.cl/leychile/navegar?idNorma=1191005
  Accediendo a: https://www.bcn.cl/leychile/navegar?idNorma=1191006
  Accediendo a: https://www.bcn.cl/leychile/navegar?idNorma=1191446
  Accediendo a: https://www.bcn.cl/leychile/navegar?idNorma=1191683
  65/95
  Accediendo a: https://www.bcn.cl/leychile/navegar?idNorma=1195774
  Accediendo a: https://www.bcn.cl/leychile/navegar?idNorma=1199483
  Accediendo a: https://www.bcn.cl/leychile/navegar?idNorma=1200958
  Accediendo a: https://www.bcn.cl/leychile/navegar?idNorma=1204012
  Accediendo a: https://www.bcn.cl/leychile/navegar?idNorma=1207690
  70/95
  Accediendo a: https://www.bcn.cl/leychile/navegar?idNorma=1212738
  Accediendo a: https://www.bcn.cl/leychile/navegar?idNorma=1214890
  Accediendo a: https://www.bcn.cl/leychile/navegar?idNorma=1215040
  Accediendo a: https://www.bcn.cl/leychile/navegar?idNorma=1215190
  Accediendo a: https://www.bcn.cl/leychile/navegar?idNorma=1216930
  75/95
  Accediendo a: https://www.bcn.cl/leychile/navegar?idNorma=122891
  Accediendo a: https://www.bcn.cl/leychile/navegar?idNorma=141599
  Accediendo a: https://www.bcn.cl/leychile/navegar?idNorma=150669
  Accediendo a: https://www.bcn.cl/leychile/navegar?idNorma=16121
  Accediendo a: https://www.bcn.cl/leychile/navegar?idNorma=169559
  80/95
  Accediendo a: https://www.bcn.cl/leychile/navegar?idNorma=176595
  Accediendo a: https://www.bcn.cl/leychile/navegar?idNorma=200301
  Accediendo a: https://www.bcn.cl/leychile/navegar?idNorma=202975
  Accediendo a: https://www.bcn.cl/leychile/navegar?idNorma=206038
  Accediendo a: https://www.bcn.cl/leychile/navegar?idNorma=220208
  85/95
  Accediendo a: https://www.bcn.cl/leychile/navegar?idNorma=237695
  Accediendo a: https://www.bcn.cl/leychile/navegar?idNorma=244803
  Accediendo a: https://www.bcn.cl/leychile/navegar?idNorma=250604
  Accediendo a: https://www.bcn.cl/leychile/navegar?idNorma=252841
  Accediendo a: https://www.bcn.cl/leychile/navegar?idNorma=258171
  90/95
  Accediendo a: https://www.bcn.cl/leychile/navegar?idNorma=264058
  Accediendo a: https://www.bcn.cl/leychile/navegar?idNorma=267822
  Accediendo a: https://www.bcn.cl/leychile/navegar?idNorma=270212
  Accediendo a: https://www.bcn.cl/leychile/navegar?idNorma=29819
  Accediendo a: https://www.bcn.cl/leychile/navegar?idNorma=6857
  95/95
Traceback (most recent call last):
  File "<frozen runpy>", line 198, in _run_module_as_main
  File "<frozen runpy>", line 88, in _run_code
  File "/home/alonso/Documentos/Github/energy-rag-postgres-rag/scripts/scrape_vinculaciones.py", line 103, in <module>
    asyncio.run(main())
  File "/usr/lib/python3.12/asyncio/runners.py", line 194, in run
    return runner.run(main)
           ^^^^^^^^^^^^^^^^
  File "/usr/lib/python3.12/asyncio/runners.py", line 118, in run
    return self._loop.run_until_complete(task)
           ^^^^^^^^^^^^^^^^^^^^^^^^^^^^^^^^^^^
  File "/usr/lib/python3.12/asyncio/base_events.py", line 687, in run_until_complete
    return future.result()
           ^^^^^^^^^^^^^^^
  File "/home/alonso/Documentos/Github/energy-rag-postgres-rag/scripts/scrape_vinculaciones.py", line 92, in main
    cur.execute("INSERT INTO norma_norma (origen,destino,tipo_relacion) VALUES (%s,%s,%s) "
  File "/home/alonso/Documentos/Github/energy-rag-postgres-rag/venv/lib/python3.12/site-packages/psycopg/cursor.py", line 117, in execute
    raise ex.with_traceback(None)
psycopg.errors.ObjectNotInPrerequisiteState: cannot insert into view "norma_norma"
DETAIL:  Views containing DISTINCT are not automatically updatable.
HINT:  To enable inserting into the view, provide an INSTEAD OF INSERT trigger or an unconditional ON INSERT DO INSTEAD rule.

scrapeadas OK: 95/95
  DEROGADAS (derivado de derogada_por): 0  []
  modificadas: 25
  aristas norma->norma: 401  (unicas: 204)
