Loading weights:   0%|          | 0/310 [00:00<?, ?it/s]Loading weights: 100%|██████████| 310/310 [00:00<00:00, 5542.39it/s]
Loading weights:   0%|          | 0/393 [00:00<?, ?it/s]Loading weights:   2%|▏         | 9/393 [00:00<00:28, 13.65it/s]Loading weights: 100%|██████████| 393/393 [00:00<00:00, 591.90it/s]
=== selfcons_n1: 114 pares  OFF(n=1, rapido) / ON(n=3, actual) ===
  pares nuevos=5  [5/114]
  pares nuevos=10  [10/114]
  pares nuevos=15  [15/114]
  pares nuevos=20  [20/114]
  pares nuevos=25  [25/114]
  pares nuevos=30  [30/114]
  pares nuevos=35  [35/114]
  pares nuevos=40  [40/114]
  pares nuevos=45  [45/114]
  pares nuevos=50  [50/114]
  pares nuevos=55  [55/114]
  pares nuevos=60  [60/114]
  pares nuevos=65  [65/114]
  pares nuevos=70  [70/114]
  pares nuevos=75  [75/114]
  pares nuevos=80  [80/114]
discarding closed connection: <psycopg.Connection [BAD] at 0x7f22e018e420>
  pares nuevos=85  [85/114]
  pares nuevos=90  [90/114]
  pares nuevos=95  [95/114]
  pares nuevos=100  [100/114]
  pares nuevos=105  [105/114]
  pares nuevos=110  [110/114]

=== selfcons_n1 — 114 pares validos ===
  cita_ok      OFF 97/114  ->  ON 95/114   [gano 2, perdio 4]  McNemar p=0.6875  (ruido/flat)
  cita_limpia  OFF 49/114  ->  ON 61/114
  inject       OFF 3/114  ->  ON 3/114
  rechazos     OFF 9/114  ->  ON 8/114
  precision     OFF   0.40  ->  ON   0.48
  citas unicas  OFF   3.39  ->  ON   2.42
  segundos      OFF  33.05  ->  ON 103.28
  GANO:   [?] Me cortaron la luz por una deuda que yo creo que está mal cobr
  GANO:   [?] Vivo en una casa común y corriente, gasto poco, ¿la empresa me
  PERDIO: [?] ¿por qué en una zona la gente paga más cara la luz que en otra
  PERDIO: [?] tengo una planta solar y me sobra energía algunos meses, ¿se l
  PERDIO: [?] Si una empresa de luz hace las cosas mal, ¿quién puede castiga
  PERDIO: [?] qué tasa se usa para calcular la anualidad del valor de invers
