2026-08-30 15:01:37  PLAN COMPLETO: 20/20
2026-08-30 20:20:48  PLAN COMPLETO: 24/24
2026-08-30 22:29:19  PAUSA manual (.watchdog_off)
2026-08-30 22:30:01  PAUSA manual (.watchdog_off)
2026-08-30 22:40:01  PAUSA manual (.watchdog_off)
2026-08-30 22:50:01  PAUSA manual (.watchdog_off)
2026-08-30 23:00:01  PAUSA manual (.watchdog_off)
2026-08-30 23:10:01  PAUSA manual (.watchdog_off)
2026-08-30 23:20:01  PAUSA manual (.watchdog_off)
2026-08-30 23:30:01  PAUSA manual (.watchdog_off)
2026-08-30 23:40:01  PAUSA manual (.watchdog_off)
2026-08-30 23:50:01  PAUSA manual (.watchdog_off)
2026-08-31 00:00:01  PAUSA manual (.watchdog_off)
2026-08-31 00:10:47  PLAN COMPLETO: 12/12
2026-08-31 00:20:01  PLAN COMPLETO: 12/12
2026-08-31 00:27:16  PLAN COMPLETO: 12/12
2026-08-31 00:30:01  PLAN COMPLETO: 12/12
2026-08-31 00:40:01  PLAN COMPLETO: 12/12
2026-08-31 07:59:44  PLAN COMPLETO: 10/10
2026-08-31 08:00:01  PLAN COMPLETO: 10/10
2026-08-31 08:10:01  PLAN COMPLETO: 10/10
2026-08-31 08:20:01  PLAN COMPLETO: 10/10
2026-08-31 08:30:01  PLAN COMPLETO: 10/10
2026-08-31 08:40:01  PLAN COMPLETO: 10/10
2026-08-31 08:50:01  PLAN COMPLETO: 10/10
2026-08-31 09:00:01  PLAN COMPLETO: 10/10
2026-08-31 09:10:01  PLAN COMPLETO: 10/10
2026-08-31 09:20:01  PLAN COMPLETO: 10/10
2026-08-31 09:30:01  PLAN COMPLETO: 10/10
2026-08-31 09:40:01  PLAN COMPLETO: 10/10
2026-08-31 09:50:01  PLAN COMPLETO: 10/10
2026-08-31 10:00:01  PLAN COMPLETO: 10/10
2026-08-31 10:10:01  PLAN COMPLETO: 10/10
2026-08-31 10:20:01  PLAN COMPLETO: 10/10
2026-08-31 10:30:01  PLAN COMPLETO: 10/10
2026-08-31 10:40:01  PLAN COMPLETO: 10/10
2026-08-31 10:50:01  PLAN COMPLETO: 10/10
2026-08-31 11:00:01  PLAN COMPLETO: 10/10
2026-08-31 11:10:01  PLAN COMPLETO: 10/10
2026-08-31 11:20:01  PLAN COMPLETO: 10/10
2026-08-31 11:30:01  PLAN COMPLETO: 10/10
2026-08-31 11:40:01  PLAN COMPLETO: 10/10
2026-08-31 11:50:01  PLAN COMPLETO: 10/10
2026-08-31 12:00:01  PLAN COMPLETO: 10/10
2026-08-31 12:10:01  PLAN COMPLETO: 10/10
2026-08-31 12:20:01  PLAN COMPLETO: 10/10
2026-08-31 12:30:01  PLAN COMPLETO: 10/10
2026-08-31 12:40:01  PLAN COMPLETO: 10/10
2026-08-31 12:50:01  PLAN COMPLETO: 10/10
2026-08-31 13:00:01  PLAN COMPLETO: 10/10
2026-08-31 13:10:01  PLAN COMPLETO: 10/10
2026-08-31 13:20:01  PLAN COMPLETO: 10/10
2026-08-31 13:30:01  PLAN COMPLETO: 10/10
2026-08-31 13:40:01  PLAN COMPLETO: 10/10
2026-08-31 13:50:01  PLAN COMPLETO: 10/10
2026-08-31 14:00:01  PLAN COMPLETO: 10/10
2026-08-31 14:10:01  PLAN COMPLETO: 10/10
2026-08-31 14:20:02  PLAN COMPLETO: 10/10
2026-08-31 14:30:01  PLAN COMPLETO: 10/10
2026-08-31 14:40:01  PLAN COMPLETO: 10/10
2026-08-31 14:50:01  PLAN COMPLETO: 10/10
2026-08-31 17:42:54  PLAN COMPLETO: 9/9
2026-08-31 17:50:01  PLAN COMPLETO: 9/9
2026-08-31 18:00:01  PLAN COMPLETO: 9/9
2026-08-31 18:10:01  PLAN COMPLETO: 9/9
2026-08-31 18:20:01  PLAN COMPLETO: 9/9
2026-08-31 18:30:01  PLAN COMPLETO: 9/9
2026-08-31 18:40:01  PLAN COMPLETO: 9/9
2026-08-31 18:50:01  PLAN COMPLETO: 9/9
2026-08-31 19:00:01  PLAN COMPLETO: 9/9
2026-08-31 19:10:01  PLAN COMPLETO: 9/9
2026-08-31 19:20:01  PLAN COMPLETO: 9/9
2026-08-31 19:30:01  PLAN COMPLETO: 9/9
2026-08-31 19:40:01  PLAN COMPLETO: 9/9
2026-08-31 19:50:01  PLAN COMPLETO: 9/9
2026-08-31 20:00:01  PLAN COMPLETO: 9/9
2026-08-31 20:10:01  PLAN COMPLETO: 9/9
2026-08-31 20:20:01  PLAN COMPLETO: 9/9
2026-08-31 20:30:01  PLAN COMPLETO: 9/9
2026-08-31 20:40:01  PLAN COMPLETO: 9/9
2026-08-31 20:50:01  PLAN COMPLETO: 9/9
2026-08-31 21:00:01  PLAN COMPLETO: 9/9
2026-08-31 21:10:01  PLAN COMPLETO: 9/9
2026-08-31 21:20:01  PLAN COMPLETO: 9/9
2026-08-31 21:30:01  PLAN COMPLETO: 9/9
2026-08-31 21:40:01  PLAN COMPLETO: 9/9
2026-08-31 21:50:01  PLAN COMPLETO: 9/9
2026-08-31 22:00:01  PLAN COMPLETO: 9/9
2026-08-31 22:10:01  PLAN COMPLETO: 9/9
2026-08-31 22:20:01  PLAN COMPLETO: 9/9
2026-08-31 22:30:01  PLAN COMPLETO: 9/9
2026-08-31 22:40:01  PLAN COMPLETO: 9/9
2026-08-31 22:50:01  PLAN COMPLETO: 9/9
2026-08-31 23:00:01  PLAN COMPLETO: 9/9
2026-08-31 23:10:01  PLAN COMPLETO: 9/9
2026-08-31 23:20:01  PLAN COMPLETO: 9/9
2026-08-31 23:30:01  PLAN COMPLETO: 9/9
2026-08-31 23:40:01  PLAN COMPLETO: 9/9
2026-08-31 23:50:01  PLAN COMPLETO: 9/9
2026-09-01 00:00:01  PLAN COMPLETO: 9/9
2026-09-01 00:10:02  PLAN COMPLETO: 9/9
2026-09-01 00:20:01  PLAN COMPLETO: 9/9
2026-09-01 00:30:01  PLAN COMPLETO: 9/9
2026-09-01 00:40:01  PLAN COMPLETO: 9/9
2026-09-01 00:50:01  PLAN COMPLETO: 9/9
2026-09-01 01:00:01  PLAN COMPLETO: 9/9
2026-09-01 01:10:01  PLAN COMPLETO: 9/9
2026-09-01 01:20:01  PLAN COMPLETO: 9/9
2026-09-01 01:30:01  PLAN COMPLETO: 9/9
2026-09-01 01:40:01  PLAN COMPLETO: 9/9
2026-09-01 01:50:01  PLAN COMPLETO: 9/9
2026-09-01 02:00:01  PLAN COMPLETO: 9/9
2026-09-01 02:10:01  PLAN COMPLETO: 9/9
2026-09-01 02:20:01  PLAN COMPLETO: 9/9
2026-09-01 02:30:01  PLAN COMPLETO: 9/9
2026-09-01 02:40:01  PLAN COMPLETO: 9/9
2026-09-01 02:50:01  PLAN COMPLETO: 9/9
2026-09-01 03:00:01  PLAN COMPLETO: 9/9
2026-09-01 03:10:01  PLAN COMPLETO: 9/9
2026-09-01 03:20:01  PLAN COMPLETO: 9/9
2026-09-01 03:30:01  PLAN COMPLETO: 9/9
2026-09-01 03:40:01  PLAN COMPLETO: 9/9
2026-09-01 03:50:01  PLAN COMPLETO: 9/9
2026-09-01 04:00:01  PLAN COMPLETO: 9/9
2026-09-01 04:10:01  PLAN COMPLETO: 9/9
2026-09-01 04:20:01  PLAN COMPLETO: 9/9
2026-09-01 04:30:01  PLAN COMPLETO: 9/9
2026-09-01 04:40:01  PLAN COMPLETO: 9/9
2026-09-01 04:50:01  PLAN COMPLETO: 9/9
2026-09-01 05:00:01  PLAN COMPLETO: 9/9
2026-09-01 05:10:01  PLAN COMPLETO: 9/9
2026-09-01 05:20:01  PLAN COMPLETO: 9/9
2026-09-01 05:30:01  PLAN COMPLETO: 9/9
2026-09-01 05:40:01  PLAN COMPLETO: 9/9
2026-09-01 05:50:01  PLAN COMPLETO: 9/9
2026-09-01 06:00:01  PLAN COMPLETO: 9/9
2026-09-01 06:10:01  PLAN COMPLETO: 9/9
2026-09-01 06:20:01  PLAN COMPLETO: 9/9
2026-09-01 06:30:01  PLAN COMPLETO: 9/9
2026-09-01 06:40:01  PLAN COMPLETO: 9/9
2026-09-01 06:50:01  PLAN COMPLETO: 9/9
2026-09-01 07:00:01  PLAN COMPLETO: 9/9
2026-09-01 07:10:01  PLAN COMPLETO: 9/9
2026-09-01 07:20:01  PLAN COMPLETO: 9/9
2026-09-01 07:30:01  PLAN COMPLETO: 9/9
2026-09-01 07:40:01  PLAN COMPLETO: 9/9
2026-09-01 07:50:01  PLAN COMPLETO: 9/9
2026-09-01 08:00:01  PLAN COMPLETO: 9/9
2026-09-01 08:10:01  PLAN COMPLETO: 9/9
2026-09-01 08:20:01  PLAN COMPLETO: 9/9
2026-09-01 08:30:01  PLAN COMPLETO: 9/9
2026-09-01 08:40:01  PLAN COMPLETO: 9/9
2026-09-01 08:50:01  PLAN COMPLETO: 9/9
2026-09-01 09:00:01  PLAN COMPLETO: 9/9
2026-09-01 09:10:01  PLAN COMPLETO: 9/9
2026-09-01 09:20:01  PLAN COMPLETO: 9/9
2026-09-01 09:30:01  PLAN COMPLETO: 9/9
2026-09-01 09:40:01  PLAN COMPLETO: 9/9
2026-09-01 09:50:01  PLAN COMPLETO: 9/9
2026-09-01 10:00:01  PLAN COMPLETO: 9/9
2026-09-01 10:10:01  PLAN COMPLETO: 9/9
2026-09-01 10:20:01  PLAN COMPLETO: 9/9
2026-09-01 10:30:01  PLAN COMPLETO: 9/9
2026-09-01 10:40:01  PLAN COMPLETO: 9/9
2026-09-01 10:50:01  PLAN COMPLETO: 9/9
2026-09-01 11:00:01  PLAN COMPLETO: 9/9
2026-09-01 11:10:01  PLAN COMPLETO: 9/9
2026-09-01 11:20:01  PLAN COMPLETO: 9/9
2026-09-01 11:30:01  PLAN COMPLETO: 9/9
2026-09-01 11:40:01  PLAN COMPLETO: 9/9
2026-09-01 11:50:01  PLAN COMPLETO: 9/9
2026-09-01 12:00:01  PLAN COMPLETO: 9/9
2026-09-01 12:10:01  PLAN COMPLETO: 9/9
2026-09-01 12:20:01  PLAN COMPLETO: 9/9
2026-09-01 12:30:01  PLAN COMPLETO: 9/9
2026-09-01 12:40:01  PLAN COMPLETO: 9/9
2026-09-01 12:50:01  PLAN COMPLETO: 9/9
2026-09-01 13:00:01  PLAN COMPLETO: 9/9
2026-09-01 13:10:01  PLAN COMPLETO: 9/9
2026-09-01 13:20:01  PLAN COMPLETO: 9/9
2026-09-01 13:30:01  PLAN COMPLETO: 9/9
2026-09-01 13:40:01  PLAN COMPLETO: 9/9
2026-09-01 13:50:01  PLAN COMPLETO: 9/9
2026-09-01 14:00:01  PLAN COMPLETO: 9/9
2026-09-01 14:10:01  PLAN COMPLETO: 9/9
2026-09-01 14:20:01  PLAN COMPLETO: 9/9
2026-09-01 14:30:01  PLAN COMPLETO: 9/9
2026-09-01 14:40:01  PLAN COMPLETO: 9/9
2026-09-01 14:50:01  PLAN COMPLETO: 9/9
2026-09-01 15:00:01  PLAN COMPLETO: 9/9
2026-09-01 15:10:01  PLAN COMPLETO: 9/9
2026-09-01 15:20:01  PLAN COMPLETO: 9/9
2026-09-01 15:30:01  PLAN COMPLETO: 9/9
2026-09-01 15:40:01  PLAN COMPLETO: 9/9
2026-09-01 15:50:01  PLAN COMPLETO: 9/9
2026-09-01 16:00:01  PLAN COMPLETO: 9/9
2026-09-01 16:10:01  PLAN COMPLETO: 9/9
2026-09-01 16:20:01  PLAN COMPLETO: 9/9
2026-09-01 16:30:01  PLAN COMPLETO: 9/9
2026-09-01 16:40:01  PLAN COMPLETO: 9/9
2026-09-01 16:50:01  PLAN COMPLETO: 9/9
2026-09-01 17:00:01  PLAN COMPLETO: 9/9
2026-09-01 17:10:01  PLAN COMPLETO: 9/9
2026-09-01 17:20:01  PLAN COMPLETO: 9/9
2026-09-01 17:30:01  PLAN COMPLETO: 9/9
2026-09-01 17:40:01  PLAN COMPLETO: 9/9
2026-09-01 17:50:01  PLAN COMPLETO: 9/9
2026-09-01 18:00:01  PLAN COMPLETO: 9/9
2026-09-01 18:10:01  PLAN COMPLETO: 9/9
2026-09-01 18:20:01  PLAN COMPLETO: 9/9
2026-09-01 18:30:01  PLAN COMPLETO: 9/9
2026-09-01 18:40:01  PLAN COMPLETO: 9/9
2026-09-01 18:50:01  PLAN COMPLETO: 9/9
2026-09-01 19:00:01  PLAN COMPLETO: 9/9
2026-09-01 19:10:01  PLAN COMPLETO: 9/9
2026-09-01 19:20:01  PLAN COMPLETO: 9/9
2026-09-01 19:30:01  PLAN COMPLETO: 9/9
2026-09-01 19:40:01  PLAN COMPLETO: 9/9
2026-09-01 19:50:01  PLAN COMPLETO: 9/9
2026-09-01 20:00:01  PLAN COMPLETO: 9/9
2026-09-01 20:10:01  PLAN COMPLETO: 9/9
2026-09-01 20:20:01  PLAN COMPLETO: 9/9
2026-09-01 20:30:01  PLAN COMPLETO: 9/9
2026-09-01 20:40:01  PLAN COMPLETO: 9/9
2026-09-01 20:50:01  PLAN COMPLETO: 9/9
2026-09-01 21:00:01  PLAN COMPLETO: 9/9
2026-09-01 21:10:01  PLAN COMPLETO: 9/9
2026-09-01 21:20:01  PLAN COMPLETO: 9/9
2026-09-01 21:30:01  PLAN COMPLETO: 9/9
2026-09-01 21:40:01  PLAN COMPLETO: 9/9
2026-09-01 21:50:01  PLAN COMPLETO: 9/9
2026-09-01 22:00:01  PLAN COMPLETO: 9/9
2026-09-01 23:48:35  PLAN COMPLETO: 6/6
2026-09-01 23:50:01  PLAN COMPLETO: 6/6
2026-09-02 07:19:09  PLAN COMPLETO: 4/4
2026-09-02 07:20:01  PLAN COMPLETO: 4/4
2026-09-02 07:30:01  PLAN COMPLETO: 4/4
2026-09-02 07:40:01  PLAN COMPLETO: 4/4
2026-09-02 07:50:01  PLAN COMPLETO: 4/4
2026-09-02 08:00:01  PLAN COMPLETO: 4/4
2026-09-02 08:10:01  PLAN COMPLETO: 4/4
2026-09-02 08:20:01  PLAN COMPLETO: 4/4
2026-09-02 08:30:01  PLAN COMPLETO: 4/4
2026-09-02 08:40:01  PLAN COMPLETO: 4/4
2026-09-02 08:50:01  PLAN COMPLETO: 4/4
2026-09-02 09:00:01  PLAN COMPLETO: 4/4
2026-09-02 09:10:01  PLAN COMPLETO: 4/4
2026-09-02 09:20:01  PLAN COMPLETO: 4/4
2026-09-02 09:30:01  PLAN COMPLETO: 4/4
2026-09-02 09:40:01  PLAN COMPLETO: 4/4
2026-09-02 09:50:01  PLAN COMPLETO: 4/4
2026-09-02 10:00:01  PLAN COMPLETO: 4/4
2026-09-02 10:10:01  PLAN COMPLETO: 4/4
2026-09-02 10:20:01  PLAN COMPLETO: 4/4
2026-09-02 10:30:01  PLAN COMPLETO: 4/4
2026-09-02 10:40:01  PLAN COMPLETO: 4/4
2026-09-02 10:50:01  PLAN COMPLETO: 4/4
2026-09-02 11:00:01  PLAN COMPLETO: 4/4
2026-09-02 11:10:01  PLAN COMPLETO: 4/4
2026-09-02 11:20:01  PLAN COMPLETO: 4/4
2026-09-02 11:30:01  PLAN COMPLETO: 4/4
2026-09-02 11:40:01  PLAN COMPLETO: 4/4
2026-09-02 11:50:01  PLAN COMPLETO: 4/4
2026-09-02 12:00:01  PLAN COMPLETO: 4/4
2026-09-02 12:10:01  PLAN COMPLETO: 4/4
2026-09-02 12:20:01  PLAN COMPLETO: 4/4
2026-09-02 12:30:01  PLAN COMPLETO: 4/4
2026-09-02 12:40:01  PLAN COMPLETO: 4/4
2026-09-02 12:50:01  PLAN COMPLETO: 4/4
2026-09-02 13:00:01  PLAN COMPLETO: 4/4
2026-09-02 13:10:01  PLAN COMPLETO: 4/4
2026-09-02 13:20:01  PLAN COMPLETO: 4/4
2026-09-02 13:30:01  PLAN COMPLETO: 4/4
2026-09-02 13:40:01  PLAN COMPLETO: 4/4
2026-09-02 13:50:01  PLAN COMPLETO: 4/4
2026-09-02 14:00:01  PLAN COMPLETO: 4/4
2026-09-02 14:10:01  PLAN COMPLETO: 4/4
2026-09-02 14:20:01  PLAN COMPLETO: 4/4
2026-09-02 14:30:01  PLAN COMPLETO: 4/4
2026-09-02 14:40:01  PLAN COMPLETO: 4/4
2026-09-02 14:50:01  PLAN COMPLETO: 4/4
2026-09-02 15:00:01  PLAN COMPLETO: 4/4
2026-09-02 15:10:01  PLAN COMPLETO: 4/4
2026-09-02 15:20:01  PLAN COMPLETO: 4/4
2026-09-02 15:30:01  PLAN COMPLETO: 4/4
2026-09-02 15:40:01  PLAN COMPLETO: 4/4
2026-09-02 15:50:01  PLAN COMPLETO: 4/4
2026-09-02 16:00:01  PLAN COMPLETO: 4/4
2026-09-02 16:10:01  PLAN COMPLETO: 4/4
2026-09-02 16:20:01  PLAN COMPLETO: 4/4
2026-09-02 16:30:01  PLAN COMPLETO: 4/4
2026-09-02 16:40:01  PLAN COMPLETO: 4/4
2026-09-02 16:50:01  PLAN COMPLETO: 4/4
2026-09-02 17:00:01  PLAN COMPLETO: 4/4
2026-09-02 17:10:01  PLAN COMPLETO: 4/4
2026-09-02 17:20:01  PLAN COMPLETO: 4/4
2026-09-02 17:30:01  PLAN COMPLETO: 4/4
2026-09-02 17:40:01  PLAN COMPLETO: 4/4
2026-09-02 17:50:01  PLAN COMPLETO: 4/4
2026-09-02 18:00:02  PLAN COMPLETO: 4/4
2026-09-02 18:10:01  PLAN COMPLETO: 4/4
2026-09-02 18:20:01  PLAN COMPLETO: 4/4
2026-09-02 18:30:01  PLAN COMPLETO: 4/4
2026-09-02 18:40:01  PLAN COMPLETO: 4/4
2026-09-02 18:50:01  PLAN COMPLETO: 4/4
2026-09-02 19:00:01  PLAN COMPLETO: 4/4
2026-09-02 19:10:01  PLAN COMPLETO: 4/4
2026-09-02 19:20:01  PLAN COMPLETO: 4/4
2026-09-02 19:30:01  PLAN COMPLETO: 4/4
2026-09-02 19:40:01  PLAN COMPLETO: 4/4
2026-09-02 19:50:01  PLAN COMPLETO: 4/4
2026-09-02 20:00:01  PLAN COMPLETO: 4/4
2026-09-02 20:10:01  PLAN COMPLETO: 4/4
2026-09-02 20:20:01  PLAN COMPLETO: 4/4
2026-09-02 20:30:01  PLAN COMPLETO: 4/4
2026-09-02 20:40:01  PLAN COMPLETO: 4/4
2026-09-02 20:50:01  PLAN COMPLETO: 4/4
2026-09-02 21:00:01  PLAN COMPLETO: 4/4
2026-09-02 21:10:01  PLAN COMPLETO: 4/4
2026-09-02 21:20:01  PLAN COMPLETO: 4/4
2026-09-02 21:30:01  PLAN COMPLETO: 4/4
2026-09-02 21:40:01  PLAN COMPLETO: 4/4
2026-09-02 21:50:01  PLAN COMPLETO: 4/4
2026-09-02 22:00:01  PLAN COMPLETO: 4/4
2026-09-02 22:10:01  PLAN COMPLETO: 4/4
2026-09-02 22:20:01  PLAN COMPLETO: 4/4
2026-09-02 22:30:01  PLAN COMPLETO: 4/4
2026-09-02 22:40:01  PLAN COMPLETO: 4/4
2026-09-02 22:50:01  PLAN COMPLETO: 4/4
2026-09-02 23:00:01  PLAN COMPLETO: 4/4
2026-09-02 23:10:01  PLAN COMPLETO: 4/4
2026-09-02 23:20:01  PLAN COMPLETO: 4/4
2026-09-02 23:30:01  PLAN COMPLETO: 4/4
2026-09-02 23:40:01  PLAN COMPLETO: 4/4
2026-09-02 23:50:01  PLAN COMPLETO: 4/4
2026-09-03 00:00:01  PLAN COMPLETO: 4/4
2026-09-03 00:10:01  PLAN COMPLETO: 4/4
2026-09-03 00:20:01  PLAN COMPLETO: 4/4
2026-09-03 00:30:01  PLAN COMPLETO: 4/4
2026-09-03 00:40:01  PLAN COMPLETO: 4/4
2026-09-03 00:50:01  PLAN COMPLETO: 4/4
2026-09-03 01:00:01  PLAN COMPLETO: 4/4
2026-09-03 01:10:01  PLAN COMPLETO: 4/4
2026-09-03 01:20:01  PLAN COMPLETO: 4/4
2026-09-03 01:30:01  PLAN COMPLETO: 4/4
2026-09-03 01:40:01  PLAN COMPLETO: 4/4
2026-09-03 01:50:01  PLAN COMPLETO: 4/4
2026-09-03 02:00:01  PLAN COMPLETO: 4/4
2026-09-03 02:10:01  PLAN COMPLETO: 4/4
2026-09-03 02:20:01  PLAN COMPLETO: 4/4
2026-09-03 02:30:01  PLAN COMPLETO: 4/4
2026-09-03 02:40:01  PLAN COMPLETO: 4/4
2026-09-03 02:50:01  PLAN COMPLETO: 4/4
2026-09-03 03:00:01  PLAN COMPLETO: 4/4
2026-09-03 03:10:01  PLAN COMPLETO: 4/4
2026-09-03 03:20:01  PLAN COMPLETO: 4/4
2026-09-03 03:30:01  PLAN COMPLETO: 4/4
2026-09-03 03:40:01  PLAN COMPLETO: 4/4
2026-09-03 03:50:01  PLAN COMPLETO: 4/4
2026-09-03 04:00:01  PLAN COMPLETO: 4/4
2026-09-03 04:10:01  PLAN COMPLETO: 4/4
2026-09-03 04:20:01  PLAN COMPLETO: 4/4
2026-09-03 04:30:01  PLAN COMPLETO: 4/4
2026-09-03 04:40:01  PLAN COMPLETO: 4/4
2026-09-03 04:50:01  PLAN COMPLETO: 4/4
2026-09-03 05:00:01  PLAN COMPLETO: 4/4
2026-09-03 05:10:01  PLAN COMPLETO: 4/4
2026-09-03 05:20:01  PLAN COMPLETO: 4/4
2026-09-03 05:30:01  PLAN COMPLETO: 4/4
2026-09-03 05:40:01  PLAN COMPLETO: 4/4
2026-09-03 05:50:01  PLAN COMPLETO: 4/4
2026-09-03 06:00:01  PLAN COMPLETO: 4/4
2026-09-03 06:10:01  PLAN COMPLETO: 4/4
2026-09-03 06:20:01  PLAN COMPLETO: 4/4
2026-09-03 06:30:01  PLAN COMPLETO: 4/4
2026-09-03 06:40:01  PLAN COMPLETO: 4/4
2026-09-03 06:50:01  PLAN COMPLETO: 4/4
2026-09-03 07:00:01  PLAN COMPLETO: 4/4
2026-09-03 07:10:01  PLAN COMPLETO: 4/4
2026-09-03 07:20:01  PLAN COMPLETO: 4/4
2026-09-03 07:30:01  PLAN COMPLETO: 4/4
2026-09-03 07:40:01  PLAN COMPLETO: 4/4
2026-09-03 07:50:01  PLAN COMPLETO: 4/4
2026-09-03 08:00:01  PLAN COMPLETO: 4/4
2026-09-03 08:10:01  PLAN COMPLETO: 4/4
2026-09-03 08:20:01  PLAN COMPLETO: 4/4
2026-09-03 08:30:01  PLAN COMPLETO: 4/4
2026-09-03 08:40:01  PLAN COMPLETO: 4/4
2026-09-03 08:50:01  PLAN COMPLETO: 4/4
2026-09-03 09:00:01  PLAN COMPLETO: 4/4
2026-09-03 09:10:01  PLAN COMPLETO: 4/4
2026-09-03 09:20:01  PLAN COMPLETO: 4/4
2026-09-03 09:30:01  PLAN COMPLETO: 4/4
2026-09-03 09:40:01  PLAN COMPLETO: 4/4
2026-09-03 09:50:01  PLAN COMPLETO: 4/4
2026-09-03 10:00:01  PLAN COMPLETO: 4/4
2026-09-03 10:10:01  PLAN COMPLETO: 4/4
2026-09-03 10:20:01  PLAN COMPLETO: 4/4
2026-09-03 10:30:01  PLAN COMPLETO: 4/4
2026-09-03 10:40:01  PLAN COMPLETO: 4/4
2026-09-03 10:50:01  PLAN COMPLETO: 4/4
2026-09-03 11:00:01  PLAN COMPLETO: 4/4
2026-09-03 11:10:01  PLAN COMPLETO: 4/4
2026-09-03 11:20:01  PLAN COMPLETO: 4/4
2026-09-03 11:30:01  PLAN COMPLETO: 4/4
2026-09-03 11:40:01  PLAN COMPLETO: 4/4
2026-09-03 11:50:01  PLAN COMPLETO: 4/4
2026-09-03 12:00:01  PLAN COMPLETO: 4/4
2026-09-03 12:10:01  PLAN COMPLETO: 4/4
2026-09-03 12:20:01  PLAN COMPLETO: 4/4
2026-09-03 12:30:01  PLAN COMPLETO: 4/4
2026-09-03 12:40:01  PLAN COMPLETO: 4/4
2026-09-03 12:50:01  PLAN COMPLETO: 4/4
2026-09-03 13:00:01  PLAN COMPLETO: 4/4
2026-09-03 13:10:01  PLAN COMPLETO: 4/4
2026-09-03 13:20:01  PLAN COMPLETO: 4/4
2026-09-03 13:30:01  PLAN COMPLETO: 4/4
2026-09-03 13:40:01  PLAN COMPLETO: 4/4
2026-09-03 13:50:01  PLAN COMPLETO: 4/4
2026-09-03 14:00:01  PLAN COMPLETO: 4/4
2026-09-03 14:10:01  PLAN COMPLETO: 4/4
2026-09-03 14:20:01  PLAN COMPLETO: 4/4
2026-09-03 14:30:01  PLAN COMPLETO: 4/4
2026-09-03 14:40:01  PLAN COMPLETO: 4/4
2026-09-03 14:50:01  PLAN COMPLETO: 4/4
2026-09-03 15:00:01  PLAN COMPLETO: 4/4
2026-09-03 15:10:01  PLAN COMPLETO: 4/4
2026-09-03 15:20:01  PLAN COMPLETO: 4/4
2026-09-03 15:30:01  PLAN COMPLETO: 4/4
2026-09-03 15:40:01  PLAN COMPLETO: 4/4
2026-09-03 15:50:01  PLAN COMPLETO: 4/4
2026-09-03 16:00:01  PLAN COMPLETO: 4/4
2026-09-03 16:10:01  PLAN COMPLETO: 4/4
2026-09-03 16:20:01  PLAN COMPLETO: 4/4
2026-09-03 16:30:01  PLAN COMPLETO: 4/4
2026-09-03 16:40:01  PLAN COMPLETO: 4/4
2026-09-03 16:50:01  PLAN COMPLETO: 4/4
2026-09-03 17:00:01  PLAN COMPLETO: 4/4
2026-09-03 17:10:01  PLAN COMPLETO: 4/4
2026-09-03 17:20:01  PLAN COMPLETO: 4/4
2026-09-03 17:30:01  PLAN COMPLETO: 4/4
2026-09-03 17:40:01  PLAN COMPLETO: 4/4
2026-09-03 17:50:01  PLAN COMPLETO: 4/4
2026-09-03 18:00:01  PLAN COMPLETO: 4/4
2026-09-03 18:10:01  PLAN COMPLETO: 4/4
2026-09-03 18:20:01  PLAN COMPLETO: 4/4
2026-09-03 18:30:01  PLAN COMPLETO: 4/4
2026-09-04 14:07:19  PLAN COMPLETO: 4/4
2026-09-04 14:10:01  PLAN COMPLETO: 4/4
2026-09-04 14:20:13  PLAN COMPLETO: 1/1
2026-09-04 14:30:02  PLAN COMPLETO: 1/1
./scripts/trabajar.sh: línea 34: [: 0
0: se esperaba una expresión entera
2026-09-04 15:22:13  PLAN COMPLETO: 1/1
2026-09-04 15:30:01  PLAN COMPLETO: 1/1
./scripts/runner.sh: línea 53: 0
0: error sintáctico en la expresión (el elemento de error es "0")
./scripts/runner.sh: línea 53: 0
0: error sintáctico en la expresión (el elemento de error es "0")
2026-09-05 10:30:39  PAUSA manual (.watchdog_off)
2026-09-05 10:40:01  PLAN COMPLETO: 0/0
2026-09-05 11:26:47  PLAN COMPLETO: 1/1
2026-09-05 12:08:07  PLAN COMPLETO: 1/1
2026-09-05 12:10:01  PLAN COMPLETO: 1/1
2026-09-05 15:21:31  PLAN COMPLETO: 1/1
2026-09-05 15:30:01  PLAN COMPLETO: 1/1
2026-09-05 16:53:36  PLAN COMPLETO: 2/2
2026-09-05 17:00:01  PLAN COMPLETO: 2/2
./scripts/runner.sh: línea 53: 0
0: error sintáctico en la expresión (el elemento de error es "0")
2026-09-06 09:01:23  PLAN COMPLETO: 2/2
2026-09-06 09:57:04  PAUSA manual (.watchdog_off)
2026-09-06 13:31:52  PAUSA manual (.watchdog_off)
2026-09-06 13:40:01  PAUSA manual (.watchdog_off)
2026-09-06 13:50:01  PAUSA manual (.watchdog_off)
2026-09-06 15:50:04  PLAN COMPLETO: 2/2
2026-09-06 16:00:01  PLAN COMPLETO: 2/2
2026-09-06 16:10:02  PLAN COMPLETO: 2/2
2026-09-06 16:20:01  PLAN COMPLETO: 2/2
2026-09-06 16:30:01  PLAN COMPLETO: 2/2
2026-09-06 16:40:01  PLAN COMPLETO: 2/2
2026-09-06 16:50:01  PLAN COMPLETO: 2/2
2026-09-06 17:00:01  PLAN COMPLETO: 2/2
2026-09-06 17:10:01  PLAN COMPLETO: 2/2
2026-09-06 17:20:01  PLAN COMPLETO: 2/2
2026-09-06 17:30:01  PLAN COMPLETO: 2/2
2026-09-06 17:40:01  PLAN COMPLETO: 2/2
2026-09-06 17:50:01  PLAN COMPLETO: 2/2
2026-09-06 18:00:01  PLAN COMPLETO: 2/2
2026-09-06 18:10:01  PLAN COMPLETO: 2/2
2026-09-06 18:20:01  PLAN COMPLETO: 2/2
2026-09-06 18:30:01  PLAN COMPLETO: 2/2
2026-09-06 18:40:01  PLAN COMPLETO: 2/2
2026-09-06 18:50:01  PLAN COMPLETO: 2/2
2026-09-06 19:00:01  PLAN COMPLETO: 2/2
2026-09-06 19:10:01  PLAN COMPLETO: 2/2
2026-09-06 19:20:01  PLAN COMPLETO: 2/2
2026-09-06 19:30:01  PLAN COMPLETO: 2/2
2026-09-06 19:40:01  PLAN COMPLETO: 2/2
2026-09-06 19:50:01  PLAN COMPLETO: 2/2
2026-09-06 20:00:01  PLAN COMPLETO: 2/2
2026-09-06 20:10:01  PLAN COMPLETO: 2/2
2026-09-06 20:20:01  PLAN COMPLETO: 2/2
2026-09-06 20:30:01  PLAN COMPLETO: 2/2
2026-09-06 20:40:01  PLAN COMPLETO: 2/2
2026-09-06 20:50:01  PLAN COMPLETO: 2/2
2026-09-06 21:00:01  PLAN COMPLETO: 2/2
2026-09-06 21:10:01  PLAN COMPLETO: 2/2
2026-09-06 21:20:01  PLAN COMPLETO: 2/2
2026-09-06 21:30:01  PLAN COMPLETO: 2/2
2026-09-06 21:40:01  PLAN COMPLETO: 2/2
2026-09-06 21:50:01  PLAN COMPLETO: 2/2
2026-09-06 22:00:01  PLAN COMPLETO: 2/2
2026-09-06 22:10:01  PLAN COMPLETO: 2/2
2026-09-06 22:20:01  PLAN COMPLETO: 2/2
2026-09-06 22:30:01  PLAN COMPLETO: 2/2
2026-09-06 22:40:01  PLAN COMPLETO: 2/2
2026-09-06 22:50:01  PLAN COMPLETO: 2/2
2026-09-06 23:00:01  PLAN COMPLETO: 2/2
2026-09-06 23:10:01  PLAN COMPLETO: 2/2
2026-09-06 23:20:01  PLAN COMPLETO: 2/2
2026-09-06 23:30:01  PLAN COMPLETO: 2/2
2026-09-06 23:40:01  PLAN COMPLETO: 2/2
2026-09-06 23:50:01  PLAN COMPLETO: 2/2
2026-09-07 00:00:01  PLAN COMPLETO: 2/2
2026-09-07 00:10:01  PLAN COMPLETO: 2/2
2026-09-07 00:20:01  PLAN COMPLETO: 2/2
2026-09-07 00:30:01  PLAN COMPLETO: 2/2
2026-09-07 00:40:01  PAUSA manual (.watchdog_off)
2026-09-07 00:50:01  PAUSA manual (.watchdog_off)
2026-09-07 01:00:01  PAUSA manual (.watchdog_off)
2026-09-08 12:59:29  PAUSA manual (.watchdog_off)
2026-09-08 13:10:01  PAUSA manual (.watchdog_off)
2026-09-08 13:20:01  PAUSA manual (.watchdog_off)
2026-09-08 13:30:01  PAUSA manual (.watchdog_off)
2026-09-08 13:40:01  PAUSA manual (.watchdog_off)
2026-09-08 13:50:01  PAUSA manual (.watchdog_off)
2026-09-08 14:00:01  PAUSA manual (.watchdog_off)
2026-09-08 14:10:01  PAUSA manual (.watchdog_off)
2026-09-08 14:20:01  PAUSA manual (.watchdog_off)
2026-09-08 14:30:01  PAUSA manual (.watchdog_off)
2026-09-08 14:40:01  PAUSA manual (.watchdog_off)
2026-09-08 14:50:01  PAUSA manual (.watchdog_off)
2026-09-08 15:00:01  PAUSA manual (.watchdog_off)
2026-09-09 09:19:52  PLAN COMPLETO: 22/22
2026-09-09 09:20:01  PLAN COMPLETO: 22/22
2026-09-09 09:30:01  PLAN COMPLETO: 22/22
2026-09-09 09:40:01  PLAN COMPLETO: 22/22
2026-09-09 09:50:01  PLAN COMPLETO: 22/22
2026-09-09 10:00:01  PLAN COMPLETO: 22/22
2026-09-09 10:10:01  PLAN COMPLETO: 22/22
2026-09-09 10:20:01  PLAN COMPLETO: 22/22
2026-09-09 10:30:01  PLAN COMPLETO: 22/22
2026-09-09 10:40:01  PLAN COMPLETO: 22/22
2026-09-09 10:50:01  PLAN COMPLETO: 22/22
2026-09-09 11:00:01  PLAN COMPLETO: 22/22
2026-09-09 11:10:01  PLAN COMPLETO: 22/22
2026-09-09 11:20:01  PLAN COMPLETO: 22/22
2026-09-09 11:30:01  PLAN COMPLETO: 22/22
2026-09-09 11:40:01  PLAN COMPLETO: 22/22
2026-09-09 11:50:01  PLAN COMPLETO: 22/22
2026-09-09 12:00:01  PLAN COMPLETO: 22/22
2026-09-09 12:10:01  PLAN COMPLETO: 22/22
2026-09-09 12:20:01  PLAN COMPLETO: 22/22
2026-09-09 12:30:01  PLAN COMPLETO: 22/22
2026-09-09 12:40:01  PLAN COMPLETO: 22/22
2026-09-09 12:50:01  PLAN COMPLETO: 22/22
2026-09-09 13:00:01  PLAN COMPLETO: 22/22
2026-09-09 13:10:01  PLAN COMPLETO: 22/22
2026-09-09 13:20:01  PLAN COMPLETO: 22/22
2026-09-09 13:30:01  PLAN COMPLETO: 22/22
2026-09-09 13:40:01  PLAN COMPLETO: 22/22
2026-09-09 13:50:01  PLAN COMPLETO: 22/22
2026-09-09 14:00:01  PLAN COMPLETO: 22/22
2026-09-09 14:10:01  PLAN COMPLETO: 22/22
2026-09-09 14:20:02  PLAN COMPLETO: 22/22
2026-09-09 14:30:01  PLAN COMPLETO: 22/22
2026-09-09 14:40:01  PLAN COMPLETO: 22/22
2026-09-09 14:50:01  PLAN COMPLETO: 22/22
2026-09-09 15:00:01  PLAN COMPLETO: 22/22
2026-09-09 15:10:01  PLAN COMPLETO: 22/22
2026-09-09 15:20:01  PLAN COMPLETO: 22/22
2026-09-09 15:30:01  PLAN COMPLETO: 22/22
2026-09-09 15:40:01  PLAN COMPLETO: 22/22
2026-09-09 15:50:01  PLAN COMPLETO: 22/22
2026-09-09 16:00:01  PLAN COMPLETO: 22/22
2026-09-09 16:10:01  PLAN COMPLETO: 22/22
2026-09-09 16:20:01  PLAN COMPLETO: 22/22
2026-09-09 16:30:01  PLAN COMPLETO: 22/22
2026-09-09 16:40:01  PLAN COMPLETO: 22/22
2026-09-09 16:50:01  PLAN COMPLETO: 22/22
2026-09-09 17:00:01  PLAN COMPLETO: 22/22
2026-09-09 17:10:01  PLAN COMPLETO: 22/22
2026-09-09 17:20:01  PLAN COMPLETO: 22/22
2026-09-09 17:30:01  PLAN COMPLETO: 22/22
2026-09-09 17:40:01  PLAN COMPLETO: 22/22
2026-09-09 17:50:01  PLAN COMPLETO: 22/22
2026-09-09 18:00:01  PLAN COMPLETO: 22/22
2026-09-09 18:10:01  PLAN COMPLETO: 22/22
2026-09-09 18:20:01  PLAN COMPLETO: 22/22
2026-09-09 18:30:01  PLAN COMPLETO: 22/22
2026-09-09 18:40:01  PLAN COMPLETO: 22/22
2026-09-09 18:50:01  PLAN COMPLETO: 22/22
2026-09-09 19:00:01  PLAN COMPLETO: 22/22
2026-09-09 19:10:01  PLAN COMPLETO: 22/22
2026-09-09 19:20:01  PLAN COMPLETO: 22/22
2026-09-09 19:30:01  PLAN COMPLETO: 22/22
2026-09-09 19:40:01  PLAN COMPLETO: 22/22
2026-09-09 19:50:01  PLAN COMPLETO: 22/22
2026-09-09 20:00:01  PLAN COMPLETO: 22/22
2026-09-09 20:10:01  PLAN COMPLETO: 22/22
2026-09-09 20:20:01  PLAN COMPLETO: 22/22
2026-09-09 20:30:01  PLAN COMPLETO: 22/22
2026-09-09 20:40:01  PLAN COMPLETO: 22/22
2026-09-09 20:50:01  PLAN COMPLETO: 22/22
2026-09-09 21:00:01  PLAN COMPLETO: 22/22
2026-09-09 21:10:01  PLAN COMPLETO: 22/22
2026-09-09 21:20:01  PLAN COMPLETO: 22/22
2026-09-09 21:30:01  PLAN COMPLETO: 22/22
2026-09-09 21:40:01  PLAN COMPLETO: 22/22
2026-09-09 21:50:01  PLAN COMPLETO: 22/22
2026-09-09 22:00:01  PLAN COMPLETO: 22/22
2026-09-09 22:10:01  PLAN COMPLETO: 22/22
2026-09-09 22:20:01  PLAN COMPLETO: 22/22
2026-09-09 22:30:01  PLAN COMPLETO: 22/22
2026-09-09 22:40:01  PLAN COMPLETO: 22/22
2026-09-09 22:50:01  PLAN COMPLETO: 22/22
2026-09-09 23:00:01  PLAN COMPLETO: 22/22
2026-09-09 23:10:01  PLAN COMPLETO: 22/22
2026-09-09 23:20:01  PLAN COMPLETO: 22/22
2026-09-09 23:30:01  PLAN COMPLETO: 22/22
2026-09-09 23:40:01  PLAN COMPLETO: 22/22
2026-09-09 23:50:01  PLAN COMPLETO: 22/22
2026-09-10 00:00:01  PLAN COMPLETO: 22/22
2026-09-10 00:10:01  PLAN COMPLETO: 22/22
2026-09-10 00:20:01  PLAN COMPLETO: 22/22
2026-09-10 00:30:01  PLAN COMPLETO: 22/22
2026-09-10 00:40:01  PLAN COMPLETO: 22/22
2026-09-10 00:50:01  PLAN COMPLETO: 22/22
2026-09-10 01:00:01  PLAN COMPLETO: 22/22
2026-09-10 01:10:01  PLAN COMPLETO: 22/22
2026-09-10 01:20:01  PLAN COMPLETO: 22/22
2026-09-10 01:30:01  PLAN COMPLETO: 22/22
2026-09-10 01:40:01  PLAN COMPLETO: 22/22
2026-09-10 01:50:01  PLAN COMPLETO: 22/22
2026-09-10 02:00:01  PLAN COMPLETO: 22/22
2026-09-10 02:10:01  PLAN COMPLETO: 22/22
2026-09-10 02:20:01  PLAN COMPLETO: 22/22
2026-09-10 02:30:01  PLAN COMPLETO: 22/22
2026-09-10 02:40:01  PLAN COMPLETO: 22/22
2026-09-10 02:50:01  PLAN COMPLETO: 22/22
2026-09-10 03:00:01  PLAN COMPLETO: 22/22
2026-09-10 03:10:01  PLAN COMPLETO: 22/22
2026-09-10 03:20:01  PLAN COMPLETO: 22/22
2026-09-10 03:30:01  PLAN COMPLETO: 22/22
2026-09-10 03:40:01  PLAN COMPLETO: 22/22
2026-09-10 03:50:01  PLAN COMPLETO: 22/22
2026-09-10 04:00:01  PLAN COMPLETO: 22/22
2026-09-10 04:10:01  PLAN COMPLETO: 22/22
2026-09-10 04:20:01  PLAN COMPLETO: 22/22
2026-09-10 04:30:01  PLAN COMPLETO: 22/22
2026-09-10 04:40:01  PLAN COMPLETO: 22/22
2026-09-10 04:50:01  PLAN COMPLETO: 22/22
2026-09-10 05:00:01  PLAN COMPLETO: 22/22
2026-09-10 05:10:01  PLAN COMPLETO: 22/22
2026-09-10 05:20:01  PLAN COMPLETO: 22/22
2026-09-10 05:30:01  PLAN COMPLETO: 22/22
2026-09-10 05:40:01  PLAN COMPLETO: 22/22
2026-09-10 05:50:01  PLAN COMPLETO: 22/22
2026-09-10 06:00:01  PLAN COMPLETO: 22/22
2026-09-10 06:10:01  PLAN COMPLETO: 22/22
2026-09-10 06:20:01  PLAN COMPLETO: 22/22
2026-09-10 06:30:01  PLAN COMPLETO: 22/22
2026-09-10 06:40:01  PLAN COMPLETO: 22/22
2026-09-10 06:50:01  PLAN COMPLETO: 22/22
2026-09-10 07:00:01  PLAN COMPLETO: 22/22
2026-09-10 07:10:01  PLAN COMPLETO: 22/22
2026-09-10 07:20:01  PLAN COMPLETO: 22/22
2026-09-10 07:30:01  PLAN COMPLETO: 22/22
2026-09-10 07:40:01  PLAN COMPLETO: 22/22
2026-09-10 07:50:01  PLAN COMPLETO: 22/22
2026-09-10 08:00:01  PLAN COMPLETO: 22/22
2026-09-10 08:10:01  PLAN COMPLETO: 22/22
2026-09-10 08:20:01  PLAN COMPLETO: 22/22
2026-09-10 08:30:01  PLAN COMPLETO: 22/22
2026-09-10 08:40:01  PLAN COMPLETO: 22/22
2026-09-10 08:50:01  PLAN COMPLETO: 22/22
2026-09-10 09:00:01  PLAN COMPLETO: 22/22
2026-09-10 09:10:01  PLAN COMPLETO: 22/22
2026-09-10 09:20:01  PLAN COMPLETO: 22/22
2026-09-10 09:30:01  PLAN COMPLETO: 22/22
2026-09-10 09:40:01  PLAN COMPLETO: 22/22
2026-09-10 09:50:01  PLAN COMPLETO: 22/22
2026-09-10 10:00:01  PLAN COMPLETO: 22/22
2026-09-10 10:10:01  PLAN COMPLETO: 22/22
2026-09-10 10:20:01  PLAN COMPLETO: 22/22
2026-09-10 10:30:01  PLAN COMPLETO: 22/22
2026-09-10 10:40:01  PLAN COMPLETO: 22/22
2026-09-10 10:50:01  PLAN COMPLETO: 22/22
2026-09-10 11:00:01  PLAN COMPLETO: 22/22
2026-09-10 11:10:01  PLAN COMPLETO: 22/22
2026-09-10 11:20:01  PLAN COMPLETO: 22/22
2026-09-10 11:30:01  PLAN COMPLETO: 22/22
2026-09-10 11:40:01  PLAN COMPLETO: 22/22
2026-09-10 11:50:01  PLAN COMPLETO: 22/22
2026-09-10 12:00:01  PLAN COMPLETO: 22/22
2026-09-10 12:10:01  PLAN COMPLETO: 22/22
2026-09-10 12:20:01  PLAN COMPLETO: 22/22
2026-09-10 12:30:01  PLAN COMPLETO: 22/22
2026-09-10 12:40:01  PLAN COMPLETO: 22/22
2026-09-10 12:50:01  PLAN COMPLETO: 22/22
2026-09-10 13:00:01  PLAN COMPLETO: 22/22
2026-09-10 13:10:01  PLAN COMPLETO: 22/22
2026-09-10 13:20:01  PLAN COMPLETO: 22/22
2026-09-10 13:30:01  PLAN COMPLETO: 22/22
2026-09-10 13:40:01  PLAN COMPLETO: 22/22
2026-09-10 13:50:01  PLAN COMPLETO: 22/22
2026-09-10 14:00:01  PLAN COMPLETO: 22/22
2026-09-10 14:10:01  PLAN COMPLETO: 22/22
2026-09-10 14:20:01  PLAN COMPLETO: 22/22
2026-09-10 14:30:01  PLAN COMPLETO: 22/22
2026-09-10 14:40:01  PLAN COMPLETO: 22/22
2026-09-10 14:50:01  PLAN COMPLETO: 22/22
2026-09-10 15:00:01  PLAN COMPLETO: 22/22
2026-09-10 15:10:01  PLAN COMPLETO: 22/22
2026-09-10 15:20:01  PLAN COMPLETO: 22/22
2026-09-10 15:30:01  PLAN COMPLETO: 22/22
2026-09-10 15:40:01  PLAN COMPLETO: 22/22
2026-09-11 16:08:02  PLAN COMPLETO: 7/7
2026-09-11 16:10:01  PLAN COMPLETO: 7/7
2026-09-11 16:20:01  PLAN COMPLETO: 7/7
2026-09-11 16:30:01  PLAN COMPLETO: 7/7
2026-09-11 16:40:01  PLAN COMPLETO: 7/7
2026-09-11 16:50:01  PLAN COMPLETO: 7/7
2026-09-11 17:00:01  PLAN COMPLETO: 7/7
2026-09-11 17:10:01  PLAN COMPLETO: 7/7
2026-09-11 17:20:01  PLAN COMPLETO: 7/7
2026-09-11 17:30:01  PLAN COMPLETO: 7/7
2026-09-11 17:40:01  PLAN COMPLETO: 7/7
2026-09-11 17:50:01  PLAN COMPLETO: 7/7
2026-09-11 18:00:01  PLAN COMPLETO: 7/7
2026-09-11 18:10:01  PLAN COMPLETO: 7/7
2026-09-11 18:20:01  PLAN COMPLETO: 7/7
2026-09-11 18:30:01  PLAN COMPLETO: 7/7
2026-09-11 18:40:01  PLAN COMPLETO: 7/7
2026-09-11 18:50:01  PLAN COMPLETO: 7/7
2026-09-11 19:00:01  PLAN COMPLETO: 7/7
2026-09-11 19:10:01  PLAN COMPLETO: 7/7
2026-09-11 19:20:01  PLAN COMPLETO: 7/7
2026-09-11 19:30:01  PLAN COMPLETO: 7/7
2026-09-11 19:40:01  PLAN COMPLETO: 7/7
2026-09-11 19:50:01  PLAN COMPLETO: 7/7
2026-09-11 20:00:01  PLAN COMPLETO: 7/7
2026-09-11 20:10:01  PLAN COMPLETO: 7/7
2026-09-11 20:20:01  PLAN COMPLETO: 7/7
2026-09-11 20:30:01  PLAN COMPLETO: 7/7
2026-09-11 20:40:01  PLAN COMPLETO: 7/7
2026-09-11 20:50:01  PLAN COMPLETO: 7/7
2026-09-11 21:00:01  PLAN COMPLETO: 7/7
2026-09-11 21:10:01  PLAN COMPLETO: 7/7
2026-09-11 21:20:01  PLAN COMPLETO: 7/7
2026-09-11 21:30:01  PLAN COMPLETO: 7/7
2026-09-11 21:40:01  PLAN COMPLETO: 7/7
2026-09-11 21:50:01  PLAN COMPLETO: 7/7
2026-09-11 22:00:01  PLAN COMPLETO: 7/7
2026-09-11 22:10:01  PLAN COMPLETO: 7/7
2026-09-11 22:20:01  PLAN COMPLETO: 7/7
2026-09-11 22:30:01  PLAN COMPLETO: 7/7
2026-09-11 22:40:01  PLAN COMPLETO: 7/7
2026-09-11 22:50:01  PLAN COMPLETO: 7/7
2026-09-11 23:00:01  PLAN COMPLETO: 7/7
2026-09-11 23:10:01  PLAN COMPLETO: 7/7
2026-09-11 23:20:01  PLAN COMPLETO: 7/7
2026-09-11 23:30:01  PLAN COMPLETO: 7/7
2026-09-11 23:40:01  PLAN COMPLETO: 7/7
2026-09-11 23:50:01  PLAN COMPLETO: 7/7
2026-09-12 00:00:01  PLAN COMPLETO: 7/7
2026-09-12 00:10:01  PLAN COMPLETO: 7/7
2026-09-12 00:20:01  PLAN COMPLETO: 7/7
2026-09-12 00:30:01  PLAN COMPLETO: 7/7
2026-09-12 00:40:01  PLAN COMPLETO: 7/7
2026-09-12 00:50:01  PLAN COMPLETO: 7/7
2026-09-12 01:00:01  PLAN COMPLETO: 7/7
2026-09-12 01:10:01  PLAN COMPLETO: 7/7
2026-09-12 01:20:01  PLAN COMPLETO: 7/7
2026-09-12 01:30:01  PLAN COMPLETO: 7/7
2026-09-12 01:40:01  PLAN COMPLETO: 7/7
2026-09-12 01:50:01  PLAN COMPLETO: 7/7
2026-09-12 02:00:01  PLAN COMPLETO: 7/7
2026-09-12 02:10:01  PLAN COMPLETO: 7/7
2026-09-12 02:20:01  PLAN COMPLETO: 7/7
2026-09-12 02:30:01  PLAN COMPLETO: 7/7
2026-09-12 02:40:01  PLAN COMPLETO: 7/7
2026-09-12 02:50:01  PLAN COMPLETO: 7/7
2026-09-12 03:00:01  PLAN COMPLETO: 7/7
2026-09-12 03:10:01  PLAN COMPLETO: 7/7
2026-09-12 03:20:01  PLAN COMPLETO: 7/7
2026-09-12 03:30:01  PLAN COMPLETO: 7/7
2026-09-12 03:40:01  PLAN COMPLETO: 7/7
2026-09-12 03:50:01  PLAN COMPLETO: 7/7
2026-09-12 04:00:01  PLAN COMPLETO: 7/7
2026-09-12 04:10:01  PLAN COMPLETO: 7/7
2026-09-12 04:20:01  PLAN COMPLETO: 7/7
2026-09-12 04:30:01  PLAN COMPLETO: 7/7
2026-09-12 04:40:01  PLAN COMPLETO: 7/7
2026-09-12 04:50:01  PLAN COMPLETO: 7/7
2026-09-12 05:00:01  PLAN COMPLETO: 7/7
2026-09-12 05:10:01  PLAN COMPLETO: 7/7
2026-09-12 05:20:01  PLAN COMPLETO: 7/7
2026-09-12 05:30:01  PLAN COMPLETO: 7/7
2026-09-12 05:40:01  PLAN COMPLETO: 7/7
2026-09-12 05:50:02  PLAN COMPLETO: 7/7
2026-09-12 06:00:01  PLAN COMPLETO: 7/7
2026-09-12 06:10:01  PLAN COMPLETO: 7/7
2026-09-12 06:20:01  PLAN COMPLETO: 7/7
2026-09-12 06:30:01  PLAN COMPLETO: 7/7
2026-09-12 06:40:01  PLAN COMPLETO: 7/7
2026-09-12 06:50:01  PLAN COMPLETO: 7/7
2026-09-12 07:00:01  PLAN COMPLETO: 7/7
2026-09-12 07:10:01  PLAN COMPLETO: 7/7
2026-09-12 07:20:01  PLAN COMPLETO: 7/7
2026-09-12 07:30:01  PLAN COMPLETO: 7/7
2026-09-12 07:40:01  PLAN COMPLETO: 7/7
2026-09-12 07:50:01  PLAN COMPLETO: 7/7
2026-09-12 08:00:01  PLAN COMPLETO: 7/7
2026-09-12 08:10:01  PLAN COMPLETO: 7/7
2026-09-12 08:20:01  PLAN COMPLETO: 7/7
2026-09-12 08:30:01  PLAN COMPLETO: 7/7
2026-09-12 08:40:01  PLAN COMPLETO: 7/7
2026-09-12 08:50:01  PLAN COMPLETO: 7/7
2026-09-12 12:50:01  PLAN COMPLETO: 7/7
2026-09-12 18:11:18  PLAN COMPLETO: 3/3
2026-09-12 18:20:01  PLAN COMPLETO: 3/3
2026-09-12 18:30:01  PLAN COMPLETO: 3/3
2026-09-12 18:40:01  PLAN COMPLETO: 3/3
2026-09-12 18:50:01  PLAN COMPLETO: 3/3
2026-09-12 19:00:01  PLAN COMPLETO: 3/3
2026-09-12 19:10:01  PLAN COMPLETO: 3/3
2026-09-12 19:20:01  PLAN COMPLETO: 3/3
2026-09-12 19:30:01  PLAN COMPLETO: 3/3
2026-09-12 19:40:01  PLAN COMPLETO: 3/3
2026-09-12 19:50:01  PLAN COMPLETO: 3/3
2026-09-12 20:00:01  PLAN COMPLETO: 3/3
2026-09-12 20:10:01  PLAN COMPLETO: 3/3
2026-09-12 20:20:01  PLAN COMPLETO: 3/3
2026-09-12 20:30:01  PLAN COMPLETO: 3/3
2026-09-12 20:40:01  PLAN COMPLETO: 3/3
2026-09-12 20:50:01  PLAN COMPLETO: 3/3
2026-09-12 21:00:01  PLAN COMPLETO: 3/3
2026-09-12 21:10:01  PLAN COMPLETO: 3/3
2026-09-12 21:20:01  PLAN COMPLETO: 3/3
2026-09-12 21:30:01  PLAN COMPLETO: 3/3
2026-09-12 21:40:01  PLAN COMPLETO: 3/3
2026-09-12 21:50:01  PLAN COMPLETO: 3/3
2026-09-12 22:00:01  PLAN COMPLETO: 3/3
2026-09-12 22:10:02  PLAN COMPLETO: 3/3
2026-09-12 22:20:01  PLAN COMPLETO: 3/3
2026-09-12 22:30:01  PLAN COMPLETO: 3/3
2026-09-12 22:40:01  PLAN COMPLETO: 3/3
2026-09-12 22:50:01  PLAN COMPLETO: 3/3
2026-09-12 23:00:01  PLAN COMPLETO: 3/3
2026-09-12 23:10:01  PLAN COMPLETO: 3/3
2026-09-12 23:20:01  PLAN COMPLETO: 3/3
2026-09-12 23:30:01  PLAN COMPLETO: 3/3
2026-09-12 23:40:01  PLAN COMPLETO: 3/3
2026-09-12 23:50:01  PLAN COMPLETO: 3/3
2026-09-13 00:00:01  PLAN COMPLETO: 3/3
2026-09-13 00:10:01  PLAN COMPLETO: 3/3
2026-09-13 00:20:01  PLAN COMPLETO: 3/3
2026-09-13 00:30:01  PLAN COMPLETO: 3/3
2026-09-13 00:40:01  PLAN COMPLETO: 3/3
2026-09-13 00:50:01  PLAN COMPLETO: 3/3
2026-09-13 01:00:01  PLAN COMPLETO: 3/3
2026-09-13 01:10:01  PLAN COMPLETO: 3/3
2026-09-13 01:20:01  PLAN COMPLETO: 3/3
2026-09-13 01:30:01  PLAN COMPLETO: 3/3
2026-09-13 01:40:01  PLAN COMPLETO: 3/3
2026-09-13 01:50:01  PLAN COMPLETO: 3/3
2026-09-13 02:00:01  PLAN COMPLETO: 3/3
2026-09-13 02:10:01  PLAN COMPLETO: 3/3
2026-09-13 02:20:01  PLAN COMPLETO: 3/3
2026-09-13 02:30:01  PLAN COMPLETO: 3/3
2026-09-13 02:40:01  PLAN COMPLETO: 3/3
2026-09-13 02:50:01  PLAN COMPLETO: 3/3
2026-09-13 03:00:01  PLAN COMPLETO: 3/3
2026-09-13 03:10:01  PLAN COMPLETO: 3/3
2026-09-13 03:20:01  PLAN COMPLETO: 3/3
2026-09-13 03:30:01  PLAN COMPLETO: 3/3
2026-09-13 03:40:01  PLAN COMPLETO: 3/3
2026-09-13 03:50:01  PLAN COMPLETO: 3/3
2026-09-13 04:00:01  PLAN COMPLETO: 3/3
2026-09-13 04:10:01  PLAN COMPLETO: 3/3
2026-09-13 04:20:01  PLAN COMPLETO: 3/3
2026-09-13 04:30:01  PLAN COMPLETO: 3/3
2026-09-13 04:40:01  PLAN COMPLETO: 3/3
2026-09-13 04:50:01  PLAN COMPLETO: 3/3
2026-09-13 05:00:01  PLAN COMPLETO: 3/3
2026-09-13 05:10:01  PLAN COMPLETO: 3/3
2026-09-13 05:20:01  PLAN COMPLETO: 3/3
2026-09-13 05:30:01  PLAN COMPLETO: 3/3
2026-09-13 05:40:01  PLAN COMPLETO: 3/3
2026-09-13 05:50:01  PLAN COMPLETO: 3/3
2026-09-13 06:00:01  PLAN COMPLETO: 3/3
2026-09-13 06:10:01  PLAN COMPLETO: 3/3
2026-09-13 06:20:01  PLAN COMPLETO: 3/3
2026-09-13 06:30:01  PLAN COMPLETO: 3/3
2026-09-13 06:40:01  PLAN COMPLETO: 3/3
2026-09-13 06:50:01  PLAN COMPLETO: 3/3
2026-09-13 07:00:01  PLAN COMPLETO: 3/3
2026-09-13 07:10:01  PLAN COMPLETO: 3/3
2026-09-13 07:20:01  PLAN COMPLETO: 3/3
2026-09-13 07:30:01  PLAN COMPLETO: 3/3
2026-09-13 07:40:01  PLAN COMPLETO: 3/3
2026-09-13 07:50:01  PLAN COMPLETO: 3/3
2026-09-13 08:00:01  PLAN COMPLETO: 3/3
2026-09-13 08:10:01  PLAN COMPLETO: 3/3
2026-09-13 08:20:01  PLAN COMPLETO: 3/3
2026-09-13 08:30:01  PLAN COMPLETO: 3/3
2026-09-13 08:40:01  PLAN COMPLETO: 3/3
2026-09-13 08:50:01  PLAN COMPLETO: 3/3
2026-09-13 09:00:01  PLAN COMPLETO: 3/3
2026-09-13 09:10:01  PLAN COMPLETO: 3/3
2026-09-13 09:20:01  PLAN COMPLETO: 3/3
2026-09-13 09:30:01  PLAN COMPLETO: 3/3
2026-09-13 09:40:01  PLAN COMPLETO: 3/3
2026-09-13 09:50:01  PLAN COMPLETO: 3/3
2026-09-13 10:00:01  PLAN COMPLETO: 3/3
2026-09-13 10:10:01  PLAN COMPLETO: 3/3
2026-09-13 10:20:01  PLAN COMPLETO: 3/3
2026-09-13 10:30:01  PLAN COMPLETO: 3/3
2026-09-13 10:40:02  PLAN COMPLETO: 3/3
2026-09-13 10:50:01  PLAN COMPLETO: 3/3
2026-09-13 11:00:01  PLAN COMPLETO: 3/3
2026-09-13 11:10:01  PLAN COMPLETO: 3/3
2026-09-13 11:20:01  PLAN COMPLETO: 3/3
2026-09-13 11:30:01  PLAN COMPLETO: 3/3
2026-09-13 11:40:01  PLAN COMPLETO: 3/3
2026-09-13 11:50:01  PLAN COMPLETO: 3/3
2026-09-13 12:00:01  PLAN COMPLETO: 3/3
2026-09-13 12:10:01  PLAN COMPLETO: 3/3
2026-09-13 12:20:01  PLAN COMPLETO: 3/3
2026-09-13 12:30:01  PLAN COMPLETO: 3/3
2026-09-13 12:40:01  PLAN COMPLETO: 3/3
2026-09-13 12:50:01  PLAN COMPLETO: 3/3
2026-09-13 13:00:01  PLAN COMPLETO: 3/3
2026-09-13 13:10:01  PLAN COMPLETO: 3/3
2026-09-13 13:20:01  PLAN COMPLETO: 3/3
2026-09-13 13:30:01  PLAN COMPLETO: 3/3
2026-09-13 13:40:01  PLAN COMPLETO: 3/3
2026-09-13 13:50:02  PLAN COMPLETO: 3/3
2026-09-13 14:00:01  PLAN COMPLETO: 3/3
2026-09-13 14:10:01  PLAN COMPLETO: 3/3
2026-09-13 14:20:01  PLAN COMPLETO: 3/3
2026-09-13 14:30:01  PLAN COMPLETO: 3/3
2026-09-13 14:40:01  PLAN COMPLETO: 3/3
2026-09-13 14:50:01  PLAN COMPLETO: 3/3
2026-09-13 15:00:01  PLAN COMPLETO: 3/3
2026-09-13 15:10:01  PLAN COMPLETO: 3/3
2026-09-13 15:20:01  PLAN COMPLETO: 3/3
2026-09-13 15:30:01  PLAN COMPLETO: 3/3
2026-09-13 15:40:01  PLAN COMPLETO: 3/3
2026-09-13 15:50:01  PLAN COMPLETO: 3/3
2026-09-13 16:00:01  PLAN COMPLETO: 3/3
2026-09-13 16:10:01  PLAN COMPLETO: 3/3
2026-09-13 16:20:01  PLAN COMPLETO: 3/3
2026-09-13 16:30:01  PLAN COMPLETO: 3/3
2026-09-13 16:40:01  PLAN COMPLETO: 3/3
2026-09-13 16:50:01  PLAN COMPLETO: 3/3
2026-09-13 17:00:01  PLAN COMPLETO: 3/3
2026-09-13 17:10:01  PLAN COMPLETO: 3/3
2026-09-13 17:20:01  PLAN COMPLETO: 3/3
2026-09-13 17:30:01  PLAN COMPLETO: 3/3
2026-09-13 17:40:01  PLAN COMPLETO: 3/3
2026-09-13 17:50:01  PLAN COMPLETO: 3/3
2026-09-13 18:00:01  PLAN COMPLETO: 3/3
2026-09-13 18:10:01  PLAN COMPLETO: 3/3
2026-09-13 18:20:01  PLAN COMPLETO: 3/3
2026-09-13 18:30:01  PLAN COMPLETO: 3/3
2026-09-13 18:40:01  PLAN COMPLETO: 3/3
2026-09-13 18:50:01  PLAN COMPLETO: 3/3
2026-09-13 19:00:01  PLAN COMPLETO: 3/3
2026-09-13 19:10:01  PLAN COMPLETO: 3/3
2026-09-13 19:20:01  PLAN COMPLETO: 3/3
2026-09-13 19:30:01  PLAN COMPLETO: 3/3
2026-09-13 19:40:01  PLAN COMPLETO: 3/3
2026-09-13 19:50:01  PLAN COMPLETO: 3/3
2026-09-13 20:00:01  PLAN COMPLETO: 3/3
2026-09-13 20:10:01  PLAN COMPLETO: 3/3
2026-09-13 20:20:01  PLAN COMPLETO: 3/3
2026-09-13 20:30:02  PLAN COMPLETO: 3/3
2026-09-13 20:40:01  PLAN COMPLETO: 3/3
2026-09-13 20:50:01  PLAN COMPLETO: 3/3
2026-09-13 21:00:01  PLAN COMPLETO: 3/3
2026-09-14 03:02:42  PLAN COMPLETO: 2/2
2026-09-14 03:10:01  PLAN COMPLETO: 2/2
2026-09-14 03:20:01  PLAN COMPLETO: 2/2
2026-09-14 03:30:01  PLAN COMPLETO: 2/2
2026-09-14 03:40:01  PLAN COMPLETO: 2/2
2026-09-14 03:50:01  PLAN COMPLETO: 2/2
2026-09-14 04:00:01  PLAN COMPLETO: 2/2
2026-09-14 04:10:01  PLAN COMPLETO: 2/2
2026-09-14 04:20:01  PLAN COMPLETO: 2/2
2026-09-14 04:30:01  PLAN COMPLETO: 2/2
2026-09-14 04:40:01  PLAN COMPLETO: 2/2
2026-09-14 04:50:01  PLAN COMPLETO: 2/2
2026-09-14 05:00:01  PLAN COMPLETO: 2/2
2026-09-14 05:10:01  PLAN COMPLETO: 2/2
2026-09-14 05:20:01  PLAN COMPLETO: 2/2
2026-09-14 05:30:01  PLAN COMPLETO: 2/2
2026-09-14 05:40:01  PLAN COMPLETO: 2/2
2026-09-14 05:50:01  PLAN COMPLETO: 2/2
2026-09-14 06:00:01  PLAN COMPLETO: 2/2
2026-09-14 06:10:01  PLAN COMPLETO: 2/2
2026-09-14 06:20:01  PLAN COMPLETO: 2/2
2026-09-14 06:30:01  PLAN COMPLETO: 2/2
2026-09-14 06:40:01  PLAN COMPLETO: 2/2
2026-09-14 06:50:01  PLAN COMPLETO: 2/2
2026-09-14 07:00:01  PLAN COMPLETO: 2/2
2026-09-14 07:10:01  PLAN COMPLETO: 2/2
2026-09-14 07:20:01  PLAN COMPLETO: 2/2
2026-09-14 07:30:01  PLAN COMPLETO: 2/2
2026-09-14 07:40:01  PLAN COMPLETO: 2/2
2026-09-14 07:50:01  PLAN COMPLETO: 2/2
2026-09-14 08:00:01  PLAN COMPLETO: 2/2
2026-09-14 08:10:01  PLAN COMPLETO: 2/2
2026-09-14 08:20:01  PLAN COMPLETO: 2/2
2026-09-14 08:30:01  PLAN COMPLETO: 2/2
2026-09-14 08:40:01  PLAN COMPLETO: 2/2
2026-09-14 08:50:01  PLAN COMPLETO: 2/2
2026-09-14 09:00:01  PLAN COMPLETO: 2/2
2026-09-14 09:10:01  PLAN COMPLETO: 2/2
2026-09-14 09:20:01  PLAN COMPLETO: 2/2
2026-09-14 09:30:01  PLAN COMPLETO: 2/2
2026-09-14 09:40:01  PLAN COMPLETO: 2/2
2026-09-14 09:50:01  PLAN COMPLETO: 2/2
2026-09-14 10:00:01  PLAN COMPLETO: 2/2
2026-09-14 10:10:01  PLAN COMPLETO: 2/2
2026-09-14 10:20:01  PLAN COMPLETO: 2/2
2026-09-14 10:30:01  PLAN COMPLETO: 2/2
2026-09-14 10:40:01  PLAN COMPLETO: 2/2
2026-09-14 10:50:01  PLAN COMPLETO: 2/2
2026-09-14 11:00:01  PLAN COMPLETO: 2/2
2026-09-14 14:26:13  PLAN COMPLETO: 2/2
2026-09-14 14:30:01  PLAN COMPLETO: 2/2
2026-09-14 14:40:01  PLAN COMPLETO: 2/2
2026-09-14 14:50:01  PLAN COMPLETO: 2/2
2026-09-14 15:00:01  PLAN COMPLETO: 2/2
2026-09-14 15:10:01  PLAN COMPLETO: 2/2
2026-09-14 15:20:01  PLAN COMPLETO: 2/2
2026-09-14 15:30:01  PLAN COMPLETO: 2/2
2026-09-14 15:40:01  PLAN COMPLETO: 2/2
2026-09-14 15:50:01  PLAN COMPLETO: 2/2
2026-09-14 16:00:01  PLAN COMPLETO: 2/2
2026-09-14 16:10:01  PLAN COMPLETO: 2/2
2026-09-14 16:20:01  PLAN COMPLETO: 2/2
2026-09-14 16:30:01  PLAN COMPLETO: 2/2
2026-09-14 16:40:01  PLAN COMPLETO: 2/2
2026-09-14 16:50:01  PLAN COMPLETO: 2/2
2026-09-14 17:00:01  PLAN COMPLETO: 2/2
2026-09-14 17:10:01  PLAN COMPLETO: 2/2
2026-09-14 17:20:01  PLAN COMPLETO: 2/2
2026-09-14 17:30:01  PLAN COMPLETO: 2/2
2026-09-14 17:40:01  PLAN COMPLETO: 2/2
2026-09-14 17:50:01  PLAN COMPLETO: 2/2
2026-09-14 18:00:01  PLAN COMPLETO: 2/2
2026-09-14 18:10:01  PLAN COMPLETO: 2/2
2026-09-14 18:20:01  PLAN COMPLETO: 2/2
2026-09-14 18:30:01  PLAN COMPLETO: 2/2
2026-09-14 18:40:01  PLAN COMPLETO: 2/2
2026-09-14 18:50:01  PLAN COMPLETO: 2/2
2026-09-14 19:00:01  PLAN COMPLETO: 2/2
2026-09-14 19:10:01  PLAN COMPLETO: 2/2
2026-09-14 19:20:01  PLAN COMPLETO: 2/2
2026-09-14 19:30:01  PLAN COMPLETO: 2/2
2026-09-14 19:40:01  PLAN COMPLETO: 2/2
2026-09-14 19:50:01  PLAN COMPLETO: 2/2
2026-09-14 20:00:01  PLAN COMPLETO: 2/2
2026-09-14 20:10:01  PLAN COMPLETO: 2/2
2026-09-14 20:20:01  PLAN COMPLETO: 2/2
2026-09-14 20:30:01  PLAN COMPLETO: 2/2
2026-09-14 20:40:01  PLAN COMPLETO: 2/2
2026-09-14 20:50:01  PLAN COMPLETO: 2/2
2026-09-14 21:00:01  PLAN COMPLETO: 2/2
2026-09-14 21:10:01  PLAN COMPLETO: 2/2
2026-09-14 21:20:01  PLAN COMPLETO: 2/2
2026-09-14 21:30:01  PLAN COMPLETO: 2/2
2026-09-14 21:40:01  PLAN COMPLETO: 2/2
2026-09-14 21:50:01  PLAN COMPLETO: 2/2
2026-09-14 22:00:01  PLAN COMPLETO: 2/2
2026-09-14 22:10:02  PLAN COMPLETO: 2/2
2026-09-14 22:20:01  PLAN COMPLETO: 2/2
2026-09-14 22:30:01  PLAN COMPLETO: 2/2
2026-09-14 22:40:01  PLAN COMPLETO: 2/2
2026-09-14 22:50:01  PLAN COMPLETO: 2/2
2026-09-14 23:00:02  PLAN COMPLETO: 2/2
2026-09-14 23:10:01  PLAN COMPLETO: 2/2
2026-09-14 23:20:01  PLAN COMPLETO: 2/2
2026-09-14 23:30:01  PLAN COMPLETO: 2/2
2026-09-14 23:40:02  PLAN COMPLETO: 2/2
2026-09-14 23:50:01  PLAN COMPLETO: 2/2
2026-09-15 00:00:01  PLAN COMPLETO: 2/2
2026-09-15 00:10:01  PLAN COMPLETO: 2/2
2026-09-15 00:20:01  PLAN COMPLETO: 2/2
2026-09-15 00:30:01  PLAN COMPLETO: 2/2
2026-09-15 00:40:01  PLAN COMPLETO: 2/2
2026-09-15 00:50:01  PLAN COMPLETO: 2/2
2026-09-15 01:00:01  PLAN COMPLETO: 2/2
2026-09-15 01:10:01  PLAN COMPLETO: 2/2
2026-09-15 01:20:01  PLAN COMPLETO: 2/2
2026-09-15 01:30:01  PLAN COMPLETO: 2/2
2026-09-15 01:40:01  PLAN COMPLETO: 2/2
2026-09-15 01:50:01  PLAN COMPLETO: 2/2
2026-09-15 02:00:01  PLAN COMPLETO: 2/2
2026-09-15 02:10:01  PLAN COMPLETO: 2/2
2026-09-15 02:20:01  PLAN COMPLETO: 2/2
2026-09-15 02:30:01  PLAN COMPLETO: 2/2
2026-09-15 02:40:01  PLAN COMPLETO: 2/2
2026-09-15 02:50:01  PLAN COMPLETO: 2/2
2026-09-15 03:00:01  PLAN COMPLETO: 2/2
2026-09-15 03:10:01  PLAN COMPLETO: 2/2
2026-09-15 03:20:01  PLAN COMPLETO: 2/2
2026-09-15 03:30:01  PLAN COMPLETO: 2/2
2026-09-15 03:40:01  PLAN COMPLETO: 2/2
2026-09-15 03:50:01  PLAN COMPLETO: 2/2
2026-09-15 04:00:01  PLAN COMPLETO: 2/2
2026-09-15 04:10:01  PLAN COMPLETO: 2/2
2026-09-15 04:20:01  PLAN COMPLETO: 2/2
2026-09-15 04:30:01  PLAN COMPLETO: 2/2
2026-09-15 04:40:01  PLAN COMPLETO: 2/2
2026-09-15 04:50:01  PLAN COMPLETO: 2/2
2026-09-15 05:00:01  PLAN COMPLETO: 2/2
2026-09-15 05:10:02  PLAN COMPLETO: 2/2
2026-09-15 05:20:01  PLAN COMPLETO: 2/2
2026-09-15 05:30:01  PLAN COMPLETO: 2/2
2026-09-15 05:40:01  PLAN COMPLETO: 2/2
2026-09-15 05:50:01  PLAN COMPLETO: 2/2
2026-09-15 06:00:01  PLAN COMPLETO: 2/2
2026-09-15 06:10:01  PLAN COMPLETO: 2/2
2026-09-15 06:20:01  PLAN COMPLETO: 2/2
2026-09-15 06:30:01  PLAN COMPLETO: 2/2
2026-09-15 06:40:01  PLAN COMPLETO: 2/2
2026-09-15 06:50:01  PLAN COMPLETO: 2/2
2026-09-15 07:00:01  PLAN COMPLETO: 2/2
2026-09-15 07:10:01  PLAN COMPLETO: 2/2
2026-09-15 07:20:01  PLAN COMPLETO: 2/2
2026-09-15 07:30:01  PLAN COMPLETO: 2/2
2026-09-15 07:40:01  PLAN COMPLETO: 2/2
2026-09-15 07:50:01  PLAN COMPLETO: 2/2
2026-09-15 08:00:01  PLAN COMPLETO: 2/2
2026-09-15 08:10:01  PLAN COMPLETO: 2/2
2026-09-15 08:20:01  PLAN COMPLETO: 2/2
2026-09-15 08:30:01  PLAN COMPLETO: 2/2
2026-09-15 08:40:01  PLAN COMPLETO: 2/2
2026-09-15 08:50:01  PLAN COMPLETO: 2/2
2026-09-15 09:00:01  PLAN COMPLETO: 2/2
2026-09-15 09:10:01  PLAN COMPLETO: 2/2
2026-09-15 09:20:01  PLAN COMPLETO: 2/2
2026-09-15 09:30:01  PLAN COMPLETO: 2/2
2026-09-15 09:40:01  PLAN COMPLETO: 2/2
2026-09-15 09:50:01  PLAN COMPLETO: 2/2
2026-09-15 10:00:01  PLAN COMPLETO: 2/2
2026-09-15 10:10:01  PLAN COMPLETO: 2/2
2026-09-15 10:20:01  PLAN COMPLETO: 2/2
2026-09-15 10:30:01  PLAN COMPLETO: 2/2
2026-09-15 10:40:01  PLAN COMPLETO: 2/2
2026-09-15 10:50:01  PLAN COMPLETO: 2/2
2026-09-15 11:00:01  PLAN COMPLETO: 2/2
2026-09-15 11:10:01  PLAN COMPLETO: 2/2
2026-09-15 11:20:01  PLAN COMPLETO: 2/2
2026-09-15 11:30:01  PLAN COMPLETO: 2/2
2026-09-15 11:40:01  PLAN COMPLETO: 2/2
2026-09-15 11:50:01  PLAN COMPLETO: 2/2
2026-09-15 12:00:01  PLAN COMPLETO: 2/2
2026-09-15 12:10:01  PLAN COMPLETO: 2/2
2026-09-15 12:20:01  PLAN COMPLETO: 2/2
2026-09-15 12:30:01  PLAN COMPLETO: 2/2
2026-09-15 12:40:01  PLAN COMPLETO: 2/2
2026-09-15 12:50:01  PLAN COMPLETO: 2/2
2026-09-15 13:00:01  PLAN COMPLETO: 2/2
2026-09-15 13:10:01  PLAN COMPLETO: 2/2
2026-09-15 13:20:01  PLAN COMPLETO: 2/2
2026-09-15 13:30:01  PLAN COMPLETO: 2/2
2026-09-15 13:40:01  PLAN COMPLETO: 2/2
2026-09-15 13:50:01  PLAN COMPLETO: 2/2
2026-09-15 14:00:01  PLAN COMPLETO: 2/2
2026-09-15 14:10:01  PLAN COMPLETO: 2/2
2026-09-15 14:20:01  PLAN COMPLETO: 2/2
2026-09-15 14:30:01  PLAN COMPLETO: 2/2
2026-09-15 14:40:01  PLAN COMPLETO: 2/2
2026-09-15 14:50:01  PLAN COMPLETO: 2/2
2026-09-15 15:00:01  PLAN COMPLETO: 2/2
2026-09-15 15:10:01  PLAN COMPLETO: 2/2
2026-09-15 15:20:01  PLAN COMPLETO: 2/2
2026-09-15 15:30:01  PLAN COMPLETO: 2/2
2026-09-15 15:40:01  PLAN COMPLETO: 2/2
2026-09-15 15:50:01  PLAN COMPLETO: 2/2
2026-09-15 16:00:01  PLAN COMPLETO: 2/2
2026-09-15 16:10:02  PLAN COMPLETO: 2/2
2026-09-15 16:20:01  PLAN COMPLETO: 2/2
2026-09-15 16:30:01  PLAN COMPLETO: 2/2
2026-09-15 16:40:01  PLAN COMPLETO: 2/2
2026-09-15 16:50:01  PLAN COMPLETO: 2/2
2026-09-15 17:00:01  PLAN COMPLETO: 2/2
2026-09-15 17:10:01  PLAN COMPLETO: 2/2
2026-09-15 17:20:01  PLAN COMPLETO: 2/2
2026-09-15 17:30:01  PLAN COMPLETO: 2/2
2026-09-15 17:40:01  PLAN COMPLETO: 2/2
2026-09-15 17:50:01  PLAN COMPLETO: 2/2
2026-09-15 18:00:01  PLAN COMPLETO: 2/2
2026-09-15 18:10:01  PLAN COMPLETO: 2/2
2026-09-15 18:20:01  PLAN COMPLETO: 2/2
2026-09-15 18:30:01  PLAN COMPLETO: 2/2
2026-09-15 18:40:01  PLAN COMPLETO: 2/2
2026-09-15 18:50:01  PLAN COMPLETO: 2/2
2026-09-15 19:00:02  PLAN COMPLETO: 2/2
2026-09-15 19:10:01  PLAN COMPLETO: 2/2
2026-09-15 19:20:01  PLAN COMPLETO: 2/2
2026-09-15 19:30:01  PLAN COMPLETO: 2/2
2026-09-15 19:40:01  PLAN COMPLETO: 2/2
2026-09-15 19:50:01  PLAN COMPLETO: 2/2
2026-09-15 20:00:01  PLAN COMPLETO: 2/2
2026-09-15 20:10:01  PLAN COMPLETO: 2/2
2026-09-15 20:20:01  PLAN COMPLETO: 2/2
2026-09-15 20:30:01  PLAN COMPLETO: 2/2
2026-09-15 20:40:01  PLAN COMPLETO: 2/2
2026-09-15 20:50:01  PLAN COMPLETO: 2/2
2026-09-15 21:00:01  PLAN COMPLETO: 2/2
2026-09-15 21:10:01  PLAN COMPLETO: 2/2
2026-09-15 21:20:01  PLAN COMPLETO: 2/2
2026-09-15 21:30:01  PLAN COMPLETO: 2/2
2026-09-15 21:40:01  PLAN COMPLETO: 2/2
2026-09-15 21:50:01  PLAN COMPLETO: 2/2
2026-09-15 22:00:01  PLAN COMPLETO: 2/2
2026-09-15 22:10:01  PLAN COMPLETO: 2/2
2026-09-15 22:20:01  PLAN COMPLETO: 2/2
2026-09-15 22:30:01  PLAN COMPLETO: 2/2
2026-09-15 22:40:01  PLAN COMPLETO: 2/2
2026-09-15 22:50:01  PLAN COMPLETO: 2/2
2026-09-15 23:00:01  PLAN COMPLETO: 2/2
2026-09-15 23:10:01  PLAN COMPLETO: 2/2
2026-09-15 23:20:01  PLAN COMPLETO: 2/2
2026-09-15 23:30:01  PLAN COMPLETO: 2/2
2026-09-15 23:40:01  PLAN COMPLETO: 2/2
2026-09-15 23:50:01  PLAN COMPLETO: 2/2
2026-09-16 00:00:01  PLAN COMPLETO: 2/2
2026-09-16 00:10:01  PLAN COMPLETO: 2/2
2026-09-16 00:20:01  PLAN COMPLETO: 2/2
2026-09-16 00:30:01  PLAN COMPLETO: 2/2
2026-09-16 00:40:01  PLAN COMPLETO: 2/2
2026-09-16 00:50:01  PLAN COMPLETO: 2/2
2026-09-16 01:00:01  PLAN COMPLETO: 2/2
2026-09-16 01:10:01  PLAN COMPLETO: 2/2
2026-09-16 01:20:01  PLAN COMPLETO: 2/2
2026-09-16 01:30:01  PLAN COMPLETO: 2/2
2026-09-16 01:40:01  PLAN COMPLETO: 2/2
2026-09-16 01:50:01  PLAN COMPLETO: 2/2
2026-09-16 02:00:01  PLAN COMPLETO: 2/2
2026-09-16 02:10:01  PLAN COMPLETO: 2/2
2026-09-16 02:20:01  PLAN COMPLETO: 2/2
2026-09-16 02:30:01  PLAN COMPLETO: 2/2
2026-09-16 02:40:01  PLAN COMPLETO: 2/2
2026-09-16 02:50:01  PLAN COMPLETO: 2/2
2026-09-16 03:00:01  PLAN COMPLETO: 2/2
2026-09-16 03:10:01  PLAN COMPLETO: 2/2
2026-09-16 03:20:01  PLAN COMPLETO: 2/2
2026-09-16 03:30:01  PLAN COMPLETO: 2/2
2026-09-16 03:40:01  PLAN COMPLETO: 2/2
2026-09-16 03:50:01  PLAN COMPLETO: 2/2
2026-09-16 04:00:01  PLAN COMPLETO: 2/2
2026-09-16 04:10:01  PLAN COMPLETO: 2/2
2026-09-16 04:20:01  PLAN COMPLETO: 2/2
2026-09-16 04:30:01  PLAN COMPLETO: 2/2
2026-09-16 04:40:01  PLAN COMPLETO: 2/2
2026-09-16 04:50:01  PLAN COMPLETO: 2/2
2026-09-16 05:00:01  PLAN COMPLETO: 2/2
2026-09-16 05:10:01  PLAN COMPLETO: 2/2
2026-09-16 05:20:01  PLAN COMPLETO: 2/2
2026-09-16 05:30:01  PLAN COMPLETO: 2/2
2026-09-16 05:40:01  PLAN COMPLETO: 2/2
2026-09-16 05:50:01  PLAN COMPLETO: 2/2
2026-09-16 06:00:01  PLAN COMPLETO: 2/2
2026-09-16 06:10:01  PLAN COMPLETO: 2/2
2026-09-16 06:20:01  PLAN COMPLETO: 2/2
2026-09-16 06:30:01  PLAN COMPLETO: 2/2
2026-09-16 06:40:01  PLAN COMPLETO: 2/2
2026-09-16 06:50:01  PLAN COMPLETO: 2/2
2026-09-16 07:00:01  PLAN COMPLETO: 2/2
2026-09-16 07:10:01  PLAN COMPLETO: 2/2
2026-09-16 07:20:01  PLAN COMPLETO: 2/2
2026-09-16 07:30:01  PLAN COMPLETO: 2/2
2026-09-16 07:40:01  PLAN COMPLETO: 2/2
2026-09-16 07:50:01  PLAN COMPLETO: 2/2
2026-09-16 08:00:01  PLAN COMPLETO: 2/2
2026-09-16 08:10:01  PLAN COMPLETO: 2/2
2026-09-16 08:20:01  PLAN COMPLETO: 2/2
2026-09-16 08:30:01  PLAN COMPLETO: 2/2
2026-09-16 08:40:01  PLAN COMPLETO: 2/2
2026-09-16 08:50:01  PLAN COMPLETO: 2/2
2026-09-16 09:00:01  PLAN COMPLETO: 2/2
2026-09-16 09:10:01  PLAN COMPLETO: 2/2
2026-09-16 09:20:01  PLAN COMPLETO: 2/2
2026-09-16 09:30:01  PLAN COMPLETO: 2/2
2026-09-16 09:40:01  PLAN COMPLETO: 2/2
2026-09-16 09:50:01  PLAN COMPLETO: 2/2
2026-09-16 10:00:01  PLAN COMPLETO: 2/2
2026-09-16 10:10:01  PLAN COMPLETO: 2/2
2026-09-16 10:20:01  PLAN COMPLETO: 2/2
2026-09-16 10:30:01  PLAN COMPLETO: 2/2
2026-09-16 10:40:01  PLAN COMPLETO: 2/2
2026-09-16 10:50:02  PLAN COMPLETO: 2/2
2026-09-16 11:00:01  PLAN COMPLETO: 2/2
2026-09-16 11:10:01  PLAN COMPLETO: 2/2
2026-09-16 11:20:01  PLAN COMPLETO: 2/2
2026-09-16 11:30:01  PLAN COMPLETO: 2/2
2026-09-16 11:40:01  PLAN COMPLETO: 2/2
2026-09-16 11:50:01  PLAN COMPLETO: 2/2
2026-09-16 12:00:01  PLAN COMPLETO: 2/2
2026-09-16 12:10:01  PLAN COMPLETO: 2/2
2026-09-16 12:20:01  PLAN COMPLETO: 2/2
2026-09-16 12:30:01  PLAN COMPLETO: 2/2
2026-09-16 12:40:01  PLAN COMPLETO: 2/2
2026-09-16 12:50:01  PLAN COMPLETO: 2/2
2026-09-16 13:00:01  PLAN COMPLETO: 2/2
2026-09-16 13:10:01  PLAN COMPLETO: 2/2
2026-09-16 13:20:01  PLAN COMPLETO: 2/2
2026-09-16 13:30:01  PLAN COMPLETO: 2/2
2026-09-16 13:40:01  PLAN COMPLETO: 2/2
2026-09-16 13:50:01  PLAN COMPLETO: 2/2
2026-09-16 14:00:01  PLAN COMPLETO: 2/2
2026-09-16 14:10:01  PLAN COMPLETO: 2/2
2026-09-16 14:20:01  PLAN COMPLETO: 2/2
2026-09-16 14:30:01  PLAN COMPLETO: 2/2
2026-09-16 14:40:01  PLAN COMPLETO: 2/2
2026-09-16 14:50:01  PLAN COMPLETO: 2/2
2026-09-16 15:00:01  PLAN COMPLETO: 2/2
2026-09-16 15:10:01  PLAN COMPLETO: 2/2
2026-09-16 15:20:01  PLAN COMPLETO: 2/2
2026-09-16 15:30:01  PLAN COMPLETO: 2/2
2026-09-16 15:40:01  PLAN COMPLETO: 2/2
2026-09-16 15:50:01  PLAN COMPLETO: 2/2
2026-09-16 16:00:01  PLAN COMPLETO: 2/2
2026-09-16 16:10:01  PLAN COMPLETO: 2/2
2026-09-16 16:20:01  PLAN COMPLETO: 2/2
2026-09-16 16:30:01  PLAN COMPLETO: 2/2
2026-09-16 16:40:01  PLAN COMPLETO: 2/2
2026-09-16 16:50:01  PLAN COMPLETO: 2/2
2026-09-16 17:00:01  PLAN COMPLETO: 2/2
2026-09-16 17:10:01  PLAN COMPLETO: 2/2
2026-09-16 17:20:01  PLAN COMPLETO: 2/2
2026-09-16 17:30:01  PLAN COMPLETO: 2/2
2026-09-16 17:40:01  PLAN COMPLETO: 2/2
2026-09-16 17:50:01  PLAN COMPLETO: 2/2
2026-09-16 18:00:01  PLAN COMPLETO: 2/2
2026-09-16 18:10:01  PLAN COMPLETO: 2/2
2026-09-16 18:20:01  PLAN COMPLETO: 2/2
2026-09-16 18:30:01  PLAN COMPLETO: 2/2
2026-09-16 18:40:01  PLAN COMPLETO: 2/2
2026-09-16 18:50:01  PLAN COMPLETO: 2/2
2026-09-16 19:00:01  PLAN COMPLETO: 2/2
2026-09-16 19:10:01  PLAN COMPLETO: 2/2
2026-09-16 19:20:01  PLAN COMPLETO: 2/2
2026-09-16 19:30:01  PLAN COMPLETO: 2/2
2026-09-16 19:40:01  PLAN COMPLETO: 2/2
2026-09-16 19:50:01  PLAN COMPLETO: 2/2
2026-09-16 20:00:01  PLAN COMPLETO: 2/2
2026-09-16 20:10:01  PLAN COMPLETO: 2/2
2026-09-16 20:20:01  PLAN COMPLETO: 2/2
2026-09-16 20:30:01  PLAN COMPLETO: 2/2
2026-09-16 20:40:01  PLAN COMPLETO: 2/2
2026-09-16 20:50:01  PLAN COMPLETO: 2/2
2026-09-16 21:00:01  PLAN COMPLETO: 2/2
2026-09-16 21:10:01  PLAN COMPLETO: 2/2
2026-09-16 21:20:01  PLAN COMPLETO: 2/2
2026-09-16 21:30:01  PLAN COMPLETO: 2/2
2026-09-16 21:40:01  PLAN COMPLETO: 2/2
2026-09-16 21:50:01  PLAN COMPLETO: 2/2
2026-09-16 22:00:01  PLAN COMPLETO: 2/2
2026-09-16 22:10:01  PLAN COMPLETO: 2/2
2026-09-16 22:20:01  PLAN COMPLETO: 2/2
2026-09-16 22:30:01  PLAN COMPLETO: 2/2
2026-09-16 22:40:01  PLAN COMPLETO: 2/2
2026-09-16 22:50:01  PLAN COMPLETO: 2/2
2026-09-16 23:00:01  PLAN COMPLETO: 2/2
2026-09-16 23:10:01  PLAN COMPLETO: 2/2
2026-09-16 23:20:01  PLAN COMPLETO: 2/2
2026-09-16 23:30:01  PLAN COMPLETO: 2/2
2026-09-16 23:40:01  PLAN COMPLETO: 2/2
2026-09-16 23:50:01  PLAN COMPLETO: 2/2
2026-09-17 00:00:01  PLAN COMPLETO: 2/2
2026-09-17 00:10:01  PLAN COMPLETO: 2/2
2026-09-17 00:20:01  PLAN COMPLETO: 2/2
2026-09-17 00:30:01  PLAN COMPLETO: 2/2
2026-09-17 00:40:01  PLAN COMPLETO: 2/2
2026-09-17 00:50:01  PLAN COMPLETO: 2/2
2026-09-17 01:00:01  PLAN COMPLETO: 2/2
2026-09-17 01:10:01  PLAN COMPLETO: 2/2
2026-09-17 01:20:01  PLAN COMPLETO: 2/2
2026-09-17 01:30:01  PLAN COMPLETO: 2/2
2026-09-17 01:40:01  PLAN COMPLETO: 2/2
2026-09-17 01:50:01  PLAN COMPLETO: 2/2
2026-09-17 02:00:01  PLAN COMPLETO: 2/2
2026-09-17 02:10:01  PLAN COMPLETO: 2/2
2026-09-17 02:20:01  PLAN COMPLETO: 2/2
2026-09-17 02:30:01  PLAN COMPLETO: 2/2
2026-09-17 02:40:01  PLAN COMPLETO: 2/2
2026-09-17 02:50:01  PLAN COMPLETO: 2/2
2026-09-17 03:00:01  PLAN COMPLETO: 2/2
2026-09-17 03:10:01  PLAN COMPLETO: 2/2
2026-09-17 03:20:01  PLAN COMPLETO: 2/2
2026-09-17 03:30:01  PLAN COMPLETO: 2/2
2026-09-17 03:40:01  PLAN COMPLETO: 2/2
2026-09-17 03:50:01  PLAN COMPLETO: 2/2
2026-09-17 04:00:01  PLAN COMPLETO: 2/2
2026-09-17 04:10:01  PLAN COMPLETO: 2/2
2026-09-17 04:20:01  PLAN COMPLETO: 2/2
2026-09-17 04:30:01  PLAN COMPLETO: 2/2
2026-09-17 04:40:01  PLAN COMPLETO: 2/2
2026-09-17 04:50:01  PLAN COMPLETO: 2/2
2026-09-17 05:00:01  PLAN COMPLETO: 2/2
2026-09-17 05:10:01  PLAN COMPLETO: 2/2
2026-09-17 05:20:01  PLAN COMPLETO: 2/2
2026-09-17 05:30:01  PLAN COMPLETO: 2/2
2026-09-17 05:40:01  PLAN COMPLETO: 2/2
2026-09-17 05:50:01  PLAN COMPLETO: 2/2
2026-09-17 06:00:01  PLAN COMPLETO: 2/2
2026-09-17 06:10:01  PLAN COMPLETO: 2/2
2026-09-17 06:20:01  PLAN COMPLETO: 2/2
2026-09-17 06:30:01  PLAN COMPLETO: 2/2
2026-09-17 06:40:01  PLAN COMPLETO: 2/2
2026-09-17 06:50:01  PLAN COMPLETO: 2/2
2026-09-17 07:00:01  PLAN COMPLETO: 2/2
2026-09-17 07:10:01  PLAN COMPLETO: 2/2
2026-09-17 07:20:01  PLAN COMPLETO: 2/2
2026-09-17 07:30:01  PLAN COMPLETO: 2/2
2026-09-17 07:40:01  PLAN COMPLETO: 2/2
2026-09-17 07:50:01  PLAN COMPLETO: 2/2
2026-09-17 08:00:01  PLAN COMPLETO: 2/2
2026-09-17 08:10:01  PLAN COMPLETO: 2/2
2026-09-17 08:20:01  PLAN COMPLETO: 2/2
2026-09-17 08:30:01  PLAN COMPLETO: 2/2
2026-09-17 08:40:01  PLAN COMPLETO: 2/2
2026-09-17 08:50:01  PLAN COMPLETO: 2/2
2026-09-17 09:00:01  PLAN COMPLETO: 2/2
2026-09-17 09:10:01  PLAN COMPLETO: 2/2
2026-09-17 09:20:01  PLAN COMPLETO: 2/2
2026-09-17 09:30:01  PLAN COMPLETO: 2/2
2026-09-17 09:40:01  PLAN COMPLETO: 2/2
2026-09-17 09:50:01  PLAN COMPLETO: 2/2
2026-09-17 10:00:01  PLAN COMPLETO: 2/2
2026-09-17 10:10:01  PLAN COMPLETO: 2/2
2026-09-17 10:20:01  PLAN COMPLETO: 2/2
2026-09-17 10:30:01  PLAN COMPLETO: 2/2
2026-09-17 10:40:01  PLAN COMPLETO: 2/2
2026-09-17 10:50:01  PLAN COMPLETO: 2/2
2026-09-17 11:00:01  PLAN COMPLETO: 2/2
2026-09-17 11:10:01  PLAN COMPLETO: 2/2
2026-09-17 11:20:01  PLAN COMPLETO: 2/2
2026-09-17 11:30:01  PLAN COMPLETO: 2/2
2026-09-17 11:40:01  PLAN COMPLETO: 2/2
2026-09-17 11:50:01  PLAN COMPLETO: 2/2
2026-09-17 12:00:01  PLAN COMPLETO: 2/2
2026-09-17 12:10:01  PLAN COMPLETO: 2/2
2026-09-17 12:20:01  PLAN COMPLETO: 2/2
2026-09-17 12:30:01  PLAN COMPLETO: 2/2
2026-09-17 12:40:01  PLAN COMPLETO: 2/2
2026-09-17 12:50:01  PLAN COMPLETO: 2/2
2026-09-17 16:30:29  PLAN COMPLETO: 4/4
2026-09-17 16:40:01  PLAN COMPLETO: 4/4
2026-09-17 16:50:01  PLAN COMPLETO: 4/4
2026-09-17 17:00:01  PLAN COMPLETO: 4/4
2026-09-17 20:39:39  PLAN COMPLETO: 6/6
2026-09-17 20:40:01  PLAN COMPLETO: 6/6
2026-09-17 20:50:01  PLAN COMPLETO: 6/6
2026-09-17 21:00:01  PLAN COMPLETO: 6/6
2026-09-17 21:10:01  PLAN COMPLETO: 6/6
2026-09-17 21:20:01  PLAN COMPLETO: 6/6
2026-09-17 21:30:01  PLAN COMPLETO: 6/6
2026-09-17 21:40:01  PLAN COMPLETO: 6/6
2026-09-17 21:50:01  PLAN COMPLETO: 6/6
2026-09-17 22:00:01  PLAN COMPLETO: 6/6
2026-09-17 22:10:01  PLAN COMPLETO: 6/6
2026-09-17 22:20:01  PLAN COMPLETO: 6/6
2026-09-17 22:30:01  PLAN COMPLETO: 6/6
2026-09-17 22:40:01  PLAN COMPLETO: 6/6
2026-09-17 22:50:01  PLAN COMPLETO: 6/6
2026-09-17 23:00:01  PLAN COMPLETO: 6/6
2026-09-17 23:10:01  PLAN COMPLETO: 6/6
2026-09-17 23:20:01  PLAN COMPLETO: 6/6
2026-09-17 23:30:01  PLAN COMPLETO: 6/6
2026-09-17 23:40:01  PLAN COMPLETO: 6/6
2026-09-17 23:50:01  PLAN COMPLETO: 6/6
2026-09-18 00:00:01  PLAN COMPLETO: 6/6
2026-09-18 00:10:01  PLAN COMPLETO: 6/6
2026-09-18 00:20:01  PLAN COMPLETO: 6/6
2026-09-18 00:30:01  PLAN COMPLETO: 6/6
2026-09-18 00:40:01  PLAN COMPLETO: 6/6
2026-09-18 00:50:01  PLAN COMPLETO: 6/6
2026-09-18 01:00:01  PLAN COMPLETO: 6/6
2026-09-18 01:10:01  PLAN COMPLETO: 6/6
2026-09-18 01:20:01  PLAN COMPLETO: 6/6
2026-09-18 01:30:01  PLAN COMPLETO: 6/6
2026-09-18 01:40:01  PLAN COMPLETO: 6/6
2026-09-18 01:50:01  PLAN COMPLETO: 6/6
2026-09-18 02:00:01  PLAN COMPLETO: 6/6
2026-09-18 02:10:01  PLAN COMPLETO: 6/6
2026-09-18 02:20:01  PLAN COMPLETO: 6/6
2026-09-18 02:30:01  PLAN COMPLETO: 6/6
2026-09-18 02:40:01  PLAN COMPLETO: 6/6
2026-09-18 02:50:01  PLAN COMPLETO: 6/6
2026-09-18 03:00:01  PLAN COMPLETO: 6/6
2026-09-18 03:10:01  PLAN COMPLETO: 6/6
2026-09-18 03:20:01  PLAN COMPLETO: 6/6
2026-09-18 03:30:01  PLAN COMPLETO: 6/6
2026-09-18 03:40:01  PLAN COMPLETO: 6/6
2026-09-18 03:50:01  PLAN COMPLETO: 6/6
2026-09-18 04:00:01  PLAN COMPLETO: 6/6
2026-09-18 04:10:01  PLAN COMPLETO: 6/6
2026-09-18 04:20:01  PLAN COMPLETO: 6/6
2026-09-18 04:30:01  PLAN COMPLETO: 6/6
2026-09-18 04:40:01  PLAN COMPLETO: 6/6
2026-09-18 04:50:01  PLAN COMPLETO: 6/6
2026-09-18 05:00:01  PLAN COMPLETO: 6/6
2026-09-18 05:10:01  PLAN COMPLETO: 6/6
2026-09-18 05:20:01  PLAN COMPLETO: 6/6
2026-09-18 05:30:01  PLAN COMPLETO: 6/6
2026-09-18 05:40:01  PLAN COMPLETO: 6/6
2026-09-18 05:50:01  PLAN COMPLETO: 6/6
2026-09-18 06:00:01  PLAN COMPLETO: 6/6
2026-09-18 06:10:01  PLAN COMPLETO: 6/6
2026-09-18 06:20:01  PLAN COMPLETO: 6/6
2026-09-18 06:30:01  PLAN COMPLETO: 6/6
2026-09-18 06:40:01  PLAN COMPLETO: 6/6
2026-09-18 06:50:01  PLAN COMPLETO: 6/6
2026-09-18 07:00:01  PLAN COMPLETO: 6/6
2026-09-18 07:10:01  PLAN COMPLETO: 6/6
2026-09-18 07:20:01  PLAN COMPLETO: 6/6
2026-09-18 07:30:01  PLAN COMPLETO: 6/6
2026-09-18 07:40:01  PLAN COMPLETO: 6/6
2026-09-18 07:50:01  PLAN COMPLETO: 6/6
2026-09-18 08:00:01  PLAN COMPLETO: 6/6
2026-09-18 08:10:01  PLAN COMPLETO: 6/6
2026-09-18 08:20:01  PLAN COMPLETO: 6/6
2026-09-18 08:30:01  PLAN COMPLETO: 6/6
2026-09-18 08:40:01  PLAN COMPLETO: 6/6
2026-09-18 08:50:01  PLAN COMPLETO: 6/6
2026-09-18 09:00:01  PLAN COMPLETO: 6/6
2026-09-18 09:10:01  PLAN COMPLETO: 6/6
2026-09-18 09:20:01  PLAN COMPLETO: 6/6
2026-09-18 09:30:01  PLAN COMPLETO: 6/6
2026-09-18 09:40:01  PLAN COMPLETO: 6/6
2026-09-18 09:50:01  PLAN COMPLETO: 6/6
2026-09-18 10:00:01  PLAN COMPLETO: 6/6
2026-09-18 10:10:01  PLAN COMPLETO: 6/6
2026-09-18 10:20:01  PLAN COMPLETO: 6/6
2026-09-18 10:30:01  PLAN COMPLETO: 6/6
2026-09-18 10:40:01  PLAN COMPLETO: 6/6
2026-09-18 10:50:01  PLAN COMPLETO: 6/6
2026-09-18 11:00:01  PLAN COMPLETO: 6/6
2026-09-18 11:10:01  PLAN COMPLETO: 6/6
2026-09-18 11:20:01  PLAN COMPLETO: 6/6
2026-09-18 11:30:01  PLAN COMPLETO: 6/6
2026-09-18 11:40:01  PLAN COMPLETO: 6/6
2026-09-18 11:50:01  PLAN COMPLETO: 6/6
2026-09-18 12:00:01  PLAN COMPLETO: 6/6
2026-09-18 12:10:01  PLAN COMPLETO: 6/6
2026-09-18 12:20:01  PLAN COMPLETO: 6/6
2026-09-18 12:30:01  PLAN COMPLETO: 6/6
2026-09-18 12:40:01  PLAN COMPLETO: 6/6
2026-09-18 12:50:01  PLAN COMPLETO: 6/6
2026-09-18 13:00:01  PLAN COMPLETO: 6/6
2026-09-18 13:10:01  PLAN COMPLETO: 6/6
2026-09-18 13:20:01  PLAN COMPLETO: 6/6
2026-09-18 13:30:01  PLAN COMPLETO: 6/6
2026-09-18 13:40:01  PLAN COMPLETO: 6/6
2026-09-18 13:50:01  PLAN COMPLETO: 6/6
2026-09-18 14:00:01  PLAN COMPLETO: 6/6
2026-09-18 14:10:01  PLAN COMPLETO: 6/6
2026-09-18 14:20:01  PLAN COMPLETO: 6/6
2026-09-18 14:30:01  PLAN COMPLETO: 6/6
2026-09-18 14:40:01  PLAN COMPLETO: 6/6
2026-09-18 14:50:01  PLAN COMPLETO: 6/6
2026-09-18 15:00:01  PLAN COMPLETO: 6/6
2026-09-18 15:10:01  PLAN COMPLETO: 6/6
2026-09-18 15:20:01  PLAN COMPLETO: 6/6
2026-09-18 15:30:01  PLAN COMPLETO: 6/6
2026-09-18 15:40:01  PLAN COMPLETO: 6/6
2026-09-18 15:50:01  PLAN COMPLETO: 6/6
2026-09-18 16:00:01  PLAN COMPLETO: 6/6
2026-09-18 16:10:01  PLAN COMPLETO: 6/6
2026-09-18 16:20:01  PLAN COMPLETO: 6/6
2026-09-18 16:30:01  PLAN COMPLETO: 6/6
2026-09-18 16:40:01  PLAN COMPLETO: 6/6
2026-09-18 16:50:01  PLAN COMPLETO: 6/6
2026-09-18 17:00:01  PLAN COMPLETO: 6/6
2026-09-18 17:10:01  PLAN COMPLETO: 6/6
2026-09-18 17:20:01  PLAN COMPLETO: 6/6
2026-09-18 17:30:01  PLAN COMPLETO: 6/6
2026-09-18 17:40:01  PLAN COMPLETO: 6/6
2026-09-18 17:50:01  PLAN COMPLETO: 6/6
2026-09-18 18:00:01  PLAN COMPLETO: 6/6
2026-09-18 18:10:01  PLAN COMPLETO: 6/6
2026-09-18 18:20:01  PLAN COMPLETO: 6/6
2026-09-18 18:30:01  PLAN COMPLETO: 6/6
2026-09-18 18:40:01  PLAN COMPLETO: 6/6
2026-09-18 18:50:01  PLAN COMPLETO: 6/6
2026-09-18 19:00:01  PLAN COMPLETO: 6/6
2026-09-18 19:10:01  PLAN COMPLETO: 6/6
2026-09-18 19:20:01  PLAN COMPLETO: 6/6
2026-09-18 19:30:01  PLAN COMPLETO: 6/6
2026-09-18 19:40:01  PLAN COMPLETO: 6/6
2026-09-18 19:50:01  PLAN COMPLETO: 6/6
2026-09-18 20:00:01  PLAN COMPLETO: 6/6
2026-09-18 20:10:01  PLAN COMPLETO: 6/6
2026-09-18 20:20:01  PLAN COMPLETO: 6/6
2026-09-18 20:30:01  PLAN COMPLETO: 6/6
2026-09-18 20:40:01  PLAN COMPLETO: 6/6
2026-09-18 20:50:01  PLAN COMPLETO: 6/6
2026-09-18 21:00:01  PLAN COMPLETO: 6/6
2026-09-18 21:10:01  PLAN COMPLETO: 6/6
2026-09-18 21:20:01  PLAN COMPLETO: 6/6
2026-09-18 21:30:01  PLAN COMPLETO: 6/6
2026-09-18 21:40:01  PLAN COMPLETO: 6/6
2026-09-18 21:50:01  PLAN COMPLETO: 6/6
2026-09-18 22:00:01  PLAN COMPLETO: 6/6
2026-09-18 22:10:01  PLAN COMPLETO: 6/6
2026-09-18 22:20:01  PLAN COMPLETO: 6/6
2026-09-18 22:30:01  PLAN COMPLETO: 6/6
2026-09-18 22:40:01  PLAN COMPLETO: 6/6
2026-09-18 22:50:01  PLAN COMPLETO: 6/6
2026-09-18 23:00:01  PLAN COMPLETO: 6/6
2026-09-18 23:10:01  PLAN COMPLETO: 6/6
2026-09-18 23:20:01  PLAN COMPLETO: 6/6
2026-09-19 07:35:35  PLAN COMPLETO: 10/10
2026-09-19 07:40:01  PLAN COMPLETO: 10/10
2026-09-19 07:50:01  PLAN COMPLETO: 10/10
2026-09-19 08:00:01  PLAN COMPLETO: 10/10
2026-09-19 08:10:01  PLAN COMPLETO: 10/10
2026-09-19 08:20:01  PLAN COMPLETO: 10/10
2026-09-19 08:30:01  PLAN COMPLETO: 10/10
2026-09-19 08:40:01  PLAN COMPLETO: 10/10
2026-09-19 08:50:01  PLAN COMPLETO: 10/10
2026-09-19 09:00:01  PLAN COMPLETO: 10/10
2026-09-19 09:10:01  PLAN COMPLETO: 10/10
2026-09-19 09:20:01  PLAN COMPLETO: 10/10
2026-09-19 09:30:01  PLAN COMPLETO: 10/10
2026-09-19 09:40:01  PLAN COMPLETO: 10/10
2026-09-19 09:50:01  PLAN COMPLETO: 10/10
2026-09-19 10:00:01  PLAN COMPLETO: 10/10
2026-09-19 10:10:01  PLAN COMPLETO: 10/10
2026-09-19 10:20:01  PLAN COMPLETO: 10/10
2026-09-19 10:30:01  PLAN COMPLETO: 10/10
2026-09-19 10:40:01  PLAN COMPLETO: 10/10
2026-09-19 10:50:01  PLAN COMPLETO: 10/10
2026-09-19 11:00:01  PLAN COMPLETO: 10/10
2026-09-19 11:10:01  PLAN COMPLETO: 10/10
2026-09-19 11:20:01  PLAN COMPLETO: 10/10
2026-09-19 11:30:01  PLAN COMPLETO: 10/10
2026-09-19 11:40:01  PLAN COMPLETO: 10/10
2026-09-19 11:50:01  PLAN COMPLETO: 10/10
2026-09-19 12:00:01  PLAN COMPLETO: 10/10
2026-09-19 12:10:01  PLAN COMPLETO: 10/10
2026-09-19 12:20:01  PLAN COMPLETO: 10/10
2026-09-19 12:30:01  PLAN COMPLETO: 10/10
2026-09-19 12:40:01  PLAN COMPLETO: 10/10
2026-09-19 12:50:01  PLAN COMPLETO: 10/10
2026-09-19 13:00:01  PLAN COMPLETO: 10/10
2026-09-19 13:10:01  PLAN COMPLETO: 10/10
2026-09-19 13:20:01  PLAN COMPLETO: 10/10
2026-09-19 13:30:01  PLAN COMPLETO: 10/10
2026-09-19 18:42:24  PLAN COMPLETO: 12/12
2026-09-19 18:50:01  PLAN COMPLETO: 12/12
2026-09-19 19:00:01  PLAN COMPLETO: 12/12
2026-09-19 19:10:01  PLAN COMPLETO: 12/12
2026-09-19 19:20:02  PLAN COMPLETO: 12/12
2026-09-19 19:30:01  PLAN COMPLETO: 12/12
2026-09-19 19:40:01  PLAN COMPLETO: 12/12
2026-09-19 19:50:01  PLAN COMPLETO: 12/12
2026-09-19 20:00:01  PLAN COMPLETO: 12/12
2026-09-19 20:10:01  PLAN COMPLETO: 12/12
2026-09-19 20:20:01  PLAN COMPLETO: 12/12
2026-09-19 20:30:01  PLAN COMPLETO: 12/12
2026-09-19 20:40:01  PLAN COMPLETO: 12/12
2026-09-19 20:50:01  PLAN COMPLETO: 12/12
2026-09-19 21:00:01  PLAN COMPLETO: 12/12
2026-09-19 21:10:01  PLAN COMPLETO: 12/12
2026-09-19 21:20:01  PLAN COMPLETO: 12/12
2026-09-19 21:30:01  PLAN COMPLETO: 12/12
2026-09-19 21:40:01  PLAN COMPLETO: 12/12
2026-09-19 21:50:01  PLAN COMPLETO: 12/12
2026-09-19 22:00:01  PLAN COMPLETO: 12/12
2026-09-19 22:10:01  PLAN COMPLETO: 12/12
2026-09-19 22:20:01  PLAN COMPLETO: 12/12
2026-09-19 22:30:01  PLAN COMPLETO: 12/12
2026-09-20 00:45:18  PLAN COMPLETO: 14/14
2026-09-20 00:50:01  PLAN COMPLETO: 14/14
2026-09-20 01:00:01  PLAN COMPLETO: 14/14
2026-09-20 01:10:01  PLAN COMPLETO: 14/14
2026-09-20 01:20:01  PLAN COMPLETO: 14/14
2026-09-20 01:30:01  PLAN COMPLETO: 14/14
2026-09-20 01:40:01  PLAN COMPLETO: 14/14
2026-09-20 01:50:01  PLAN COMPLETO: 14/14
2026-09-20 02:00:01  PLAN COMPLETO: 14/14
